Archive member included to satisfy reference by file (symbol)

C:/riscv/xpack-riscv-none-elf-gcc-15.2.0-1/bin/../lib/gcc/riscv-none-elf/15.2.0\libgcc.a(_divdi3.o)
                              CMakeFiles/secure_iot.dir/C_/Users/panda/.pico-sdk/sdk/2.2.0/src/common/pico_time/time.c.obj (__divdi3)
C:/riscv/xpack-riscv-none-elf-gcc-15.2.0-1/bin/../lib/gcc/riscv-none-elf/15.2.0\libgcc.a(_moddi3.o)
                              CMakeFiles/secure_iot.dir/C_/Users/panda/.pico-sdk/sdk/2.2.0/src/common/pico_util/datetime.c.obj (__moddi3)
C:/riscv/xpack-riscv-none-elf-gcc-15.2.0-1/bin/../lib/gcc/riscv-none-elf/15.2.0\libgcc.a(_udivdi3.o)
                              CMakeFiles/secure_iot.dir/C_/Users/panda/.pico-sdk/sdk/2.2.0/src/rp2_common/hardware_clocks/clocks.c.obj (__udivdi3)
C:/riscv/xpack-riscv-none-elf-gcc-15.2.0-1/bin/../lib/gcc/riscv-none-elf/15.2.0\libgcc.a(_umoddi3.o)
                              CMakeFiles/secure_iot.dir/C_/Users/panda/.pico-sdk/sdk/2.2.0/src/rp2_common/pico_divider/divider_compiler.c.obj (__umoddi3)
C:/riscv/xpack-riscv-none-elf-gcc-15.2.0-1/bin/../lib/gcc/riscv-none-elf/15.2.0\libgcc.a(adddf3.o)
                              CMakeFiles/secure_iot.dir/C_/Users/panda/.pico-sdk/sdk/2.2.0/src/rp2_common/pico_printf/printf.c.obj (__adddf3)
C:/riscv/xpack-riscv-none-elf-gcc-15.2.0-1/bin/../lib/gcc/riscv-none-elf/15.2.0\libgcc.a(divdf3.o)
                              CMakeFiles/secure_iot.dir/C_/Users/panda/.pico-sdk/sdk/2.2.0/src/rp2_common/pico_printf/printf.c.obj (__divdf3)
C:/riscv/xpack-riscv-none-elf-gcc-15.2.0-1/bin/../lib/gcc/riscv-none-elf/15.2.0\libgcc.a(gedf2.o)
                              CMakeFiles/secure_iot.dir/C_/Users/panda/.pico-sdk/sdk/2.2.0/src/rp2_common/pico_printf/printf.c.obj (__gedf2)
C:/riscv/xpack-riscv-none-elf-gcc-15.2.0-1/bin/../lib/gcc/riscv-none-elf/15.2.0\libgcc.a(ledf2.o)
                              CMakeFiles/secure_iot.dir/C_/Users/panda/.pico-sdk/sdk/2.2.0/src/rp2_common/pico_printf/printf.c.obj (__ledf2)
C:/riscv/xpack-riscv-none-elf-gcc-15.2.0-1/bin/../lib/gcc/riscv-none-elf/15.2.0\libgcc.a(muldf3.o)
                              CMakeFiles/secure_iot.dir/C_/Users/panda/.pico-sdk/sdk/2.2.0/src/rp2_common/pico_printf/printf.c.obj (__muldf3)
C:/riscv/xpack-riscv-none-elf-gcc-15.2.0-1/bin/../lib/gcc/riscv-none-elf/15.2.0\libgcc.a(subdf3.o)
                              CMakeFiles/secure_iot.dir/C_/Users/panda/.pico-sdk/sdk/2.2.0/src/rp2_common/pico_printf/printf.c.obj (__subdf3)
C:/riscv/xpack-riscv-none-elf-gcc-15.2.0-1/bin/../lib/gcc/riscv-none-elf/15.2.0\libgcc.a(unorddf2.o)
                              CMakeFiles/secure_iot.dir/C_/Users/panda/.pico-sdk/sdk/2.2.0/src/rp2_common/pico_printf/printf.c.obj (__unorddf2)
C:/riscv/xpack-riscv-none-elf-gcc-15.2.0-1/bin/../lib/gcc/riscv-none-elf/15.2.0\libgcc.a(fixdfsi.o)
                              CMakeFiles/secure_iot.dir/C_/Users/panda/.pico-sdk/sdk/2.2.0/src/rp2_common/pico_printf/printf.c.obj (__fixdfsi)
C:/riscv/xpack-riscv-none-elf-gcc-15.2.0-1/bin/../lib/gcc/riscv-none-elf/15.2.0\libgcc.a(fixunsdfsi.o)
                              CMakeFiles/secure_iot.dir/C_/Users/panda/.pico-sdk/sdk/2.2.0/src/rp2_common/pico_printf/printf.c.obj (__fixunsdfsi)
C:/riscv/xpack-riscv-none-elf-gcc-15.2.0-1/bin/../lib/gcc/riscv-none-elf/15.2.0\libgcc.a(floatsidf.o)
                              CMakeFiles/secure_iot.dir/C_/Users/panda/.pico-sdk/sdk/2.2.0/src/rp2_common/pico_printf/printf.c.obj (__floatsidf)
C:/riscv/xpack-riscv-none-elf-gcc-15.2.0-1/bin/../lib/gcc/riscv-none-elf/15.2.0\libgcc.a(floatunsidf.o)
                              CMakeFiles/secure_iot.dir/C_/Users/panda/.pico-sdk/sdk/2.2.0/src/rp2_common/pico_printf/printf.c.obj (__floatunsidf)
C:/riscv/xpack-riscv-none-elf-gcc-15.2.0-1/bin/../lib/gcc/riscv-none-elf/15.2.0\libgcc.a(_clz.o)
                              C:/riscv/xpack-riscv-none-elf-gcc-15.2.0-1/bin/../lib/gcc/riscv-none-elf/15.2.0\libgcc.a(_divdi3.o) (__clz_tab)
C:/riscv/xpack-riscv-none-elf-gcc-15.2.0-1/bin/../lib/gcc/riscv-none-elf/15.2.0\libgcc.a(_clzsi2.o)
                              C:/riscv/xpack-riscv-none-elf-gcc-15.2.0-1/bin/../lib/gcc/riscv-none-elf/15.2.0\libgcc.a(adddf3.o) (__clzsi2)
C:/riscv/xpack-riscv-none-elf-gcc-15.2.0-1/bin/../lib/gcc/riscv-none-elf/15.2.0/../../../../riscv-none-elf/lib\libc.a(libc_a-atexit.o)
                              C:/riscv/xpack-riscv-none-elf-gcc-15.2.0-1/bin/../lib/gcc/riscv-none-elf/15.2.0/../../../../riscv-none-elf/lib/crt0.o (atexit)
C:/riscv/xpack-riscv-none-elf-gcc-15.2.0-1/bin/../lib/gcc/riscv-none-elf/15.2.0/../../../../riscv-none-elf/lib\libc.a(libc_a-calloc.o)
                              CMakeFiles/secure_iot.dir/C_/Users/panda/.pico-sdk/sdk/2.2.0/src/rp2_common/pico_malloc/malloc.c.obj (calloc)
C:/riscv/xpack-riscv-none-elf-gcc-15.2.0-1/bin/../lib/gcc/riscv-none-elf/15.2.0/../../../../riscv-none-elf/lib\libc.a(libc_a-callocr.o)
[...]
Memory Configuration

Name             Origin             Length             Attributes
FLASH            0x10000000         0x00400000         xr
RAM              0x20000000         0x00080000         xrw
SCRATCH_X        0x20080000         0x00001000         xrw
SCRATCH_Y        0x20081000         0x00001000         xrw
*default*        0x00000000         0xffffffff

Linker script and memory map

LOAD C:/riscv/xpack-riscv-none-elf-gcc-15.2.0-1/bin/../lib/gcc/riscv-none-elf/15.2.0/../../../../riscv-none-elf/lib/crt0.o
LOAD C:/riscv/xpack-riscv-none-elf-gcc-15.2.0-1/bin/../lib/gcc/riscv-none-elf/15.2.0/crtbegin.o

.flash_begin    0x10000000        0x0
                0x10000000                        __flash_binary_start = .

.text           0x10000000     0x7ee4
                0x10000000                        __logical_binary_start = .
 *(.vectors)
 *(.binary_info_header)
 .binary_info_header
                0x10000000       0x14 CMakeFiles/secure_iot.dir/C_/Users/panda/.pico-sdk/sdk/2.2.0/src/rp2_common/pico_crt0/crt0_riscv.S.obj
                0x10000014                        __binary_info_header_end = .
 *(.embedded_block)
 .embedded_block
                0x10000014       0x20 CMakeFiles/secure_iot.dir/C_/Users/panda/.pico-sdk/sdk/2.2.0/src/rp2_common/pico_crt0/crt0_riscv.S.obj
                0x10000034                        __embedded_block_end = .
 *(.reset)
 .reset         0x10000034       0xa6 CMakeFiles/secure_iot.dir/C_/Users/panda/.pico-sdk/sdk/2.2.0/src/rp2_common/pico_crt0/crt0_riscv.S.obj
                0x10000034                _entry_point
 *(.init)
 *libgcc.a:cmse_nonsecure_call.o()
 *(EXCLUDE_FILE(*libm.a: *libc.a:*lib_a-mem*.o *libgcc.a:) .text*)
 .text.frame_dummy
                0x100000da       0x20 C:/riscv/xpack-riscv-none-elf-gcc-15.2.0-1/bin/../lib/gcc/riscv-none-elf/15.2.0/crtbegin.o
 .text.kernel_crypto_engine
                0x100000fa       0x38 CMakeFiles/secure_iot.dir/main.c.obj
                0x100000fa                kernel_crypto_engine
 .text.machine_exception_handler
                0x10000132       0xe8 CMakeFiles/secure_iot.dir/main.c.obj
                0x10000132                machine_exception_handler
 .text.switch_to_user_mode
                0x1000021a       0x2e CMakeFiles/secure_iot.dir/main.c.obj
                0x1000021a                switch_to_user_mode
 .text.main     0x10000248       0x4e CMakeFiles/secure_iot.dir/main.c.obj
                0x10000248                main
 .text.syscall_encrypt_data
                0x10000296        0xa CMakeFiles/secure_iot.dir/main.c.obj
                0x10000296                syscall_encrypt_data
 .text.sandbox_main
                0x100002a0      0x116 CMakeFiles/secure_iot.dir/main.c.obj
                0x100002a0                sandbox_main
 .text.KeyExpansion
                0x100003b6      0x180 CMakeFiles/secure_iot.dir/crypto/aes.c.obj
 .text.AddRoundKey
                0x10000536       0x42 CMakeFiles/secure_iot.dir/crypto/aes.c.obj
 .text.SubBytes
                0x10000578       0x3e CMakeFiles/secure_iot.dir/crypto/aes.c.obj
 .text.ShiftRows
                0x100005b6       0x62 CMakeFiles/secure_iot.dir/crypto/aes.c.obj
 .text.xtime    0x10000618       0x18 CMakeFiles/secure_iot.dir/crypto/aes.c.obj
 .text.MixColumns
                0x10000630       0x9c CMakeFiles/secure_iot.dir/crypto/aes.c.obj
 .text.Cipher   0x100006cc       0x4e CMakeFiles/secure_iot.dir/crypto/aes.c.obj
 .text.AES_init_ctx
                0x1000071a        0xc CMakeFiles/secure_iot.dir/crypto/aes.c.obj
                0x1000071a                AES_init_ctx
 .text.AES_ECB_encrypt
                0x10000726       0x12 CMakeFiles/secure_iot.dir/crypto/aes.c.obj
                0x10000726                AES_ECB_encrypt
 .text.gpio_set_function
                0x10000738       0x30 CMakeFiles/secure_iot.dir/C_/Users/panda/.pico-sdk/sdk/2.2.0/src/rp2_common/hardware_gpio/gpio.c.obj
                0x10000738                gpio_set_function
 .text.panic    0x10000768       0x40 CMakeFiles/secure_iot.dir/C_/Users/panda/.pico-sdk/sdk/2.2.0/src/rp2_common/pico_platform_panic/panic.c.obj
                0x10000768                panic
 .text.hw_claim_lock
                0x100007a8       0x24 CMakeFiles/secure_iot.dir/C_/Users/panda/.pico-sdk/sdk/2.2.0/src/common/hardware_claim/claim.c.obj
                0x100007a8                hw_claim_lock
 .text.hw_claim_unlock
                0x100007cc       0x18 CMakeFiles/secure_iot.dir/C_/Users/panda/.pico-sdk/sdk/2.2.0/src/common/hardware_claim/claim.c.obj
                0x100007cc                hw_claim_unlock
 .text.hw_claim_or_assert
                0x100007e4       0x4a CMakeFiles/secure_iot.dir/C_/Users/panda/.pico-sdk/sdk/2.2.0/src/common/hardware_claim/claim.c.obj
                0x100007e4                hw_claim_or_assert
 .text.hw_claim_unused_from_range
                0x1000082e       0x6e CMakeFiles/secure_iot.dir/C_/Users/panda/.pico-sdk/sdk/2.2.0/src/common/hardware_claim/claim.c.obj
                0x1000082e                hw_claim_unused_from_range
 .text.next_striped_spin_lock_num
                0x1000089c       0x26 CMakeFiles/secure_iot.dir/C_/Users/panda/.pico-sdk/sdk/2.2.0/src/rp2_common/hardware_sync/sync.c.obj
                0x1000089c                next_striped_spin_lock_num
 .text.spin_lock_claim_unused
                0x100008c2       0x22 CMakeFiles/secure_iot.dir/C_/Users/panda/.pico-sdk/sdk/2.2.0/src/rp2_common/hardware_sync/sync.c.obj
                0x100008c2                spin_lock_claim_unused
 .text.spin_locks_reset
                0x100008e4       0x20 CMakeFiles/secure_iot.dir/C_/Users/panda/.pico-sdk/sdk/2.2.0/src/rp2_common/hardware_sync_spin_lock/sync_spin_lock.c.obj
                0x100008e4                spin_locks_reset
 .text.riscv_encode_imm_j
                0x10000904       0x2c CMakeFiles/secure_iot.dir/C_/Users/panda/.pico-sdk/sdk/2.2.0/src/rp2_common/hardware_irq/irq.c.obj
 .text.riscv_encode_imm_cj
                0x10000930       0x5e CMakeFiles/secure_iot.dir/C_/Users/panda/.pico-sdk/sdk/2.2.0/src/rp2_common/hardware_irq/irq.c.obj
 .text.resolve_j_16
                0x1000098e       0x4c CMakeFiles/secure_iot.dir/C_/Users/panda/.pico-sdk/sdk/2.2.0/src/rp2_common/hardware_irq/irq.c.obj
 .text.irq_set_mask_n_enabled_internal
                0x100009da       0x3e CMakeFiles/secure_iot.dir/C_/Users/panda/.pico-sdk/sdk/2.2.0/src/rp2_common/hardware_irq/irq.c.obj
 .text.set_raw_irq_handler_and_unlock
                0x10000a18       0x2c CMakeFiles/secure_iot.dir/C_/Users/panda/.pico-sdk/sdk/2.2.0/src/rp2_common/hardware_irq/irq.c.obj
 .text.make_jal_16
                0x10000a44       0x50 CMakeFiles/secure_iot.dir/C_/Users/panda/.pico-sdk/sdk/2.2.0/src/rp2_common/hardware_irq/irq.c.obj
 .text.make_j_16
                0x10000a94       0x14 CMakeFiles/secure_iot.dir/C_/Users/panda/.pico-sdk/sdk/2.2.0/src/rp2_common/hardware_irq/irq.c.obj
 .text.irq_is_enabled
                0x10000aa8       0x18 CMakeFiles/secure_iot.dir/C_/Users/panda/.pico-sdk/sdk/2.2.0/src/rp2_common/hardware_irq/irq.c.obj
                0x10000aa8                irq_is_enabled
 .text.irq_set_mask_n_enabled
                0x10000ac0        0xc CMakeFiles/secure_iot.dir/C_/Users/panda/.pico-sdk/sdk/2.2.0/src/rp2_common/hardware_irq/irq.c.obj
                0x10000ac0                irq_set_mask_n_enabled
 .text.irq_set_enabled
                0x10000acc       0x14 CMakeFiles/secure_iot.dir/C_/Users/panda/.pico-sdk/sdk/2.2.0/src/rp2_common/hardware_irq/irq.c.obj
                0x10000acc                irq_set_enabled
 .text.irq_set_pending
                0x10000ae0       0x14 CMakeFiles/secure_iot.dir/C_/Users/panda/.pico-sdk/sdk/2.2.0/src/rp2_common/hardware_irq/irq.c.obj
                0x10000ae0                irq_set_pending
 .text.irq_get_vtable_handler
                0x10000af4       0x12 CMakeFiles/secure_iot.dir/C_/Users/panda/.pico-sdk/sdk/2.2.0/src/rp2_common/hardware_irq/irq.c.obj
                0x10000af4                irq_get_vtable_handler
 .text.irq_has_shared_handler
                0x10000b06       0x1a CMakeFiles/secure_iot.dir/C_/Users/panda/.pico-sdk/sdk/2.2.0/src/rp2_common/hardware_irq/irq.c.obj
                0x10000b06                irq_has_shared_handler
 .text.irq_set_exclusive_handler
                0x10000b20       0x78 CMakeFiles/secure_iot.dir/C_/Users/panda/.pico-sdk/sdk/2.2.0/src/rp2_common/hardware_irq/irq.c.obj
                0x10000b20                irq_set_exclusive_handler
 .text.irq_add_shared_handler
                0x10000b98      0x2ec CMakeFiles/secure_iot.dir/C_/Users/panda/.pico-sdk/sdk/2.2.0/src/rp2_common/hardware_irq/irq.c.obj
                0x10000b98                irq_add_shared_handler
 .text.irq_remove_handler
                0x10000e84      0x298 CMakeFiles/secure_iot.dir/C_/Users/panda/.pico-sdk/sdk/2.2.0/src/rp2_common/hardware_irq/irq.c.obj
                0x10000e84                irq_remove_handler
 .text.irq_set_priority
                0x1000111c       0x2c CMakeFiles/secure_iot.dir/C_/Users/panda/.pico-sdk/sdk/2.2.0/src/rp2_common/hardware_irq/irq.c.obj
                0x1000111c                irq_set_priority
 .text.runtime_init_per_core_irq_priorities
                0x10001148       0x28 CMakeFiles/secure_iot.dir/C_/Users/panda/.pico-sdk/sdk/2.2.0/src/rp2_common/hardware_irq/irq.c.obj
                0x10001148                runtime_init_per_core_irq_priorities
 .text.irq_add_tail_to_free_list
                0x10001170      0x160 CMakeFiles/secure_iot.dir/C_/Users/panda/.pico-sdk/sdk/2.2.0/src/rp2_common/hardware_irq/irq.c.obj
                0x10001170                irq_add_tail_to_free_list
 .text.user_irq_claim_unused
                0x100012d0       0x30 CMakeFiles/secure_iot.dir/C_/Users/panda/.pico-sdk/sdk/2.2.0/src/rp2_common/hardware_irq/irq.c.obj
                0x100012d0                user_irq_claim_unused
 .text.lock_init
                0x10001300        0xe CMakeFiles/secure_iot.dir/C_/Users/panda/.pico-sdk/sdk/2.2.0/src/common/pico_sync/lock_core.c.obj
                0x10001300                lock_init
 .text.mutex_init
                0x1000130e       0x24 CMakeFiles/secure_iot.dir/C_/Users/panda/.pico-sdk/sdk/2.2.0/src/common/pico_sync/mutex.c.obj
                0x1000130e                mutex_init
 .text.recursive_mutex_init
                0x10001332       0x28 CMakeFiles/secure_iot.dir/C_/Users/panda/.pico-sdk/sdk/2.2.0/src/common/pico_sync/mutex.c.obj
                0x10001332                recursive_mutex_init
 .text.runtime_init_mutex
                0x1000135a       0x5a CMakeFiles/secure_iot.dir/C_/Users/panda/.pico-sdk/sdk/2.2.0/src/common/pico_sync/mutex.c.obj
                0x1000135a                runtime_init_mutex
 .text.critical_section_init_with_lock_num
                0x100013b4       0x12 CMakeFiles/secure_iot.dir/C_/Users/panda/.pico-sdk/sdk/2.2.0/src/common/pico_sync/critical_section.c.obj
                0x100013b4                critical_section_init_with_lock_num
 .text.critical_section_init
                0x100013c6       0x1c CMakeFiles/secure_iot.dir/C_/Users/panda/.pico-sdk/sdk/2.2.0/src/common/pico_sync/critical_section.c.obj
                0x100013c6                critical_section_init
 .text.ta_from_current_irq
                0x100013e2       0x36 CMakeFiles/secure_iot.dir/C_/Users/panda/.pico-sdk/sdk/2.2.0/src/common/pico_time/time.c.obj
 .text.ta_set_timeout
                0x10001418       0x2a CMakeFiles/secure_iot.dir/C_/Users/panda/.pico-sdk/sdk/2.2.0/src/common/pico_time/time.c.obj
 .text.make_alarm_id
                0x10001442        0x6 CMakeFiles/secure_iot.dir/C_/Users/panda/.pico-sdk/sdk/2.2.0/src/common/pico_time/time.c.obj
 .text.sleep_until_callback
                0x10001448       0x40 CMakeFiles/secure_iot.dir/C_/Users/panda/.pico-sdk/sdk/2.2.0/src/common/pico_time/time.c.obj
 .text.alarm_pool_irq_handler
                0x10001488      0x338 CMakeFiles/secure_iot.dir/C_/Users/panda/.pico-sdk/sdk/2.2.0/src/common/pico_time/time.c.obj
 .text.ta_enable_irq_handler
                0x100017c0       0x4a CMakeFiles/secure_iot.dir/C_/Users/panda/.pico-sdk/sdk/2.2.0/src/common/pico_time/time.c.obj
 .text.alarm_pool_post_alloc_init
                0x1000180a       0xa4 CMakeFiles/secure_iot.dir/C_/Users/panda/.pico-sdk/sdk/2.2.0/src/common/pico_time/time.c.obj
 .text.alarm_pool_get_default
                0x100018ae       0x3a CMakeFiles/secure_iot.dir/C_/Users/panda/.pico-sdk/sdk/2.2.0/src/common/pico_time/time.c.obj
                0x100018ae                alarm_pool_get_default
 .text.alarm_pool_add_alarm_at_force_in_context
                0x100018e8       0xde CMakeFiles/secure_iot.dir/C_/Users/panda/.pico-sdk/sdk/2.2.0/src/common/pico_time/time.c.obj
                0x100018e8                alarm_pool_add_alarm_at_force_in_context
 .text.alarm_pool_add_alarm_at
                0x100019c6       0x4e CMakeFiles/secure_iot.dir/C_/Users/panda/.pico-sdk/sdk/2.2.0/src/common/pico_time/time.c.obj
                0x100019c6                alarm_pool_add_alarm_at
 .text.add_alarm_at
                0x10001a14       0x36 CMakeFiles/secure_iot.dir/C_/Users/panda/.pico-sdk/sdk/2.2.0/src/common/pico_time/time.c.obj
 .text.alarm_pool_cancel_alarm
                0x10001a4a       0x8a CMakeFiles/secure_iot.dir/C_/Users/panda/.pico-sdk/sdk/2.2.0/src/common/pico_time/time.c.obj
                0x10001a4a                alarm_pool_cancel_alarm
 .text.cancel_alarm
                0x10001ad4       0x16 CMakeFiles/secure_iot.dir/C_/Users/panda/.pico-sdk/sdk/2.2.0/src/common/pico_time/time.c.obj
 .text.alarm_pool_core_num
                0x10001aea        0x6 CMakeFiles/secure_iot.dir/C_/Users/panda/.pico-sdk/sdk/2.2.0/src/common/pico_time/time.c.obj
                0x10001aea                alarm_pool_core_num
 .text.sleep_until
                0x10001af0       0xde CMakeFiles/secure_iot.dir/C_/Users/panda/.pico-sdk/sdk/2.2.0/src/common/pico_time/time.c.obj
                0x10001af0                sleep_until
 .text.sleep_us
                0x10001bce       0x32 CMakeFiles/secure_iot.dir/C_/Users/panda/.pico-sdk/sdk/2.2.0/src/common/pico_time/time.c.obj
                0x10001bce                sleep_us
 .text.sleep_ms
                0x10001c00       0x18 CMakeFiles/secure_iot.dir/C_/Users/panda/.pico-sdk/sdk/2.2.0/src/common/pico_time/time.c.obj
                0x10001c00                sleep_ms
 .text.best_effort_wfe_or_timeout
                0x10001c18      0x168 CMakeFiles/secure_iot.dir/C_/Users/panda/.pico-sdk/sdk/2.2.0/src/common/pico_time/time.c.obj
                0x10001c18                best_effort_wfe_or_timeout
 .text.alarm_pool_get_default_timer
                0x10001d80        0x6 CMakeFiles/secure_iot.dir/C_/Users/panda/.pico-sdk/sdk/2.2.0/src/common/pico_time/time.c.obj
                0x10001d80                alarm_pool_get_default_timer
 .text.runtime_init_default_alarm_pool
                0x10001d86       0x44 CMakeFiles/secure_iot.dir/C_/Users/panda/.pico-sdk/sdk/2.2.0/src/common/pico_time/time.c.obj
                0x10001d86                runtime_init_default_alarm_pool
 .text.timer_hardware_alarm_claim
                0x10001dca       0x26 CMakeFiles/secure_iot.dir/C_/Users/panda/.pico-sdk/sdk/2.2.0/src/rp2_common/hardware_timer/timer.c.obj
                0x10001dca                timer_hardware_alarm_claim
 .text.timer_time_us_64
                0x10001df0       0x10 CMakeFiles/secure_iot.dir/C_/Users/panda/.pico-sdk/sdk/2.2.0/src/rp2_common/hardware_timer/timer.c.obj
                0x10001df0                timer_time_us_64
 .text.timer_busy_wait_until
                0x10001e00       0x1a CMakeFiles/secure_iot.dir/C_/Users/panda/.pico-sdk/sdk/2.2.0/src/rp2_common/hardware_timer/timer.c.obj
                0x10001e00                timer_busy_wait_until
 .text.timer_busy_wait_us
                0x10001e1a       0x42 CMakeFiles/secure_iot.dir/C_/Users/panda/.pico-sdk/sdk/2.2.0/src/rp2_common/hardware_timer/timer.c.obj
                0x10001e1a                timer_busy_wait_us
 .text.time_us_64
                0x10001e5c       0x10 CMakeFiles/secure_iot.dir/C_/Users/panda/.pico-sdk/sdk/2.2.0/src/rp2_common/hardware_timer/timer.c.obj
                0x10001e5c                time_us_64
 .text.busy_wait_us
                0x10001e6c       0x14 CMakeFiles/secure_iot.dir/C_/Users/panda/.pico-sdk/sdk/2.2.0/src/rp2_common/hardware_timer/timer.c.obj
                0x10001e6c                busy_wait_us
 .text.busy_wait_until
                0x10001e80       0x14 CMakeFiles/secure_iot.dir/C_/Users/panda/.pico-sdk/sdk/2.2.0/src/rp2_common/hardware_timer/timer.c.obj
                0x10001e80                busy_wait_until
 .text.uart_unreset
                0x10001e94       0x26 CMakeFiles/secure_iot.dir/C_/Users/panda/.pico-sdk/sdk/2.2.0/src/rp2_common/hardware_uart/uart.c.obj
 .text.uart_disable_before_lcr_write
                0x10001eba       0x52 CMakeFiles/secure_iot.dir/C_/Users/panda/.pico-sdk/sdk/2.2.0/src/rp2_common/hardware_uart/uart.c.obj
 .text.uart_write_lcr_bits_masked
                0x10001f0c       0x34 CMakeFiles/secure_iot.dir/C_/Users/panda/.pico-sdk/sdk/2.2.0/src/rp2_common/hardware_uart/uart.c.obj
 .text.uart_set_baudrate
                0x10001f40       0x68 CMakeFiles/secure_iot.dir/C_/Users/panda/.pico-sdk/sdk/2.2.0/src/rp2_common/hardware_uart/uart.c.obj
                0x10001f40                uart_set_baudrate
 .text.uart_set_translate_crlf
                0x10001fa8       0x22 CMakeFiles/secure_iot.dir/C_/Users/panda/.pico-sdk/sdk/2.2.0/src/rp2_common/hardware_uart/uart.c.obj
                0x10001fa8                uart_set_translate_crlf
 .text.uart_init
                0x10001fca       0x62 CMakeFiles/secure_iot.dir/C_/Users/panda/.pico-sdk/sdk/2.2.0/src/rp2_common/hardware_uart/uart.c.obj
                0x10001fca                uart_init
 *fill*         0x1000202c        0x0 
 .text.clock_configure_internal
                0x1000202c       0xc8 CMakeFiles/secure_iot.dir/C_/Users/panda/.pico-sdk/sdk/2.2.0/src/rp2_common/hardware_clocks/clocks.c.obj
 .text.clock_configure_undivided
                0x100020f4        0xe CMakeFiles/secure_iot.dir/C_/Users/panda/.pico-sdk/sdk/2.2.0/src/rp2_common/hardware_clocks/clocks.c.obj
                0x100020f4                clock_configure_undivided
 .text.clock_get_hz
                0x10002102       0x10 CMakeFiles/secure_iot.dir/C_/Users/panda/.pico-sdk/sdk/2.2.0/src/rp2_common/hardware_clocks/clocks.c.obj
                0x10002102                clock_get_hz
 .text.pll_init
                0x10002112      0x148 CMakeFiles/secure_iot.dir/C_/Users/panda/.pico-sdk/sdk/2.2.0/src/rp2_common/hardware_pll/pll.c.obj
                0x10002112                pll_init
 .text.watchdog_update
                0x1000225a        0xc CMakeFiles/secure_iot.dir/C_/Users/panda/.pico-sdk/sdk/2.2.0/src/rp2_common/hardware_watchdog/watchdog.c.obj
                0x1000225a                watchdog_update
 .text._watchdog_enable
                0x10002266       0x72 CMakeFiles/secure_iot.dir/C_/Users/panda/.pico-sdk/sdk/2.2.0/src/rp2_common/hardware_watchdog/watchdog.c.obj
                0x10002266                _watchdog_enable
 .text.watchdog_reboot
                0x100022d8       0x46 CMakeFiles/secure_iot.dir/C_/Users/panda/.pico-sdk/sdk/2.2.0/src/rp2_common/hardware_watchdog/watchdog.c.obj
                0x100022d8                watchdog_reboot
 .text.tick_start
                0x1000231e       0x16 CMakeFiles/secure_iot.dir/C_/Users/panda/.pico-sdk/sdk/2.2.0/src/rp2_common/hardware_ticks/ticks.c.obj
                0x1000231e                tick_start
 .text.rom_reboot
                0x10002334       0x3e CMakeFiles/secure_iot.dir/C_/Users/panda/.pico-sdk/sdk/2.2.0/src/rp2_common/pico_bootrom/bootrom.c.obj
 .text.rom_func_lookup
                0x10002372       0x14 CMakeFiles/secure_iot.dir/C_/Users/panda/.pico-sdk/sdk/2.2.0/src/rp2_common/pico_bootrom/bootrom.c.obj
                0x10002372                rom_func_lookup
 .text.rom_reset_usb_boot_extra
                0x10002386       0x22 CMakeFiles/secure_iot.dir/C_/Users/panda/.pico-sdk/sdk/2.2.0/src/rp2_common/pico_bootrom/bootrom.c.obj
                0x10002386                rom_reset_usb_boot_extra
 .text.runtime_init_bootrom_locking_enable
                0x100023a8       0x10 CMakeFiles/secure_iot.dir/C_/Users/panda/.pico-sdk/sdk/2.2.0/src/rp2_common/pico_bootrom/bootrom_lock.c.obj
                0x100023a8                runtime_init_bootrom_locking_enable
 .text.boot_locks_reset
                0x100023b8       0x22 CMakeFiles/secure_iot.dir/C_/Users/panda/.pico-sdk/sdk/2.2.0/src/rp2_common/hardware_boot_lock/boot_lock.c.obj
                0x100023b8                boot_locks_reset
 .text.runtime_init_boot_locks_reset
                0x100023da        0xc CMakeFiles/secure_iot.dir/C_/Users/panda/.pico-sdk/sdk/2.2.0/src/rp2_common/hardware_boot_lock/boot_lock.c.obj
                0x100023da                runtime_init_boot_locks_reset
 .text.xosc_init
                0x100023e6       0x28 CMakeFiles/secure_iot.dir/C_/Users/panda/.pico-sdk/sdk/2.2.0/src/rp2_common/hardware_xosc/xosc.c.obj
                0x100023e6                xosc_init
 .text.runtime_run_initializers_from
                0x1000240e       0x24 CMakeFiles/secure_iot.dir/C_/Users/panda/.pico-sdk/sdk/2.2.0/src/rp2_common/pico_runtime/runtime.c.obj
 .text.first_per_core_initializer
                0x10002432        0x2 CMakeFiles/secure_iot.dir/C_/Users/panda/.pico-sdk/sdk/2.2.0/src/rp2_common/pico_runtime/runtime.c.obj
 .text.runtime_run_initializers
                0x10002434       0x14 CMakeFiles/secure_iot.dir/C_/Users/panda/.pico-sdk/sdk/2.2.0/src/rp2_common/pico_runtime/runtime.c.obj
                0x10002434                runtime_run_initializers
 .text.runtime_init_early_resets
                0x10002448       0x2e CMakeFiles/secure_iot.dir/C_/Users/panda/.pico-sdk/sdk/2.2.0/src/rp2_common/pico_runtime_init/runtime_init.c.obj
                0x10002448                runtime_init_early_resets
 .text.runtime_init_usb_power_down
                0x10002476       0x1a CMakeFiles/secure_iot.dir/C_/Users/panda/.pico-sdk/sdk/2.2.0/src/rp2_common/pico_runtime_init/runtime_init.c.obj
                0x10002476                runtime_init_usb_power_down
 .text.runtime_init_post_clock_resets
                0x10002490       0x20 CMakeFiles/secure_iot.dir/C_/Users/panda/.pico-sdk/sdk/2.2.0/src/rp2_common/pico_runtime_init/runtime_init.c.obj
                0x10002490                runtime_init_post_clock_resets
 .text.runtime_init_bootrom_reset
                0x100024b0       0x18 CMakeFiles/secure_iot.dir/C_/Users/panda/.pico-sdk/sdk/2.2.0/src/rp2_common/pico_runtime_init/runtime_init.c.obj
                0x100024b0                runtime_init_bootrom_reset
 .text.runtime_init_per_core_bootrom_reset
                0x100024c8       0x18 CMakeFiles/secure_iot.dir/C_/Users/panda/.pico-sdk/sdk/2.2.0/src/rp2_common/pico_runtime_init/runtime_init.c.obj
                0x100024c8                runtime_init_per_core_bootrom_reset
 .text.runtime_init_spin_locks_reset
                0x100024e0        0xe CMakeFiles/secure_iot.dir/C_/Users/panda/.pico-sdk/sdk/2.2.0/src/rp2_common/pico_runtime_init/runtime_init.c.obj
                0x100024e0                runtime_init_spin_locks_reset
 .text.start_all_ticks
                0x100024ee       0x36 CMakeFiles/secure_iot.dir/C_/Users/panda/.pico-sdk/sdk/2.2.0/src/rp2_common/pico_runtime_init/runtime_init_clocks.c.obj
 .text.runtime_init_clocks
                0x10002524       0xd2 CMakeFiles/secure_iot.dir/C_/Users/panda/.pico-sdk/sdk/2.2.0/src/rp2_common/pico_runtime_init/runtime_init_clocks.c.obj
                0x10002524                runtime_init_clocks
 .text._out_buffer
                0x100025f6        0xc CMakeFiles/secure_iot.dir/C_/Users/panda/.pico-sdk/sdk/2.2.0/src/rp2_common/pico_printf/printf.c.obj
 .text._out_null
                0x10002602        0x2 CMakeFiles/secure_iot.dir/C_/Users/panda/.pico-sdk/sdk/2.2.0/src/rp2_common/pico_printf/printf.c.obj
 .text._out_fct
                0x10002604       0x14 CMakeFiles/secure_iot.dir/C_/Users/panda/.pico-sdk/sdk/2.2.0/src/rp2_common/pico_printf/printf.c.obj
 .text._atoi    0x10002618       0x32 CMakeFiles/secure_iot.dir/C_/Users/panda/.pico-sdk/sdk/2.2.0/src/rp2_common/pico_printf/printf.c.obj
 .text._out_rev
                0x1000264a       0xa4 CMakeFiles/secure_iot.dir/C_/Users/panda/.pico-sdk/sdk/2.2.0/src/rp2_common/pico_printf/printf.c.obj
 .text._ntoa_format
                0x100026ee      0x17e CMakeFiles/secure_iot.dir/C_/Users/panda/.pico-sdk/sdk/2.2.0/src/rp2_common/pico_printf/printf.c.obj
 .text._ntoa_long
                0x1000286c       0x8e CMakeFiles/secure_iot.dir/C_/Users/panda/.pico-sdk/sdk/2.2.0/src/rp2_common/pico_printf/printf.c.obj
 .text._ntoa_long_long
                0x100028fa      0x10a CMakeFiles/secure_iot.dir/C_/Users/panda/.pico-sdk/sdk/2.2.0/src/rp2_common/pico_printf/printf.c.obj
 .text._etoa    0x10002a04      0x4cc CMakeFiles/secure_iot.dir/C_/Users/panda/.pico-sdk/sdk/2.2.0/src/rp2_common/pico_printf/printf.c.obj
 .text._ftoa    0x10002ed0      0x454 CMakeFiles/secure_iot.dir/C_/Users/panda/.pico-sdk/sdk/2.2.0/src/rp2_common/pico_printf/printf.c.obj
 .text._vsnprintf
                0x10003324      0x6f8 CMakeFiles/secure_iot.dir/C_/Users/panda/.pico-sdk/sdk/2.2.0/src/rp2_common/pico_printf/printf.c.obj
 .text.__wrap_sprintf
                0x10003a1c       0x2c CMakeFiles/secure_iot.dir/C_/Users/panda/.pico-sdk/sdk/2.2.0/src/rp2_common/pico_printf/printf.c.obj
                0x10003a1c                __wrap_sprintf
 .text.vfctprintf
                0x10003a48       0x22 CMakeFiles/secure_iot.dir/C_/Users/panda/.pico-sdk/sdk/2.2.0/src/rp2_common/pico_printf/printf.c.obj
                0x10003a48                vfctprintf
 .text          0x10003a6a       0x20 CMakeFiles/secure_iot.dir/C_/Users/panda/.pico-sdk/sdk/2.2.0/src/rp2_common/pico_crt0/crt0_riscv.S.obj
                0x10003a6a                runtime_init_per_core_h3_irq_registers
 .text._exit    0x10003a8a        0x4 CMakeFiles/secure_iot.dir/C_/Users/panda/.pico-sdk/sdk/2.2.0/src/rp2_common/pico_clib_interface/newlib_interface.c.obj
                0x10003a8a                _exit
 .text.exit     0x10003a8e        0x6 CMakeFiles/secure_iot.dir/C_/Users/panda/.pico-sdk/sdk/2.2.0/src/rp2_common/pico_clib_interface/newlib_interface.c.obj
                0x10003a8e                exit
 .text.__assert_func
                0x10003a94       0x32 CMakeFiles/secure_iot.dir/C_/Users/panda/.pico-sdk/sdk/2.2.0/src/rp2_common/pico_clib_interface/newlib_interface.c.obj
                0x10003a94                __assert_func
 .text.runtime_init
                0x10003ac6       0x3c CMakeFiles/secure_iot.dir/C_/Users/panda/.pico-sdk/sdk/2.2.0/src/rp2_common/pico_clib_interface/newlib_interface.c.obj
                0x10003ac6                runtime_init
 .text.stdio_out_chars_no_crlf
                0x10003b02       0x14 CMakeFiles/secure_iot.dir/C_/Users/panda/.pico-sdk/sdk/2.2.0/src/rp2_common/pico_stdio/stdio.c.obj
 .text.stdio_out_chars_crlf
                0x10003b16       0xb6 CMakeFiles/secure_iot.dir/C_/Users/panda/.pico-sdk/sdk/2.2.0/src/rp2_common/pico_stdio/stdio.c.obj
 .text.stdio_stack_buffer_flush
                0x10003bcc       0x42 CMakeFiles/secure_iot.dir/C_/Users/panda/.pico-sdk/sdk/2.2.0/src/rp2_common/pico_stdio/stdio.c.obj
 .text.stdio_buffered_printer
                0x10003c0e       0x34 CMakeFiles/secure_iot.dir/C_/Users/panda/.pico-sdk/sdk/2.2.0/src/rp2_common/pico_stdio/stdio.c.obj
 .text.stdout_serialize_begin
                0x10003c42       0x3e CMakeFiles/secure_iot.dir/C_/Users/panda/.pico-sdk/sdk/2.2.0/src/rp2_common/pico_stdio/stdio.c.obj
                0x10003c42                stdout_serialize_begin
 .text.stdout_serialize_end
                0x10003c80       0x1a CMakeFiles/secure_iot.dir/C_/Users/panda/.pico-sdk/sdk/2.2.0/src/rp2_common/pico_stdio/stdio.c.obj
                0x10003c80                stdout_serialize_end
 .text.stdio_put_string
                0x10003c9a       0x92 CMakeFiles/secure_iot.dir/C_/Users/panda/.pico-sdk/sdk/2.2.0/src/rp2_common/pico_stdio/stdio.c.obj
                0x10003c9a                stdio_put_string
 .text.stdio_set_driver_enabled
                0x10003d2c       0x2a CMakeFiles/secure_iot.dir/C_/Users/panda/.pico-sdk/sdk/2.2.0/src/rp2_common/pico_stdio/stdio.c.obj
                0x10003d2c                stdio_set_driver_enabled
 .text.stdio_flush
                0x10003d56       0x20 CMakeFiles/secure_iot.dir/C_/Users/panda/.pico-sdk/sdk/2.2.0/src/rp2_common/pico_stdio/stdio.c.obj
                0x10003d56                stdio_flush
 .text.stdio_init_all
                0x10003d76       0x12 CMakeFiles/secure_iot.dir/C_/Users/panda/.pico-sdk/sdk/2.2.0/src/rp2_common/pico_stdio/stdio.c.obj
                0x10003d76                stdio_init_all
 .text.__wrap_putchar
                0x10003d88       0x22 CMakeFiles/secure_iot.dir/C_/Users/panda/.pico-sdk/sdk/2.2.0/src/rp2_common/pico_stdio/stdio.c.obj
                0x10003d88                __wrap_putchar
                0x10003d88                stdio_putchar
 .text.__wrap_puts
                0x10003daa       0x28 CMakeFiles/secure_iot.dir/C_/Users/panda/.pico-sdk/sdk/2.2.0/src/rp2_common/pico_stdio/stdio.c.obj
                0x10003daa                stdio_puts
                0x10003daa                __wrap_puts
 .text.__wrap_vprintf
                0x10003dd2       0x48 CMakeFiles/secure_iot.dir/C_/Users/panda/.pico-sdk/sdk/2.2.0/src/rp2_common/pico_stdio/stdio.c.obj
                0x10003dd2                stdio_vprintf
                0x10003dd2                __wrap_vprintf
 .text.__wrap_printf
                0x10003e1a       0x1e CMakeFiles/secure_iot.dir/C_/Users/panda/.pico-sdk/sdk/2.2.0/src/rp2_common/pico_stdio/stdio.c.obj
                0x10003e1a                __wrap_printf
                0x10003e1a                stdio_printf
 .text.uart_putc
                0x10003e38       0x62 CMakeFiles/secure_iot.dir/C_/Users/panda/.pico-sdk/sdk/2.2.0/src/rp2_common/pico_stdio_uart/stdio_uart.c.obj
 .text.uart_getc
                0x10003e9a       0x24 CMakeFiles/secure_iot.dir/C_/Users/panda/.pico-sdk/sdk/2.2.0/src/rp2_common/pico_stdio_uart/stdio_uart.c.obj
 .text.stdio_uart_out_chars
                0x10003ebe       0x32 CMakeFiles/secure_iot.dir/C_/Users/panda/.pico-sdk/sdk/2.2.0/src/rp2_common/pico_stdio_uart/stdio_uart.c.obj
 .text.stdio_uart_in_chars
                0x10003ef0       0x66 CMakeFiles/secure_iot.dir/C_/Users/panda/.pico-sdk/sdk/2.2.0/src/rp2_common/pico_stdio_uart/stdio_uart.c.obj
                0x10003ef0                stdio_uart_in_chars
 .text.on_uart_rx
                0x10003f56       0x20 CMakeFiles/secure_iot.dir/C_/Users/panda/.pico-sdk/sdk/2.2.0/src/rp2_common/pico_stdio_uart/stdio_uart.c.obj
 .text.stdio_uart_out_flush
                0x10003f76        0xc CMakeFiles/secure_iot.dir/C_/Users/panda/.pico-sdk/sdk/2.2.0/src/rp2_common/pico_stdio_uart/stdio_uart.c.obj
 .text.stdio_uart_set_chars_available_callback
                0x10003f82       0x9c CMakeFiles/secure_iot.dir/C_/Users/panda/.pico-sdk/sdk/2.2.0/src/rp2_common/pico_stdio_uart/stdio_uart.c.obj
 .text.stdio_uart_init_full
                0x1000401e       0x5e CMakeFiles/secure_iot.dir/C_/Users/panda/.pico-sdk/sdk/2.2.0/src/rp2_common/pico_stdio_uart/stdio_uart.c.obj
                0x1000401e                stdio_uart_init_full
 .text.stdio_uart_init
                0x1000407c       0x32 CMakeFiles/secure_iot.dir/C_/Users/panda/.pico-sdk/sdk/2.2.0/src/rp2_common/pico_stdio_uart/stdio_uart.c.obj
                0x1000407c                stdio_uart_init
 .text.resetd_init
                0x100040ae        0x2 CMakeFiles/secure_iot.dir/C_/Users/panda/.pico-sdk/sdk/2.2.0/src/rp2_common/pico_stdio_usb/reset_interface.c.obj
 .text.resetd_reset
                0x100040b0        0x6 CMakeFiles/secure_iot.dir/C_/Users/panda/.pico-sdk/sdk/2.2.0/src/rp2_common/pico_stdio_usb/reset_interface.c.obj
 .text.resetd_open
                0x100040b6       0x3e CMakeFiles/secure_iot.dir/C_/Users/panda/.pico-sdk/sdk/2.2.0/src/rp2_common/pico_stdio_usb/reset_interface.c.obj
 .text.resetd_xfer_cb
                0x100040f4        0x4 CMakeFiles/secure_iot.dir/C_/Users/panda/.pico-sdk/sdk/2.2.0/src/rp2_common/pico_stdio_usb/reset_interface.c.obj
 .text.resetd_control_xfer_cb
                0x100040f8       0x72 CMakeFiles/secure_iot.dir/C_/Users/panda/.pico-sdk/sdk/2.2.0/src/rp2_common/pico_stdio_usb/reset_interface.c.obj
 .text.tud_descriptor_bos_cb
                0x1000416a        0xa CMakeFiles/secure_iot.dir/C_/Users/panda/.pico-sdk/sdk/2.2.0/src/rp2_common/pico_stdio_usb/reset_interface.c.obj
                0x1000416a                tud_descriptor_bos_cb
 .text.tud_vendor_control_xfer_cb
                0x10004174       0x4a CMakeFiles/secure_iot.dir/C_/Users/panda/.pico-sdk/sdk/2.2.0/src/rp2_common/pico_stdio_usb/reset_interface.c.obj
                0x10004174                tud_vendor_control_xfer_cb
 .text.usbd_app_driver_get_cb
                0x100041be       0x10 CMakeFiles/secure_iot.dir/C_/Users/panda/.pico-sdk/sdk/2.2.0/src/rp2_common/pico_stdio_usb/reset_interface.c.obj
                0x100041be                usbd_app_driver_get_cb
 .text.tud_cdc_line_coding_cb
                0x100041ce       0x34 CMakeFiles/secure_iot.dir/C_/Users/panda/.pico-sdk/sdk/2.2.0/src/rp2_common/pico_stdio_usb/reset_interface.c.obj
                0x100041ce                tud_cdc_line_coding_cb
 .text.stdio_usb_set_chars_available_callback
                0x10004202        0xa CMakeFiles/secure_iot.dir/C_/Users/panda/.pico-sdk/sdk/2.2.0/src/rp2_common/pico_stdio_usb/stdio_usb.c.obj
                0x10004202                stdio_usb_set_chars_available_callback
 .text.stdio_usb_out_flush
                0x1000420c       0x58 CMakeFiles/secure_iot.dir/C_/Users/panda/.pico-sdk/sdk/2.2.0/src/rp2_common/pico_stdio_usb/stdio_usb.c.obj
 .text.usb_irq  0x10004264       0x12 CMakeFiles/secure_iot.dir/C_/Users/panda/.pico-sdk/sdk/2.2.0/src/rp2_common/pico_stdio_usb/stdio_usb.c.obj
 .text.timer_task
                0x10004276       0x74 CMakeFiles/secure_iot.dir/C_/Users/panda/.pico-sdk/sdk/2.2.0/src/rp2_common/pico_stdio_usb/stdio_usb.c.obj
 .text.alarm_pool_add_alarm_in_us
                0x100042ea       0x5e CMakeFiles/secure_iot.dir/C_/Users/panda/.pico-sdk/sdk/2.2.0/src/rp2_common/pico_stdio_usb/stdio_usb.c.obj
 .text.add_alarm_in_us
                0x10004348       0x38 CMakeFiles/secure_iot.dir/C_/Users/panda/.pico-sdk/sdk/2.2.0/src/rp2_common/pico_stdio_usb/stdio_usb.c.obj
 .text.low_priority_worker_irq
                0x10004380       0xac CMakeFiles/secure_iot.dir/C_/Users/panda/.pico-sdk/sdk/2.2.0/src/rp2_common/pico_stdio_usb/stdio_usb.c.obj
 .text.stdio_usb_init
                0x1000442c       0xec CMakeFiles/secure_iot.dir/C_/Users/panda/.pico-sdk/sdk/2.2.0/src/rp2_common/pico_stdio_usb/stdio_usb.c.obj
                0x1000442c                stdio_usb_init
 .text.stdio_usb_connected
                0x10004518       0x10 CMakeFiles/secure_iot.dir/C_/Users/panda/.pico-sdk/sdk/2.2.0/src/rp2_common/pico_stdio_usb/stdio_usb.c.obj
                0x10004518                stdio_usb_connected
 .text.stdio_usb_in_chars
                0x10004528       0xa0 CMakeFiles/secure_iot.dir/C_/Users/panda/.pico-sdk/sdk/2.2.0/src/rp2_common/pico_stdio_usb/stdio_usb.c.obj
                0x10004528                stdio_usb_in_chars
 .text.stdio_usb_out_chars
                0x100045c8      0x10a CMakeFiles/secure_iot.dir/C_/Users/panda/.pico-sdk/sdk/2.2.0/src/rp2_common/pico_stdio_usb/stdio_usb.c.obj
 .text.tud_descriptor_device_cb
                0x100046d2        0xa CMakeFiles/secure_iot.dir/C_/Users/panda/.pico-sdk/sdk/2.2.0/src/rp2_common/pico_stdio_usb/stdio_usb_descriptors.c.obj
                0x100046d2                tud_descriptor_device_cb
 .text.tud_descriptor_configuration_cb
                0x100046dc        0xa CMakeFiles/secure_iot.dir/C_/Users/panda/.pico-sdk/sdk/2.2.0/src/rp2_common/pico_stdio_usb/stdio_usb_descriptors.c.obj
                0x100046dc                tud_descriptor_configuration_cb
 .text.tud_descriptor_string_cb
                0x100046e6       0x96 CMakeFiles/secure_iot.dir/C_/Users/panda/.pico-sdk/sdk/2.2.0/src/rp2_common/pico_stdio_usb/stdio_usb_descriptors.c.obj
                0x100046e6                tud_descriptor_string_cb
 .text._retrieve_unique_id_on_boot
                0x1000477c       0x68 CMakeFiles/secure_iot.dir/C_/Users/panda/.pico-sdk/sdk/2.2.0/src/rp2_common/pico_unique_id/unique_id.c.obj
 .text.pico_get_unique_board_id_string
                0x100047e4       0x76 CMakeFiles/secure_iot.dir/C_/Users/panda/.pico-sdk/sdk/2.2.0/src/rp2_common/pico_unique_id/unique_id.c.obj
                0x100047e4                pico_get_unique_board_id_string
 .text.hw_endpoint_init
                0x1000485a       0xf2 CMakeFiles/secure_iot.dir/C_/Users/panda/.pico-sdk/sdk/2.2.0/lib/tinyusb/src/portable/raspberrypi/rp2040/dcd_rp2040.c.obj
 .text.hw_endpoint_alloc
                0x1000494c       0x58 CMakeFiles/secure_iot.dir/C_/Users/panda/.pico-sdk/sdk/2.2.0/lib/tinyusb/src/portable/raspberrypi/rp2040/dcd_rp2040.c.obj
 .text.hw_endpoint_open
                0x100049a4       0x5e CMakeFiles/secure_iot.dir/C_/Users/panda/.pico-sdk/sdk/2.2.0/lib/tinyusb/src/portable/raspberrypi/rp2040/dcd_rp2040.c.obj
 .text.hw_endpoint_xfer
                0x10004a02       0x22 CMakeFiles/secure_iot.dir/C_/Users/panda/.pico-sdk/sdk/2.2.0/lib/tinyusb/src/portable/raspberrypi/rp2040/dcd_rp2040.c.obj
 .text.dcd_int_enable
                0x10004a24       0x34 CMakeFiles/secure_iot.dir/C_/Users/panda/.pico-sdk/sdk/2.2.0/lib/tinyusb/src/portable/raspberrypi/rp2040/dcd_rp2040.c.obj
                0x10004a24                dcd_int_enable
 .text.dcd_set_address
                0x10004a58       0x36 CMakeFiles/secure_iot.dir/C_/Users/panda/.pico-sdk/sdk/2.2.0/lib/tinyusb/src/portable/raspberrypi/rp2040/dcd_rp2040.c.obj
                0x10004a58                dcd_set_address
 .text.dcd_connect
                0x10004a8e        0xa CMakeFiles/secure_iot.dir/C_/Users/panda/.pico-sdk/sdk/2.2.0/lib/tinyusb/src/portable/raspberrypi/rp2040/dcd_rp2040.c.obj
                0x10004a8e                dcd_connect
 .text.dcd_init
                0x10004a98       0x9c CMakeFiles/secure_iot.dir/C_/Users/panda/.pico-sdk/sdk/2.2.0/lib/tinyusb/src/portable/raspberrypi/rp2040/dcd_rp2040.c.obj
                0x10004a98                dcd_init
 .text.dcd_sof_enable
                0x10004b34       0x14 CMakeFiles/secure_iot.dir/C_/Users/panda/.pico-sdk/sdk/2.2.0/lib/tinyusb/src/portable/raspberrypi/rp2040/dcd_rp2040.c.obj
                0x10004b34                dcd_sof_enable
 .text.dcd_edpt0_status_complete
                0x10004b48       0x28 CMakeFiles/secure_iot.dir/C_/Users/panda/.pico-sdk/sdk/2.2.0/lib/tinyusb/src/portable/raspberrypi/rp2040/dcd_rp2040.c.obj
                0x10004b48                dcd_edpt0_status_complete
 .text.dcd_edpt_open
                0x10004b70       0x36 CMakeFiles/secure_iot.dir/C_/Users/panda/.pico-sdk/sdk/2.2.0/lib/tinyusb/src/portable/raspberrypi/rp2040/dcd_rp2040.c.obj
                0x10004b70                dcd_edpt_open
 .text.dcd_edpt_close_all
                0x10004ba6       0x12 CMakeFiles/secure_iot.dir/C_/Users/panda/.pico-sdk/sdk/2.2.0/lib/tinyusb/src/portable/raspberrypi/rp2040/dcd_rp2040.c.obj
                0x10004ba6                dcd_edpt_close_all
 .text.dcd_edpt_xfer
                0x10004bb8       0x38 CMakeFiles/secure_iot.dir/C_/Users/panda/.pico-sdk/sdk/2.2.0/lib/tinyusb/src/portable/raspberrypi/rp2040/dcd_rp2040.c.obj
                0x10004bb8                dcd_edpt_xfer
 .text.dcd_edpt_stall
                0x10004bf0       0x42 CMakeFiles/secure_iot.dir/C_/Users/panda/.pico-sdk/sdk/2.2.0/lib/tinyusb/src/portable/raspberrypi/rp2040/dcd_rp2040.c.obj
                0x10004bf0                dcd_edpt_stall
 .text.dcd_edpt_clear_stall
                0x10004c32       0x38 CMakeFiles/secure_iot.dir/C_/Users/panda/.pico-sdk/sdk/2.2.0/lib/tinyusb/src/portable/raspberrypi/rp2040/dcd_rp2040.c.obj
                0x10004c32                dcd_edpt_clear_stall
 .text.unaligned_memcpy
                0x10004c6a       0x18 CMakeFiles/secure_iot.dir/C_/Users/panda/.pico-sdk/sdk/2.2.0/lib/tinyusb/src/portable/raspberrypi/rp2040/rp2040_usb.c.obj
 .text.rp2040_usb_init
                0x10004c82       0x3e CMakeFiles/secure_iot.dir/C_/Users/panda/.pico-sdk/sdk/2.2.0/lib/tinyusb/src/portable/raspberrypi/rp2040/rp2040_usb.c.obj
                0x10004c82                rp2040_usb_init
 .text.hw_endpoint_xfer_start
                0x10004cc0       0x84 CMakeFiles/secure_iot.dir/C_/Users/panda/.pico-sdk/sdk/2.2.0/lib/tinyusb/src/portable/raspberrypi/rp2040/rp2040_usb.c.obj
                0x10004cc0                hw_endpoint_xfer_start
 .text.configuration_reset
                0x10004d44       0xa8 CMakeFiles/secure_iot.dir/C_/Users/panda/.pico-sdk/sdk/2.2.0/lib/tinyusb/src/device/usbd.c.obj
 .text.usbd_reset
                0x10004dec       0x10 CMakeFiles/secure_iot.dir/C_/Users/panda/.pico-sdk/sdk/2.2.0/lib/tinyusb/src/device/usbd.c.obj
 .text.invoke_class_control
                0x10004dfc       0x2c CMakeFiles/secure_iot.dir/C_/Users/panda/.pico-sdk/sdk/2.2.0/lib/tinyusb/src/device/usbd.c.obj
 .text.process_set_config
                0x10004e28      0x26e CMakeFiles/secure_iot.dir/C_/Users/panda/.pico-sdk/sdk/2.2.0/lib/tinyusb/src/device/usbd.c.obj
 .text.tud_event_hook_cb
                0x10005096        0x2 CMakeFiles/secure_iot.dir/C_/Users/panda/.pico-sdk/sdk/2.2.0/lib/tinyusb/src/device/usbd.c.obj
                0x10005096                tud_event_hook_cb
 .text.tud_sof_cb
                0x10005098        0x2 CMakeFiles/secure_iot.dir/C_/Users/panda/.pico-sdk/sdk/2.2.0/lib/tinyusb/src/device/usbd.c.obj
                0x10005098                tud_sof_cb
 .text.tud_descriptor_device_qualifier_cb
                0x1000509a        0x4 CMakeFiles/secure_iot.dir/C_/Users/panda/.pico-sdk/sdk/2.2.0/lib/tinyusb/src/device/usbd.c.obj
                0x1000509a                tud_descriptor_device_qualifier_cb
 .text.tud_descriptor_other_speed_configuration_cb
                0x1000509e        0x4 CMakeFiles/secure_iot.dir/C_/Users/panda/.pico-sdk/sdk/2.2.0/lib/tinyusb/src/device/usbd.c.obj
                0x1000509e                tud_descriptor_other_speed_configuration_cb
 .text.process_get_descriptor
                0x100050a2      0x130 CMakeFiles/secure_iot.dir/C_/Users/panda/.pico-sdk/sdk/2.2.0/lib/tinyusb/src/device/usbd.c.obj
 .text.tud_mount_cb
                0x100051d2        0x2 CMakeFiles/secure_iot.dir/C_/Users/panda/.pico-sdk/sdk/2.2.0/lib/tinyusb/src/device/usbd.c.obj
                0x100051d2                tud_mount_cb
 .text.tud_umount_cb
                0x100051d4        0x2 CMakeFiles/secure_iot.dir/C_/Users/panda/.pico-sdk/sdk/2.2.0/lib/tinyusb/src/device/usbd.c.obj
                0x100051d4                tud_umount_cb
 .text.tud_suspend_cb
                0x100051d6        0x2 CMakeFiles/secure_iot.dir/C_/Users/panda/.pico-sdk/sdk/2.2.0/lib/tinyusb/src/device/usbd.c.obj
                0x100051d6                tud_suspend_cb
 .text.tud_resume_cb
                0x100051d8        0x2 CMakeFiles/secure_iot.dir/C_/Users/panda/.pico-sdk/sdk/2.2.0/lib/tinyusb/src/device/usbd.c.obj
                0x100051d8                tud_resume_cb
 .text.tud_mounted
                0x100051da       0x12 CMakeFiles/secure_iot.dir/C_/Users/panda/.pico-sdk/sdk/2.2.0/lib/tinyusb/src/device/usbd.c.obj
                0x100051da                tud_mounted
 .text.tud_suspended
                0x100051ec        0xe CMakeFiles/secure_iot.dir/C_/Users/panda/.pico-sdk/sdk/2.2.0/lib/tinyusb/src/device/usbd.c.obj
                0x100051ec                tud_suspended
 .text.tud_inited
                0x100051fa       0x12 CMakeFiles/secure_iot.dir/C_/Users/panda/.pico-sdk/sdk/2.2.0/lib/tinyusb/src/device/usbd.c.obj
                0x100051fa                tud_inited
 .text.tud_rhport_init
                0x1000520c      0x132 CMakeFiles/secure_iot.dir/C_/Users/panda/.pico-sdk/sdk/2.2.0/lib/tinyusb/src/device/usbd.c.obj
                0x1000520c                tud_rhport_init
 .text.usbd_edpt_open
                0x1000533e       0x8a CMakeFiles/secure_iot.dir/C_/Users/panda/.pico-sdk/sdk/2.2.0/lib/tinyusb/src/device/usbd.c.obj
                0x1000533e                usbd_edpt_open
 .text.usbd_open_edpt_pair
                0x100053c8       0xb8 CMakeFiles/secure_iot.dir/C_/Users/panda/.pico-sdk/sdk/2.2.0/lib/tinyusb/src/device/usbd.c.obj
                0x100053c8                usbd_open_edpt_pair
 .text.usbd_edpt_claim
                0x10005480       0x2c CMakeFiles/secure_iot.dir/C_/Users/panda/.pico-sdk/sdk/2.2.0/lib/tinyusb/src/device/usbd.c.obj
                0x10005480                usbd_edpt_claim
 .text.usbd_edpt_release
                0x100054ac       0x2c CMakeFiles/secure_iot.dir/C_/Users/panda/.pico-sdk/sdk/2.2.0/lib/tinyusb/src/device/usbd.c.obj
                0x100054ac                usbd_edpt_release
 .text.usbd_edpt_xfer
                0x100054d8       0x9a CMakeFiles/secure_iot.dir/C_/Users/panda/.pico-sdk/sdk/2.2.0/lib/tinyusb/src/device/usbd.c.obj
                0x100054d8                usbd_edpt_xfer
 .text.usbd_edpt_stall
                0x10005572       0x4c CMakeFiles/secure_iot.dir/C_/Users/panda/.pico-sdk/sdk/2.2.0/lib/tinyusb/src/device/usbd.c.obj
                0x10005572                usbd_edpt_stall
 .text.usbd_edpt_clear_stall
                0x100055be       0x48 CMakeFiles/secure_iot.dir/C_/Users/panda/.pico-sdk/sdk/2.2.0/lib/tinyusb/src/device/usbd.c.obj
                0x100055be                usbd_edpt_clear_stall
 .text.usbd_edpt_stalled
                0x10005606       0x1e CMakeFiles/secure_iot.dir/C_/Users/panda/.pico-sdk/sdk/2.2.0/lib/tinyusb/src/device/usbd.c.obj
                0x10005606                usbd_edpt_stalled
 .text.process_control_request
                0x10005624      0x4a0 CMakeFiles/secure_iot.dir/C_/Users/panda/.pico-sdk/sdk/2.2.0/lib/tinyusb/src/device/usbd.c.obj
 .text.tud_task_ext
                0x10005ac4      0x256 CMakeFiles/secure_iot.dir/C_/Users/panda/.pico-sdk/sdk/2.2.0/lib/tinyusb/src/device/usbd.c.obj
                0x10005ac4                tud_task_ext
 .text.status_stage_xact
                0x10005d1a       0x22 CMakeFiles/secure_iot.dir/C_/Users/panda/.pico-sdk/sdk/2.2.0/lib/tinyusb/src/device/usbd_control.c.obj
 .text.data_stage_xact
                0x10005d3c       0x8e CMakeFiles/secure_iot.dir/C_/Users/panda/.pico-sdk/sdk/2.2.0/lib/tinyusb/src/device/usbd_control.c.obj
 .text.tud_control_status
                0x10005dca       0x62 CMakeFiles/secure_iot.dir/C_/Users/panda/.pico-sdk/sdk/2.2.0/lib/tinyusb/src/device/usbd_control.c.obj
                0x10005dca                tud_control_status
 .text.tud_control_xfer
                0x10005e2c       0xec CMakeFiles/secure_iot.dir/C_/Users/panda/.pico-sdk/sdk/2.2.0/lib/tinyusb/src/device/usbd_control.c.obj
                0x10005e2c                tud_control_xfer
 .text.usbd_control_reset
                0x10005f18       0x1e CMakeFiles/secure_iot.dir/C_/Users/panda/.pico-sdk/sdk/2.2.0/lib/tinyusb/src/device/usbd_control.c.obj
                0x10005f18                usbd_control_reset
 .text.usbd_control_set_complete_callback
                0x10005f36        0xc CMakeFiles/secure_iot.dir/C_/Users/panda/.pico-sdk/sdk/2.2.0/lib/tinyusb/src/device/usbd_control.c.obj
                0x10005f36                usbd_control_set_complete_callback
 .text.usbd_control_set_request
                0x10005f42       0x56 CMakeFiles/secure_iot.dir/C_/Users/panda/.pico-sdk/sdk/2.2.0/lib/tinyusb/src/device/usbd_control.c.obj
                0x10005f42                usbd_control_set_request
 .text.usbd_control_xfer_cb
                0x10005f98      0x150 CMakeFiles/secure_iot.dir/C_/Users/panda/.pico-sdk/sdk/2.2.0/lib/tinyusb/src/device/usbd_control.c.obj
                0x10005f98                usbd_control_xfer_cb
 .text._prep_out_transaction
                0x100060e8       0xf8 CMakeFiles/secure_iot.dir/C_/Users/panda/.pico-sdk/sdk/2.2.0/lib/tinyusb/src/class/cdc/cdc_device.c.obj
 .text.tud_cdc_n_connected
                0x100061e0       0x44 CMakeFiles/secure_iot.dir/C_/Users/panda/.pico-sdk/sdk/2.2.0/lib/tinyusb/src/class/cdc/cdc_device.c.obj
                0x100061e0                tud_cdc_n_connected
 .text.tud_cdc_n_available
                0x10006224       0x26 CMakeFiles/secure_iot.dir/C_/Users/panda/.pico-sdk/sdk/2.2.0/lib/tinyusb/src/class/cdc/cdc_device.c.obj
                0x10006224                tud_cdc_n_available
 .text.tud_cdc_n_read
                0x1000624a       0x4c CMakeFiles/secure_iot.dir/C_/Users/panda/.pico-sdk/sdk/2.2.0/lib/tinyusb/src/class/cdc/cdc_device.c.obj
                0x1000624a                tud_cdc_n_read
 .text.tud_cdc_n_write_flush
                0x10006296      0x106 CMakeFiles/secure_iot.dir/C_/Users/panda/.pico-sdk/sdk/2.2.0/lib/tinyusb/src/class/cdc/cdc_device.c.obj
                0x10006296                tud_cdc_n_write_flush
 .text.tud_cdc_n_write
                0x1000639c       0x64 CMakeFiles/secure_iot.dir/C_/Users/panda/.pico-sdk/sdk/2.2.0/lib/tinyusb/src/class/cdc/cdc_device.c.obj
                0x1000639c                tud_cdc_n_write
 .text.tud_cdc_n_write_available
                0x10006400       0x28 CMakeFiles/secure_iot.dir/C_/Users/panda/.pico-sdk/sdk/2.2.0/lib/tinyusb/src/class/cdc/cdc_device.c.obj
                0x10006400                tud_cdc_n_write_available
 .text.cdcd_init
                0x10006428      0x102 CMakeFiles/secure_iot.dir/C_/Users/panda/.pico-sdk/sdk/2.2.0/lib/tinyusb/src/class/cdc/cdc_device.c.obj
                0x10006428                cdcd_init
 .text.cdcd_deinit
                0x1000652a       0x66 CMakeFiles/secure_iot.dir/C_/Users/panda/.pico-sdk/sdk/2.2.0/lib/tinyusb/src/class/cdc/cdc_device.c.obj
                0x1000652a                cdcd_deinit
 .text.cdcd_reset
                0x10006590       0xb2 CMakeFiles/secure_iot.dir/C_/Users/panda/.pico-sdk/sdk/2.2.0/lib/tinyusb/src/class/cdc/cdc_device.c.obj
                0x10006590                cdcd_reset
 .text.cdcd_open
                0x10006642      0x174 CMakeFiles/secure_iot.dir/C_/Users/panda/.pico-sdk/sdk/2.2.0/lib/tinyusb/src/class/cdc/cdc_device.c.obj
                0x10006642                cdcd_open
 .text.cdcd_control_xfer_cb
                0x100067b6      0x186 CMakeFiles/secure_iot.dir/C_/Users/panda/.pico-sdk/sdk/2.2.0/lib/tinyusb/src/class/cdc/cdc_device.c.obj
                0x100067b6                cdcd_control_xfer_cb
 .text.cdcd_xfer_cb
                0x1000693c      0x190 CMakeFiles/secure_iot.dir/C_/Users/panda/.pico-sdk/sdk/2.2.0/lib/tinyusb/src/class/cdc/cdc_device.c.obj
                0x1000693c                cdcd_xfer_cb
 .text.tud_vendor_n_mounted
                0x10006acc       0x4e CMakeFiles/secure_iot.dir/C_/Users/panda/.pico-sdk/sdk/2.2.0/lib/tinyusb/src/class/vendor/vendor_device.c.obj
                0x10006acc                tud_vendor_n_mounted
 .text.tud_vendor_n_write_flush
                0x10006b1a       0x2e CMakeFiles/secure_iot.dir/C_/Users/panda/.pico-sdk/sdk/2.2.0/lib/tinyusb/src/class/vendor/vendor_device.c.obj
                0x10006b1a                tud_vendor_n_write_flush
 .text.vendord_init
                0x10006b48       0xba CMakeFiles/secure_iot.dir/C_/Users/panda/.pico-sdk/sdk/2.2.0/lib/tinyusb/src/class/vendor/vendor_device.c.obj
                0x10006b48                vendord_init
 .text.vendord_deinit
                0x10006c02       0x54 CMakeFiles/secure_iot.dir/C_/Users/panda/.pico-sdk/sdk/2.2.0/lib/tinyusb/src/class/vendor/vendor_device.c.obj
                0x10006c02                vendord_deinit
 .text.vendord_reset
                0x10006c56       0x64 CMakeFiles/secure_iot.dir/C_/Users/panda/.pico-sdk/sdk/2.2.0/lib/tinyusb/src/class/vendor/vendor_device.c.obj
                0x10006c56                vendord_reset
 .text.vendord_open
                0x10006cba      0x1a0 CMakeFiles/secure_iot.dir/C_/Users/panda/.pico-sdk/sdk/2.2.0/lib/tinyusb/src/class/vendor/vendor_device.c.obj
                0x10006cba                vendord_open
 .text.vendord_xfer_cb
                0x10006e5a       0xea CMakeFiles/secure_iot.dir/C_/Users/panda/.pico-sdk/sdk/2.2.0/lib/tinyusb/src/class/vendor/vendor_device.c.obj
                0x10006e5a                vendord_xfer_cb
 .text.tusb_rhport_init
                0x10006f44       0xa8 CMakeFiles/secure_iot.dir/C_/Users/panda/.pico-sdk/sdk/2.2.0/lib/tinyusb/src/tusb.c.obj
                0x10006f44                tusb_rhport_init
 .text.tu_edpt_claim
                0x10006fec       0x7a CMakeFiles/secure_iot.dir/C_/Users/panda/.pico-sdk/sdk/2.2.0/lib/tinyusb/src/tusb.c.obj
                0x10006fec                tu_edpt_claim
 .text.tu_edpt_release
                0x10007066       0x54 CMakeFiles/secure_iot.dir/C_/Users/panda/.pico-sdk/sdk/2.2.0/lib/tinyusb/src/tusb.c.obj
                0x10007066                tu_edpt_release
 .text.tu_edpt_validate
                0x100070ba       0xfa CMakeFiles/secure_iot.dir/C_/Users/panda/.pico-sdk/sdk/2.2.0/lib/tinyusb/src/tusb.c.obj
                0x100070ba                tu_edpt_validate
 .text.tu_edpt_bind_driver
                0x100071b4       0x30 CMakeFiles/secure_iot.dir/C_/Users/panda/.pico-sdk/sdk/2.2.0/lib/tinyusb/src/tusb.c.obj
                0x100071b4                tu_edpt_bind_driver
 .text.tu_edpt_stream_init
                0x100071e4       0x7a CMakeFiles/secure_iot.dir/C_/Users/panda/.pico-sdk/sdk/2.2.0/lib/tinyusb/src/tusb.c.obj
                0x100071e4                tu_edpt_stream_init
 .text.tu_edpt_stream_deinit
                0x1000725e        0x4 CMakeFiles/secure_iot.dir/C_/Users/panda/.pico-sdk/sdk/2.2.0/lib/tinyusb/src/tusb.c.obj
                0x1000725e                tu_edpt_stream_deinit
 .text.tu_edpt_stream_write_zlp_if_needed
                0x10007262       0xa2 CMakeFiles/secure_iot.dir/C_/Users/panda/.pico-sdk/sdk/2.2.0/lib/tinyusb/src/tusb.c.obj
                0x10007262                tu_edpt_stream_write_zlp_if_needed
 .text.tu_edpt_stream_write_xfer
                0x10007304       0x9c CMakeFiles/secure_iot.dir/C_/Users/panda/.pico-sdk/sdk/2.2.0/lib/tinyusb/src/tusb.c.obj
                0x10007304                tu_edpt_stream_write_xfer
 .text.tu_edpt_stream_read_xfer
                0x100073a0      0x142 CMakeFiles/secure_iot.dir/C_/Users/panda/.pico-sdk/sdk/2.2.0/lib/tinyusb/src/tusb.c.obj
                0x100073a0                tu_edpt_stream_read_xfer
 .text.advance_index
                0x100074e2       0x22 CMakeFiles/secure_iot.dir/C_/Users/panda/.pico-sdk/sdk/2.2.0/lib/tinyusb/src/common/tusb_fifo.c.obj
 .text._tu_fifo_peek
                0x10007504       0x74 CMakeFiles/secure_iot.dir/C_/Users/panda/.pico-sdk/sdk/2.2.0/lib/tinyusb/src/common/tusb_fifo.c.obj
 .text._ff_pull_n
                0x10007578       0x7e CMakeFiles/secure_iot.dir/C_/Users/panda/.pico-sdk/sdk/2.2.0/lib/tinyusb/src/common/tusb_fifo.c.obj
 .text._tu_fifo_peek_n
                0x100075f6       0x72 CMakeFiles/secure_iot.dir/C_/Users/panda/.pico-sdk/sdk/2.2.0/lib/tinyusb/src/common/tusb_fifo.c.obj
 .text._tu_fifo_read_n
                0x10007668       0x66 CMakeFiles/secure_iot.dir/C_/Users/panda/.pico-sdk/sdk/2.2.0/lib/tinyusb/src/common/tusb_fifo.c.obj
 .text._ff_push_n
                0x100076ce       0x82 CMakeFiles/secure_iot.dir/C_/Users/panda/.pico-sdk/sdk/2.2.0/lib/tinyusb/src/common/tusb_fifo.c.obj
 .text._tu_fifo_write_n
                0x10007750      0x142 CMakeFiles/secure_iot.dir/C_/Users/panda/.pico-sdk/sdk/2.2.0/lib/tinyusb/src/common/tusb_fifo.c.obj
 .text.tu_fifo_config
                0x10007892       0xaa CMakeFiles/secure_iot.dir/C_/Users/panda/.pico-sdk/sdk/2.2.0/lib/tinyusb/src/common/tusb_fifo.c.obj
                0x10007892                tu_fifo_config
 .text.tu_fifo_count
                0x1000793c       0x34 CMakeFiles/secure_iot.dir/C_/Users/panda/.pico-sdk/sdk/2.2.0/lib/tinyusb/src/common/tusb_fifo.c.obj
                0x1000793c                tu_fifo_count
 .text.tu_fifo_empty
                0x10007970       0x12 CMakeFiles/secure_iot.dir/C_/Users/panda/.pico-sdk/sdk/2.2.0/lib/tinyusb/src/common/tusb_fifo.c.obj
                0x10007970                tu_fifo_empty
 .text.tu_fifo_full
                0x10007982       0x38 CMakeFiles/secure_iot.dir/C_/Users/panda/.pico-sdk/sdk/2.2.0/lib/tinyusb/src/common/tusb_fifo.c.obj
                0x10007982                tu_fifo_full
 .text.tu_fifo_remaining
                0x100079ba       0x40 CMakeFiles/secure_iot.dir/C_/Users/panda/.pico-sdk/sdk/2.2.0/lib/tinyusb/src/common/tusb_fifo.c.obj
                0x100079ba                tu_fifo_remaining
 .text.tu_fifo_read
                0x100079fa       0x56 CMakeFiles/secure_iot.dir/C_/Users/panda/.pico-sdk/sdk/2.2.0/lib/tinyusb/src/common/tusb_fifo.c.obj
                0x100079fa                tu_fifo_read
 .text.tu_fifo_read_n
                0x10007a50       0x10 CMakeFiles/secure_iot.dir/C_/Users/panda/.pico-sdk/sdk/2.2.0/lib/tinyusb/src/common/tusb_fifo.c.obj
                0x10007a50                tu_fifo_read_n
 .text.tu_fifo_write
                0x10007a60       0x90 CMakeFiles/secure_iot.dir/C_/Users/panda/.pico-sdk/sdk/2.2.0/lib/tinyusb/src/common/tusb_fifo.c.obj
                0x10007a60                tu_fifo_write
 .text.tu_fifo_write_n
                0x10007af0       0x10 CMakeFiles/secure_iot.dir/C_/Users/panda/.pico-sdk/sdk/2.2.0/lib/tinyusb/src/common/tusb_fifo.c.obj
                0x10007af0                tu_fifo_write_n
 .text.tu_fifo_clear
                0x10007b00       0x4e CMakeFiles/secure_iot.dir/C_/Users/panda/.pico-sdk/sdk/2.2.0/lib/tinyusb/src/common/tusb_fifo.c.obj
                0x10007b00                tu_fifo_clear
 .text.tu_fifo_set_overwritable
                0x10007b4e       0x60 CMakeFiles/secure_iot.dir/C_/Users/panda/.pico-sdk/sdk/2.2.0/lib/tinyusb/src/common/tusb_fifo.c.obj
                0x10007b4e                tu_fifo_set_overwritable
 .text.atexit   0x10007bae        0xa C:/riscv/xpack-riscv-none-elf-gcc-15.2.0-1/bin/../lib/gcc/riscv-none-elf/15.2.0/../../../../riscv-none-elf/lib\libc.a(libc_a-atexit.o)
                0x10007bae                atexit
 .text.__libc_fini_array
                0x10007bb8       0x3e C:/riscv/xpack-riscv-none-elf-gcc-15.2.0-1/bin/../lib/gcc/riscv-none-elf/15.2.0/../../../../riscv-none-elf/lib\libc.a(libc_a-fini.o)
                0x10007bb8                __libc_fini_array
 .text.__retarget_lock_acquire_recursive
                0x10007bf6        0x2 C:/riscv/xpack-riscv-none-elf-gcc-15.2.0-1/bin/../lib/gcc/riscv-none-elf/15.2.0/../../../../riscv-none-elf/lib\libc.a(libc_a-lock.o)
                0x10007bf6                __retarget_lock_acquire_recursive
 .text.__retarget_lock_release_recursive
                0x10007bf8        0x2 C:/riscv/xpack-riscv-none-elf-gcc-15.2.0-1/bin/../lib/gcc/riscv-none-elf/15.2.0/../../../../riscv-none-elf/lib\libc.a(libc_a-lock.o)
                0x10007bf8                __retarget_lock_release_recursive
 .text          0x10007bfa       0xa8 C:/riscv/xpack-riscv-none-elf-gcc-15.2.0-1/bin/../lib/gcc/riscv-none-elf/15.2.0/../../../../riscv-none-elf/lib\libc.a(libc_a-memset.o)
                0x10007bfa                memset
 .text.memcpy   0x10007ca2       0xe8 C:/riscv/xpack-riscv-none-elf-gcc-15.2.0-1/bin/../lib/gcc/riscv-none-elf/15.2.0/../../../../riscv-none-elf/lib\libc.a(libc_a-memcpy.o)
                0x10007ca2                memcpy
 .text.strlen   0x10007d8a       0x64 C:/riscv/xpack-riscv-none-elf-gcc-15.2.0-1/bin/../lib/gcc/riscv-none-elf/15.2.0/../../../../riscv-none-elf/lib\libc.a(libc_a-strlen.o)
                0x10007d8a                strlen
 .text.__register_exitproc
                0x10007dee       0x9e C:/riscv/xpack-riscv-none-elf-gcc-15.2.0-1/bin/../lib/gcc/riscv-none-elf/15.2.0/../../../../riscv-none-elf/lib\libc.a(libc_a-__atexit.o)
                0x10007dee                __register_exitproc
 .text.startup.register_fini
                0x10007e8c       0x14 C:/riscv/xpack-riscv-none-elf-gcc-15.2.0-1/bin/../lib/gcc/riscv-none-elf/15.2.0/../../../../riscv-none-elf/lib\libc.a(libc_a-__call_atexit.o)
 *(.fini)
 *crtbegin.o(.ctors)
 *crtbegin?.o(.ctors)
 *(EXCLUDE_FILE(*crtend.o *crtend?.o) .ctors)
 *(SORT_BY_NAME(.ctors.*))
 *(.ctors)
 *crtbegin.o(.dtors)
 *crtbegin?.o(.dtors)
 *(EXCLUDE_FILE(*crtend.o *crtend?.o) .dtors)
 *(SORT_BY_NAME(.dtors.*))
 *(.dtors)
                0x10007ea0                        . = ALIGN (0x4)
                0x10007ea0                        PROVIDE (__preinit_array_start = .)
 *(SORT_BY_NAME(.preinit_array.*))
 .preinit_array.00050
                0x10007ea0        0x4 CMakeFiles/secure_iot.dir/C_/Users/panda/.pico-sdk/sdk/2.2.0/src/rp2_common/pico_runtime_init/runtime_init.c.obj
                0x10007ea0                __pre_init_runtime_init_bootrom_reset
 .preinit_array.00100
                0x10007ea4        0x4 CMakeFiles/secure_iot.dir/C_/Users/panda/.pico-sdk/sdk/2.2.0/src/rp2_common/pico_runtime_init/runtime_init.c.obj
                0x10007ea4                __pre_init_runtime_init_early_resets
 .preinit_array.00101
                0x10007ea8        0x4 CMakeFiles/secure_iot.dir/C_/Users/panda/.pico-sdk/sdk/2.2.0/src/rp2_common/pico_runtime_init/runtime_init.c.obj
                0x10007ea8                __pre_init_runtime_init_usb_power_down
 .preinit_array.00500
                0x10007eac        0x4 CMakeFiles/secure_iot.dir/C_/Users/panda/.pico-sdk/sdk/2.2.0/src/rp2_common/pico_runtime_init/runtime_init.c.obj
                0x10007eac                __pre_init_runtime_init_clocks
 .preinit_array.00600
                0x10007eb0        0x4 CMakeFiles/secure_iot.dir/C_/Users/panda/.pico-sdk/sdk/2.2.0/src/rp2_common/pico_runtime_init/runtime_init.c.obj
                0x10007eb0                __pre_init_runtime_init_post_clock_resets
 .preinit_array.01000
                0x10007eb4        0x4 CMakeFiles/secure_iot.dir/C_/Users/panda/.pico-sdk/sdk/2.2.0/src/rp2_common/hardware_boot_lock/boot_lock.c.obj
                0x10007eb4                __pre_init_runtime_init_boot_locks_reset
 .preinit_array.01000
                0x10007eb8        0x4 CMakeFiles/secure_iot.dir/C_/Users/panda/.pico-sdk/sdk/2.2.0/src/rp2_common/pico_runtime_init/runtime_init.c.obj
                0x10007eb8                __pre_init_runtime_init_spin_locks_reset
 .preinit_array.01010
                0x10007ebc        0x4 CMakeFiles/secure_iot.dir/C_/Users/panda/.pico-sdk/sdk/2.2.0/src/rp2_common/pico_bootrom/bootrom_lock.c.obj
                0x10007ebc                __pre_init_runtime_init_bootrom_locking_enable
 .preinit_array.01100
                0x10007ec0        0x4 CMakeFiles/secure_iot.dir/C_/Users/panda/.pico-sdk/sdk/2.2.0/src/common/pico_sync/mutex.c.obj
                0x10007ec0                __pre_init_runtime_init_mutex
 .preinit_array.11000
                0x10007ec4        0x4 CMakeFiles/secure_iot.dir/C_/Users/panda/.pico-sdk/sdk/2.2.0/src/common/pico_time/time.c.obj
                0x10007ec4                __pre_init_runtime_init_default_alarm_pool
 .preinit_array.YYYYY
                0x10007ec8        0x4 CMakeFiles/secure_iot.dir/C_/Users/panda/.pico-sdk/sdk/2.2.0/src/rp2_common/pico_runtime/runtime.c.obj
                0x10007ec8                __pre_init_first_per_core_initializer
 .preinit_array.ZZZZZ.00051
                0x10007ecc        0x4 CMakeFiles/secure_iot.dir/C_/Users/panda/.pico-sdk/sdk/2.2.0/src/rp2_common/pico_runtime_init/runtime_init.c.obj
                0x10007ecc                __pre_init_runtime_init_per_core_bootrom_reset
 .preinit_array.ZZZZZ.00060
                0x10007ed0        0x4 CMakeFiles/secure_iot.dir/C_/Users/panda/.pico-sdk/sdk/2.2.0/src/rp2_common/pico_runtime_init/runtime_init.c.obj
                0x10007ed0                __pre_init_runtime_init_per_core_h3_irq_registers
 .preinit_array.ZZZZZ.01200
                0x10007ed4        0x4 CMakeFiles/secure_iot.dir/C_/Users/panda/.pico-sdk/sdk/2.2.0/src/rp2_common/hardware_irq/irq.c.obj
                0x10007ed4                __pre_init_runtime_init_per_core_irq_priorities
 *(.preinit_array)
                0x10007ed8                        PROVIDE (__preinit_array_end = .)
                0x10007ed8                        . = ALIGN (0x4)
                0x10007ed8                        PROVIDE (__init_array_start = .)
 *(SORT_BY_NAME(.init_array.*))
 .init_array.00000
                0x10007ed8        0x4 C:/riscv/xpack-riscv-none-elf-gcc-15.2.0-1/bin/../lib/gcc/riscv-none-elf/15.2.0/../../../../riscv-none-elf/lib\libc.a(libc_a-__call_atexit.o)
 .init_array.01000
                0x10007edc        0x4 CMakeFiles/secure_iot.dir/C_/Users/panda/.pico-sdk/sdk/2.2.0/src/rp2_common/pico_unique_id/unique_id.c.obj
 *(.init_array)
 .init_array    0x10007ee0        0x4 C:/riscv/xpack-riscv-none-elf-gcc-15.2.0-1/bin/../lib/gcc/riscv-none-elf/15.2.0/crtbegin.o
                0x10007ee4                        PROVIDE (__init_array_end = .)
                0x10007ee4                        . = ALIGN (0x4)
                0x10007ee4                        PROVIDE (__fini_array_start = .)
 *(SORT_BY_NAME(.fini_array.*))
 *(.fini_array)
                0x10007ee4                        PROVIDE (__fini_array_end = .)
 *(.eh_frame*)
 .eh_frame      0x10007ee4        0x0 C:/riscv/xpack-riscv-none-elf-gcc-15.2.0-1/bin/../lib/gcc/riscv-none-elf/15.2.0/crtbegin.o
                0x10007ee4                        . = ALIGN (0x4)

.boot2          0x10007ee4        0x0
                0x10007ee4                        __boot2_start__ = .
 *(.boot2)
                0x10007ee4                        __boot2_end__ = .
                0x00000001                        ASSERT (((__boot2_end__ - __boot2_start__) <= 0x100), ERROR: Pico second stage bootloader must be no more than 256 bytes in size)

.rodata         0x10007ee8     0x1384
 *(EXCLUDE_FILE(*libm.a: *libc.a:*lib_a-mem*.o *libgcc.a:) .rodata*)
 .rodata.machine_exception_handler.str1.4
                0x10007ee8      0xc1f CMakeFiles/secure_iot.dir/main.c.obj
                                0x14a (size before relaxing)
 .rodata.switch_to_user_mode.str1.4
                0x10008b07        0x0 CMakeFiles/secure_iot.dir/main.c.obj
                                 0x33 (size before relaxing)
 .rodata.main.str1.4
                0x10008b07        0x0 CMakeFiles/secure_iot.dir/main.c.obj
                                 0x83 (size before relaxing)
 .rodata.sandbox_main.str1.4
                0x10008b07        0x0 CMakeFiles/secure_iot.dir/main.c.obj
                                0x159 (size before relaxing)
 *fill*         0x10008b07        0x1 
 .rodata.Rcon   0x10008b08        0xb CMakeFiles/secure_iot.dir/crypto/aes.c.obj
 *fill*         0x10008b13        0x1 
 .rodata.sbox   0x10008b14      0x100 CMakeFiles/secure_iot.dir/crypto/aes.c.obj
 .rodata.panic.str1.4
                0x10008c14        0x0 CMakeFiles/secure_iot.dir/C_/Users/panda/.pico-sdk/sdk/2.2.0/src/rp2_common/pico_platform_panic/panic.c.obj
                                 0x12 (size before relaxing)
 .rodata.spin_lock_claim_unused.str1.4
                0x10008c14        0x0 CMakeFiles/secure_iot.dir/C_/Users/panda/.pico-sdk/sdk/2.2.0/src/rp2_common/hardware_sync/sync.c.obj
                                 0x1b (size before relaxing)
 .rodata.make_jal_16.str1.4
                0x10008c14        0x0 CMakeFiles/secure_iot.dir/C_/Users/panda/.pico-sdk/sdk/2.2.0/src/rp2_common/hardware_irq/irq.c.obj
                                 0x75 (size before relaxing)
 .rodata.irq_set_exclusive_handler.str1.4
                0x10008c14        0x0 CMakeFiles/secure_iot.dir/C_/Users/panda/.pico-sdk/sdk/2.2.0/src/rp2_common/hardware_irq/irq.c.obj
                                 0x36 (size before relaxing)
 .rodata.irq_add_shared_handler.str1.4
                0x10008c14        0x0 CMakeFiles/secure_iot.dir/C_/Users/panda/.pico-sdk/sdk/2.2.0/src/rp2_common/hardware_irq/irq.c.obj
                                 0xd2 (size before relaxing)
 .rodata.irq_remove_handler.str1.4
                0x10008c14        0x0 CMakeFiles/secure_iot.dir/C_/Users/panda/.pico-sdk/sdk/2.2.0/src/rp2_common/hardware_irq/irq.c.obj
                                 0x3a (size before relaxing)
 .rodata.irq_add_tail_to_free_list.str1.4
                0x10008c14        0x0 CMakeFiles/secure_iot.dir/C_/Users/panda/.pico-sdk/sdk/2.2.0/src/rp2_common/hardware_irq/irq.c.obj
                                 0x3a (size before relaxing)
 .rodata.user_irq_claim_unused.str1.4
                0x10008c14        0x0 CMakeFiles/secure_iot.dir/C_/Users/panda/.pico-sdk/sdk/2.2.0/src/rp2_common/hardware_irq/irq.c.obj
                                 0x1b (size before relaxing)
 .rodata.__func__.0
                0x10008c14       0x1a CMakeFiles/secure_iot.dir/C_/Users/panda/.pico-sdk/sdk/2.2.0/src/rp2_common/hardware_irq/irq.c.obj
 *fill*         0x10008c2e        0x2 
 .rodata.__func__.1
                0x10008c30       0x13 CMakeFiles/secure_iot.dir/C_/Users/panda/.pico-sdk/sdk/2.2.0/src/rp2_common/hardware_irq/irq.c.obj
 *fill*         0x10008c43        0x1 
 .rodata.__func__.2
                0x10008c44        0xc CMakeFiles/secure_iot.dir/C_/Users/panda/.pico-sdk/sdk/2.2.0/src/rp2_common/hardware_irq/irq.c.obj
 .rodata.__func__.3
                0x10008c50       0x17 CMakeFiles/secure_iot.dir/C_/Users/panda/.pico-sdk/sdk/2.2.0/src/rp2_common/hardware_irq/irq.c.obj
 *fill*         0x10008c67        0x1 
 .rodata.__func__.4
                0x10008c68       0x1a CMakeFiles/secure_iot.dir/C_/Users/panda/.pico-sdk/sdk/2.2.0/src/rp2_common/hardware_irq/irq.c.obj
 .rodata.runtime_init_mutex.str1.4
                0x10008c82        0x0 CMakeFiles/secure_iot.dir/C_/Users/panda/.pico-sdk/sdk/2.2.0/src/common/pico_sync/mutex.c.obj
                                 0x60 (size before relaxing)
 .rodata.str1.4
                0x10008c82        0x0 CMakeFiles/secure_iot.dir/C_/Users/panda/.pico-sdk/sdk/2.2.0/src/common/pico_sync/mutex.c.obj
                                 0x51 (size before relaxing)
 *fill*         0x10008c82        0x2 
 .rodata.__func__.1
                0x10008c84        0xb CMakeFiles/secure_iot.dir/C_/Users/panda/.pico-sdk/sdk/2.2.0/src/common/pico_sync/mutex.c.obj
 *fill*         0x10008c8f        0x1 
 .rodata.__func__.3
                0x10008c90       0x18 CMakeFiles/secure_iot.dir/C_/Users/panda/.pico-sdk/sdk/2.2.0/src/common/pico_sync/mutex.c.obj
 .rodata.__func__.6
                0x10008ca8       0x13 CMakeFiles/secure_iot.dir/C_/Users/panda/.pico-sdk/sdk/2.2.0/src/common/pico_sync/mutex.c.obj
 .rodata.alarm_pool_irq_handler.str1.4
                0x10008cbb        0x0 CMakeFiles/secure_iot.dir/C_/Users/panda/.pico-sdk/sdk/2.2.0/src/common/pico_time/time.c.obj
                                 0x6b (size before relaxing)
 .rodata.alarm_pool_get_default.str1.4
                0x10008cbb        0x0 CMakeFiles/secure_iot.dir/C_/Users/panda/.pico-sdk/sdk/2.2.0/src/common/pico_time/time.c.obj
                                 0x21 (size before relaxing)
 .rodata.sleep_until.str1.4
                0x10008cbb        0x0 CMakeFiles/secure_iot.dir/C_/Users/panda/.pico-sdk/sdk/2.2.0/src/common/pico_time/time.c.obj
                                 0x4d (size before relaxing)
 *fill*         0x10008cbb        0x1 
 .rodata.__func__.1
                0x10008cbc       0x17 CMakeFiles/secure_iot.dir/C_/Users/panda/.pico-sdk/sdk/2.2.0/src/common/pico_time/time.c.obj
 *fill*         0x10008cd3        0x1 
 .rodata.__func__.2
                0x10008cd4       0x17 CMakeFiles/secure_iot.dir/C_/Users/panda/.pico-sdk/sdk/2.2.0/src/common/pico_time/time.c.obj
 .rodata.timer_hardware_alarm_claim.str1.4
                0x10008ceb        0x0 CMakeFiles/secure_iot.dir/C_/Users/panda/.pico-sdk/sdk/2.2.0/src/rp2_common/hardware_timer/timer.c.obj
                                 0x22 (size before relaxing)
 .rodata.pll_init.str1.4
                0x10008ceb        0x0 CMakeFiles/secure_iot.dir/C_/Users/panda/.pico-sdk/sdk/2.2.0/src/rp2_common/hardware_pll/pll.c.obj
                                0x11c (size before relaxing)
 *fill*         0x10008ceb        0x1 
 .rodata.__func__.0
                0x10008cec        0x9 CMakeFiles/secure_iot.dir/C_/Users/panda/.pico-sdk/sdk/2.2.0/src/rp2_common/hardware_pll/pll.c.obj
 .rodata.str1.4
                0x10008cf5        0x0 CMakeFiles/secure_iot.dir/C_/Users/panda/.pico-sdk/sdk/2.2.0/src/rp2_common/pico_standard_binary_info/standard_binary_info.c.obj
                                 0x40 (size before relaxing)
 *fill*         0x10008cf5        0x3 
 .rodata.__bi_84
                0x10008cf8        0xc CMakeFiles/secure_iot.dir/C_/Users/panda/.pico-sdk/sdk/2.2.0/src/rp2_common/pico_standard_binary_info/standard_binary_info.c.obj
 .rodata.__bi_78
                0x10008d04        0xc CMakeFiles/secure_iot.dir/C_/Users/panda/.pico-sdk/sdk/2.2.0/src/rp2_common/pico_standard_binary_info/standard_binary_info.c.obj
 .rodata.__bi_54
                0x10008d10        0xc CMakeFiles/secure_iot.dir/C_/Users/panda/.pico-sdk/sdk/2.2.0/src/rp2_common/pico_standard_binary_info/standard_binary_info.c.obj
 .rodata.__bi_48
                0x10008d1c        0xc CMakeFiles/secure_iot.dir/C_/Users/panda/.pico-sdk/sdk/2.2.0/src/rp2_common/pico_standard_binary_info/standard_binary_info.c.obj
 .rodata.__bi_42
                0x10008d28        0xc CMakeFiles/secure_iot.dir/C_/Users/panda/.pico-sdk/sdk/2.2.0/src/rp2_common/pico_standard_binary_info/standard_binary_info.c.obj
 .rodata.__bi_34
                0x10008d34        0xc CMakeFiles/secure_iot.dir/C_/Users/panda/.pico-sdk/sdk/2.2.0/src/rp2_common/pico_standard_binary_info/standard_binary_info.c.obj
 .rodata.__bi_26
                0x10008d40        0xc CMakeFiles/secure_iot.dir/C_/Users/panda/.pico-sdk/sdk/2.2.0/src/rp2_common/pico_standard_binary_info/standard_binary_info.c.obj
 .rodata._ftoa.str1.4
                0x10008d4c        0x0 CMakeFiles/secure_iot.dir/C_/Users/panda/.pico-sdk/sdk/2.2.0/src/rp2_common/pico_printf/printf.c.obj
                                 0x15 (size before relaxing)
 *fill*         0x10008d4c        0x4 
 .rodata.pow10.0
                0x10008d50       0x50 CMakeFiles/secure_iot.dir/C_/Users/panda/.pico-sdk/sdk/2.2.0/src/rp2_common/pico_printf/printf.c.obj
 .rodata.__assert_func.str1.4
                0x10008da0        0x0 CMakeFiles/secure_iot.dir/C_/Users/panda/.pico-sdk/sdk/2.2.0/src/rp2_common/pico_clib_interface/newlib_interface.c.obj
                                 0x43 (size before relaxing)
 .rodata.str1.4
                0x10008da0        0x0 CMakeFiles/secure_iot.dir/C_/Users/panda/.pico-sdk/sdk/2.2.0/src/rp2_common/pico_stdio_uart/stdio_uart.c.obj
                                 0x2c (size before relaxing)
 .rodata.__bi_45.4
                0x10008da0        0xc CMakeFiles/secure_iot.dir/C_/Users/panda/.pico-sdk/sdk/2.2.0/src/rp2_common/pico_stdio_uart/stdio_uart.c.obj
 .rodata._resetd_driver
                0x10008dac       0x20 CMakeFiles/secure_iot.dir/C_/Users/panda/.pico-sdk/sdk/2.2.0/src/rp2_common/pico_stdio_usb/reset_interface.c.obj
 .rodata.desc_ms_os_20
                0x10008dcc       0xa6 CMakeFiles/secure_iot.dir/C_/Users/panda/.pico-sdk/sdk/2.2.0/src/rp2_common/pico_stdio_usb/reset_interface.c.obj
 *fill*         0x10008e72        0x2 
 .rodata.desc_bos
                0x10008e74       0x21 CMakeFiles/secure_iot.dir/C_/Users/panda/.pico-sdk/sdk/2.2.0/src/rp2_common/pico_stdio_usb/reset_interface.c.obj
                0x10008e74                desc_bos
 .rodata.stdio_usb_init.str1.4
                0x10008e95        0x0 CMakeFiles/secure_iot.dir/C_/Users/panda/.pico-sdk/sdk/2.2.0/src/rp2_common/pico_stdio_usb/stdio_usb.c.obj
                                 0x55 (size before relaxing)
 .rodata.str1.4
                0x10008e95        0x0 CMakeFiles/secure_iot.dir/C_/Users/panda/.pico-sdk/sdk/2.2.0/src/rp2_common/pico_stdio_usb/stdio_usb.c.obj
                                 0x13 (size before relaxing)
 *fill*         0x10008e95        0x3 
 .rodata.__bi_202.1
                0x10008e98        0xc CMakeFiles/secure_iot.dir/C_/Users/panda/.pico-sdk/sdk/2.2.0/src/rp2_common/pico_stdio_usb/stdio_usb.c.obj
 .rodata.__func__.2
                0x10008ea4        0xf CMakeFiles/secure_iot.dir/C_/Users/panda/.pico-sdk/sdk/2.2.0/src/rp2_common/pico_stdio_usb/stdio_usb.c.obj
 .rodata.str1.4
                0x10008eb3        0x0 CMakeFiles/secure_iot.dir/C_/Users/panda/.pico-sdk/sdk/2.2.0/src/rp2_common/pico_stdio_usb/stdio_usb_descriptors.c.obj
                                 0x2a (size before relaxing)
 *fill*         0x10008eb3        0x1 
 .rodata.usbd_desc_str
                0x10008eb4       0x18 CMakeFiles/secure_iot.dir/C_/Users/panda/.pico-sdk/sdk/2.2.0/src/rp2_common/pico_stdio_usb/stdio_usb_descriptors.c.obj
 .rodata.usbd_desc_cfg
                0x10008ecc       0x54 CMakeFiles/secure_iot.dir/C_/Users/panda/.pico-sdk/sdk/2.2.0/src/rp2_common/pico_stdio_usb/stdio_usb_descriptors.c.obj
 .rodata.usbd_desc_device
                0x10008f20       0x12 CMakeFiles/secure_iot.dir/C_/Users/panda/.pico-sdk/sdk/2.2.0/src/rp2_common/pico_stdio_usb/stdio_usb_descriptors.c.obj
 .rodata._retrieve_unique_id_on_boot.str1.4
                0x10008f32        0x0 CMakeFiles/secure_iot.dir/C_/Users/panda/.pico-sdk/sdk/2.2.0/src/rp2_common/pico_unique_id/unique_id.c.obj
                                 0x55 (size before relaxing)
 .rodata.pico_get_unique_board_id_string.str1.4
                0x10008f32        0x0 CMakeFiles/secure_iot.dir/C_/Users/panda/.pico-sdk/sdk/2.2.0/src/rp2_common/pico_unique_id/unique_id.c.obj
                                  0x8 (size before relaxing)
 *fill*         0x10008f32        0x2 
 .rodata.__func__.0
                0x10008f34       0x20 CMakeFiles/secure_iot.dir/C_/Users/panda/.pico-sdk/sdk/2.2.0/src/rp2_common/pico_unique_id/unique_id.c.obj
 .rodata.__func__.1
                0x10008f54       0x1c CMakeFiles/secure_iot.dir/C_/Users/panda/.pico-sdk/sdk/2.2.0/src/rp2_common/pico_unique_id/unique_id.c.obj
 .rodata.hw_endpoint_alloc.str1.4
                0x10008f70        0x0 CMakeFiles/secure_iot.dir/C_/Users/panda/.pico-sdk/sdk/2.2.0/lib/tinyusb/src/portable/raspberrypi/rp2040/dcd_rp2040.c.obj
                                 0xa0 (size before relaxing)
 .rodata.str1.4
                0x10008f70        0x0 CMakeFiles/secure_iot.dir/C_/Users/panda/.pico-sdk/sdk/2.2.0/lib/tinyusb/src/portable/raspberrypi/rp2040/dcd_rp2040.c.obj
                                 0x14 (size before relaxing)
 .rodata.dcd_int_enable.str1.4
                0x10008f70        0x0 CMakeFiles/secure_iot.dir/C_/Users/panda/.pico-sdk/sdk/2.2.0/lib/tinyusb/src/portable/raspberrypi/rp2040/dcd_rp2040.c.obj
                                  0xc (size before relaxing)
 .rodata.__func__.0
                0x10008f70        0xe CMakeFiles/secure_iot.dir/C_/Users/panda/.pico-sdk/sdk/2.2.0/lib/tinyusb/src/portable/raspberrypi/rp2040/dcd_rp2040.c.obj
 *fill*         0x10008f7e        0x2 
 .rodata.__func__.3
                0x10008f80       0x10 CMakeFiles/secure_iot.dir/C_/Users/panda/.pico-sdk/sdk/2.2.0/lib/tinyusb/src/portable/raspberrypi/rp2040/dcd_rp2040.c.obj
 .rodata.__func__.5
                0x10008f90        0xf CMakeFiles/secure_iot.dir/C_/Users/panda/.pico-sdk/sdk/2.2.0/lib/tinyusb/src/portable/raspberrypi/rp2040/dcd_rp2040.c.obj
 *fill*         0x10008f9f        0x1 
 .rodata.__func__.6
                0x10008fa0       0x12 CMakeFiles/secure_iot.dir/C_/Users/panda/.pico-sdk/sdk/2.2.0/lib/tinyusb/src/portable/raspberrypi/rp2040/dcd_rp2040.c.obj
 *fill*         0x10008fb2        0x2 
 .rodata.__func__.7
                0x10008fb4        0x9 CMakeFiles/secure_iot.dir/C_/Users/panda/.pico-sdk/sdk/2.2.0/lib/tinyusb/src/portable/raspberrypi/rp2040/dcd_rp2040.c.obj
 .rodata.str1.4
                0x10008fbd        0x0 CMakeFiles/secure_iot.dir/C_/Users/panda/.pico-sdk/sdk/2.2.0/lib/tinyusb/src/portable/raspberrypi/rp2040/rp2040_usb.c.obj
                                 0xe4 (size before relaxing)
 .rodata.hw_endpoint_xfer_start.str1.4
                0x10008fbd        0x0 CMakeFiles/secure_iot.dir/C_/Users/panda/.pico-sdk/sdk/2.2.0/lib/tinyusb/src/portable/raspberrypi/rp2040/rp2040_usb.c.obj
                                 0x38 (size before relaxing)
 *fill*         0x10008fbd        0x3 
 .rodata.__func__.0
                0x10008fc0        0xf CMakeFiles/secure_iot.dir/C_/Users/panda/.pico-sdk/sdk/2.2.0/lib/tinyusb/src/portable/raspberrypi/rp2040/rp2040_usb.c.obj
 .rodata.configuration_reset.str1.4
                0x10008fcf        0x0 CMakeFiles/secure_iot.dir/C_/Users/panda/.pico-sdk/sdk/2.2.0/lib/tinyusb/src/device/usbd.c.obj
                                 0x17 (size before relaxing)
 *fill*         0x10008fcf        0x1 
 .rodata.__func__.3
                0x10008fd0        0xf CMakeFiles/secure_iot.dir/C_/Users/panda/.pico-sdk/sdk/2.2.0/lib/tinyusb/src/device/usbd.c.obj
 *fill*         0x10008fdf        0x1 
 .rodata.__func__.4
                0x10008fe0        0xf CMakeFiles/secure_iot.dir/C_/Users/panda/.pico-sdk/sdk/2.2.0/lib/tinyusb/src/device/usbd.c.obj
 *fill*         0x10008fef        0x1 
 .rodata.__func__.5
                0x10008ff0       0x14 CMakeFiles/secure_iot.dir/C_/Users/panda/.pico-sdk/sdk/2.2.0/lib/tinyusb/src/device/usbd.c.obj
 .rodata.__func__.6
                0x10009004        0xc CMakeFiles/secure_iot.dir/C_/Users/panda/.pico-sdk/sdk/2.2.0/lib/tinyusb/src/device/usbd.c.obj
 .rodata.__func__.7
                0x10009010       0x17 CMakeFiles/secure_iot.dir/C_/Users/panda/.pico-sdk/sdk/2.2.0/lib/tinyusb/src/device/usbd.c.obj
 *fill*         0x10009027        0x1 
 .rodata.__func__.8
                0x10009028       0x13 CMakeFiles/secure_iot.dir/C_/Users/panda/.pico-sdk/sdk/2.2.0/lib/tinyusb/src/device/usbd.c.obj
 *fill*         0x1000903b        0x1 
 .rodata.__func__.9
                0x1000903c       0x18 CMakeFiles/secure_iot.dir/C_/Users/panda/.pico-sdk/sdk/2.2.0/lib/tinyusb/src/device/usbd.c.obj
 .rodata.__func__.10
                0x10009054       0x14 CMakeFiles/secure_iot.dir/C_/Users/panda/.pico-sdk/sdk/2.2.0/lib/tinyusb/src/device/usbd.c.obj
 .rodata.__func__.11
                0x10009068        0xd CMakeFiles/secure_iot.dir/C_/Users/panda/.pico-sdk/sdk/2.2.0/lib/tinyusb/src/device/usbd.c.obj
 *fill*         0x10009075        0x3 
 .rodata.__func__.12
                0x10009078       0x10 CMakeFiles/secure_iot.dir/C_/Users/panda/.pico-sdk/sdk/2.2.0/lib/tinyusb/src/device/usbd.c.obj
 .rodata._usbd_driver
                0x10009088       0x40 CMakeFiles/secure_iot.dir/C_/Users/panda/.pico-sdk/sdk/2.2.0/lib/tinyusb/src/device/usbd.c.obj
 .rodata.tud_control_xfer.str1.4
                0x100090c8        0x0 CMakeFiles/secure_iot.dir/C_/Users/panda/.pico-sdk/sdk/2.2.0/lib/tinyusb/src/device/usbd_control.c.obj
                                 0x17 (size before relaxing)
 .rodata.__func__.0
                0x100090c8       0x15 CMakeFiles/secure_iot.dir/C_/Users/panda/.pico-sdk/sdk/2.2.0/lib/tinyusb/src/device/usbd_control.c.obj
 *fill*         0x100090dd        0x3 
 .rodata.__func__.1
                0x100090e0       0x11 CMakeFiles/secure_iot.dir/C_/Users/panda/.pico-sdk/sdk/2.2.0/lib/tinyusb/src/device/usbd_control.c.obj
 .rodata.tud_cdc_n_write_flush.str1.4
                0x100090f1        0x0 CMakeFiles/secure_iot.dir/C_/Users/panda/.pico-sdk/sdk/2.2.0/lib/tinyusb/src/class/cdc/cdc_device.c.obj
                                 0x17 (size before relaxing)
 *fill*         0x100090f1        0x3 
 .rodata.__func__.0
                0x100090f4        0xd CMakeFiles/secure_iot.dir/C_/Users/panda/.pico-sdk/sdk/2.2.0/lib/tinyusb/src/class/cdc/cdc_device.c.obj
 *fill*         0x10009101        0x3 
 .rodata.__func__.1
                0x10009104        0xa CMakeFiles/secure_iot.dir/C_/Users/panda/.pico-sdk/sdk/2.2.0/lib/tinyusb/src/class/cdc/cdc_device.c.obj
 *fill*         0x1000910e        0x2 
 .rodata.__func__.3
                0x10009110       0x16 CMakeFiles/secure_iot.dir/C_/Users/panda/.pico-sdk/sdk/2.2.0/lib/tinyusb/src/class/cdc/cdc_device.c.obj
 .rodata.vendord_open.str1.4
                0x10009126        0x0 CMakeFiles/secure_iot.dir/C_/Users/panda/.pico-sdk/sdk/2.2.0/lib/tinyusb/src/class/vendor/vendor_device.c.obj
                                 0x17 (size before relaxing)
 *fill*         0x10009126        0x2 
 .rodata.__func__.0
                0x10009128        0xd CMakeFiles/secure_iot.dir/C_/Users/panda/.pico-sdk/sdk/2.2.0/lib/tinyusb/src/class/vendor/vendor_device.c.obj
 .rodata.tusb_rhport_init.str1.4
                0x10009135        0x0 CMakeFiles/secure_iot.dir/C_/Users/panda/.pico-sdk/sdk/2.2.0/lib/tinyusb/src/tusb.c.obj
                                 0x17 (size before relaxing)
 *fill*         0x10009135        0x3 
 .rodata.__func__.0
                0x10009138       0x19 CMakeFiles/secure_iot.dir/C_/Users/panda/.pico-sdk/sdk/2.2.0/lib/tinyusb/src/tusb.c.obj
 *fill*         0x10009151        0x3 
 .rodata.__func__.2
                0x10009154       0x1a CMakeFiles/secure_iot.dir/C_/Users/panda/.pico-sdk/sdk/2.2.0/lib/tinyusb/src/tusb.c.obj
 *fill*         0x1000916e        0x2 
 .rodata.__func__.3
                0x10009170       0x23 CMakeFiles/secure_iot.dir/C_/Users/panda/.pico-sdk/sdk/2.2.0/lib/tinyusb/src/tusb.c.obj
 *fill*         0x10009193        0x1 
 .rodata.__func__.4
                0x10009194       0x11 CMakeFiles/secure_iot.dir/C_/Users/panda/.pico-sdk/sdk/2.2.0/lib/tinyusb/src/tusb.c.obj
 *fill*         0x100091a5        0x3 
 .rodata.__func__.5
                0x100091a8       0x11 CMakeFiles/secure_iot.dir/C_/Users/panda/.pico-sdk/sdk/2.2.0/lib/tinyusb/src/tusb.c.obj
 *(.srodata*)
 *fill*         0x100091b9        0x7 
 .srodata.cst8  0x100091c0       0x98 CMakeFiles/secure_iot.dir/C_/Users/panda/.pico-sdk/sdk/2.2.0/src/rp2_common/pico_printf/printf.c.obj
 .srodata.crlf_str.0
                0x10009258        0x2 CMakeFiles/secure_iot.dir/C_/Users/panda/.pico-sdk/sdk/2.2.0/src/rp2_common/pico_stdio/stdio.c.obj
 *fill*         0x1000925a        0x2 
 .srodata.__bi_49.5
                0x1000925c        0x8 CMakeFiles/secure_iot.dir/C_/Users/panda/.pico-sdk/sdk/2.2.0/src/rp2_common/pico_stdio_uart/stdio_uart.c.obj
 .srodata.__bi_50.6
                0x10009264        0x8 CMakeFiles/secure_iot.dir/C_/Users/panda/.pico-sdk/sdk/2.2.0/src/rp2_common/pico_stdio_uart/stdio_uart.c.obj
                0x1000926c                        . = ALIGN (0x4)
 *(SORT_BY_ALIGNMENT(SORT_BY_NAME(.flashdata*)))
                0x1000926c                        . = ALIGN (0x4)

.ARM.extab
 *(.ARM.extab* .gnu.linkonce.armextab.*)
                0x1000926c                        __exidx_start = .

.ARM.exidx
 *(.ARM.exidx* .gnu.linkonce.armexidx.*)
                0x1000926c                        __exidx_end = .
                0x1000926c                        . = ALIGN (0x4)
                0x1000926c                        __binary_info_start = .

.binary_info    0x1000926c       0x2c
 *(.binary_info.keep.*)
 .binary_info.keep.__bi_ptr84
                0x1000926c        0x4 CMakeFiles/secure_iot.dir/C_/Users/panda/.pico-sdk/sdk/2.2.0/src/rp2_common/pico_standard_binary_info/standard_binary_info.c.obj
 .binary_info.keep.__bi_ptr78
                0x10009270        0x4 CMakeFiles/secure_iot.dir/C_/Users/panda/.pico-sdk/sdk/2.2.0/src/rp2_common/pico_standard_binary_info/standard_binary_info.c.obj
 .binary_info.keep.__bi_ptr54
                0x10009274        0x4 CMakeFiles/secure_iot.dir/C_/Users/panda/.pico-sdk/sdk/2.2.0/src/rp2_common/pico_standard_binary_info/standard_binary_info.c.obj
 .binary_info.keep.__bi_ptr48
                0x10009278        0x4 CMakeFiles/secure_iot.dir/C_/Users/panda/.pico-sdk/sdk/2.2.0/src/rp2_common/pico_standard_binary_info/standard_binary_info.c.obj
 .binary_info.keep.__bi_ptr42
                0x1000927c        0x4 CMakeFiles/secure_iot.dir/C_/Users/panda/.pico-sdk/sdk/2.2.0/src/rp2_common/pico_standard_binary_info/standard_binary_info.c.obj
 .binary_info.keep.__bi_ptr34
                0x10009280        0x4 CMakeFiles/secure_iot.dir/C_/Users/panda/.pico-sdk/sdk/2.2.0/src/rp2_common/pico_standard_binary_info/standard_binary_info.c.obj
 .binary_info.keep.__bi_ptr26
                0x10009284        0x4 CMakeFiles/secure_iot.dir/C_/Users/panda/.pico-sdk/sdk/2.2.0/src/rp2_common/pico_standard_binary_info/standard_binary_info.c.obj
 *(.binary_info.*)
 .binary_info.__bi_ptr50
                0x10009288        0x4 CMakeFiles/secure_iot.dir/C_/Users/panda/.pico-sdk/sdk/2.2.0/src/rp2_common/pico_stdio_uart/stdio_uart.c.obj
 .binary_info.__bi_ptr49
                0x1000928c        0x4 CMakeFiles/secure_iot.dir/C_/Users/panda/.pico-sdk/sdk/2.2.0/src/rp2_common/pico_stdio_uart/stdio_uart.c.obj
 .binary_info.__bi_ptr45
                0x10009290        0x4 CMakeFiles/secure_iot.dir/C_/Users/panda/.pico-sdk/sdk/2.2.0/src/rp2_common/pico_stdio_uart/stdio_uart.c.obj
 .binary_info.__bi_ptr202
                0x10009294        0x4 CMakeFiles/secure_iot.dir/C_/Users/panda/.pico-sdk/sdk/2.2.0/src/rp2_common/pico_stdio_usb/stdio_usb.c.obj
                0x10009298                        __binary_info_end = .
                0x10009298                        . = ALIGN (0x4)

.ram_vector_table
 *(.ram_vector_table)

.uninitialized_data
                0x20000000        0x0
                0x20000000                        . = ALIGN (0x4)
 *(.uninitialized_data*)

.data           0x20000000     0x3844 load address 0x10009298
                0x20000000                        __data_start__ = .
 *(vtable)
 *(.time_critical*)
 .time_critical.mutex_try_enter
                0x20000000       0x54 CMakeFiles/secure_iot.dir/C_/Users/panda/.pico-sdk/sdk/2.2.0/src/common/pico_sync/mutex.c.obj
                0x20000000                mutex_try_enter
 .time_critical.mutex_enter_block_until
                0x20000054       0xae CMakeFiles/secure_iot.dir/C_/Users/panda/.pico-sdk/sdk/2.2.0/src/common/pico_sync/mutex.c.obj
                0x20000054                mutex_enter_block_until
 .time_critical.mutex_try_enter_block_until
                0x20000102       0x3c CMakeFiles/secure_iot.dir/C_/Users/panda/.pico-sdk/sdk/2.2.0/src/common/pico_sync/mutex.c.obj
                0x20000102                mutex_try_enter_block_until
 .time_critical.mutex_enter_timeout_ms
                0x2000013e       0x4a CMakeFiles/secure_iot.dir/C_/Users/panda/.pico-sdk/sdk/2.2.0/src/common/pico_sync/mutex.c.obj
                0x2000013e                mutex_enter_timeout_ms
 .time_critical.mutex_exit
                0x20000188       0x68 CMakeFiles/secure_iot.dir/C_/Users/panda/.pico-sdk/sdk/2.2.0/src/common/pico_sync/mutex.c.obj
                0x20000188                mutex_exit
 .time_critical.reset_non_control_endpoints
                0x200001f0       0x4c CMakeFiles/secure_iot.dir/C_/Users/panda/.pico-sdk/sdk/2.2.0/lib/tinyusb/src/portable/raspberrypi/rp2040/dcd_rp2040.c.obj
 .time_critical.hw_handle_buff_status
                0x2000023c       0xae CMakeFiles/secure_iot.dir/C_/Users/panda/.pico-sdk/sdk/2.2.0/lib/tinyusb/src/portable/raspberrypi/rp2040/dcd_rp2040.c.obj
 .time_critical.dcd_rp2040_irq
                0x200002ea      0x236 CMakeFiles/secure_iot.dir/C_/Users/panda/.pico-sdk/sdk/2.2.0/lib/tinyusb/src/portable/raspberrypi/rp2040/dcd_rp2040.c.obj
 .time_critical.prepare_ep_buffer
                0x20000520       0x84 CMakeFiles/secure_iot.dir/C_/Users/panda/.pico-sdk/sdk/2.2.0/lib/tinyusb/src/portable/raspberrypi/rp2040/rp2040_usb.c.obj
 .time_critical.e15_is_bulkin_ep
                0x200005a4       0x2c CMakeFiles/secure_iot.dir/C_/Users/panda/.pico-sdk/sdk/2.2.0/lib/tinyusb/src/portable/raspberrypi/rp2040/rp2040_usb.c.obj
 .time_critical.e15_is_critical_frame_period
                0x200005d0       0x2a CMakeFiles/secure_iot.dir/C_/Users/panda/.pico-sdk/sdk/2.2.0/lib/tinyusb/src/portable/raspberrypi/rp2040/rp2040_usb.c.obj
 .time_critical.sync_ep_buffer
                0x200005fa       0xba CMakeFiles/secure_iot.dir/C_/Users/panda/.pico-sdk/sdk/2.2.0/lib/tinyusb/src/portable/raspberrypi/rp2040/rp2040_usb.c.obj
 .time_critical._hw_endpoint_xfer_sync
                0x200006b4       0x34 CMakeFiles/secure_iot.dir/C_/Users/panda/.pico-sdk/sdk/2.2.0/lib/tinyusb/src/portable/raspberrypi/rp2040/rp2040_usb.c.obj
 .time_critical.hw_endpoint_reset_transfer
                0x200006e8       0x12 CMakeFiles/secure_iot.dir/C_/Users/panda/.pico-sdk/sdk/2.2.0/lib/tinyusb/src/portable/raspberrypi/rp2040/rp2040_usb.c.obj
                0x200006e8                hw_endpoint_reset_transfer
 *fill*         0x200006fa        0x2 
 .time_critical._hw_endpoint_buffer_control_update32
                0x200006fc       0x58 CMakeFiles/secure_iot.dir/C_/Users/panda/.pico-sdk/sdk/2.2.0/lib/tinyusb/src/portable/raspberrypi/rp2040/rp2040_usb.c.obj
                0x200006fc                _hw_endpoint_buffer_control_update32
 .time_critical.hw_endpoint_start_next_buffer
                0x20000754       0x84 CMakeFiles/secure_iot.dir/C_/Users/panda/.pico-sdk/sdk/2.2.0/lib/tinyusb/src/portable/raspberrypi/rp2040/rp2040_usb.c.obj
                0x20000754                hw_endpoint_start_next_buffer
 .time_critical.hw_endpoint_xfer_continue
                0x200007d8       0x50 CMakeFiles/secure_iot.dir/C_/Users/panda/.pico-sdk/sdk/2.2.0/lib/tinyusb/src/portable/raspberrypi/rp2040/rp2040_usb.c.obj
                0x200007d8                hw_endpoint_xfer_continue
 .time_critical.tinyusb
                0x20000828      0x2c8 CMakeFiles/secure_iot.dir/C_/Users/panda/.pico-sdk/sdk/2.2.0/lib/tinyusb/src/device/usbd.c.obj
                0x20000828                dcd_event_handler
 *(.text*)
 .text.__udivdi3
                0x20000af0      0x36e C:/riscv/xpack-riscv-none-elf-gcc-15.2.0-1/bin/../lib/gcc/riscv-none-elf/15.2.0\libgcc.a(_udivdi3.o)
                0x20000af0                __udivdi3
 .text.__umoddi3
                0x20000e5e      0x3ba C:/riscv/xpack-riscv-none-elf-gcc-15.2.0-1/bin/../lib/gcc/riscv-none-elf/15.2.0\libgcc.a(_umoddi3.o)
                0x20000e5e                __umoddi3
 .text.__adddf3