Archive member included to satisfy reference by file (symbol)

C:/riscv/xpack-riscv-none-elf-gcc-15.2.0-1/bin/../lib/gcc/riscv-none-elf/15.2.0\libgcc.a(_divdi3.o)
                              CMakeFiles/secure_iot.dir/C_/Users/panda/.pico-sdk/sdk/2.2.0/src/common/pico_time/time.c.obj (__divdi3)
C:/riscv/xpack-riscv-none-elf-gcc-15.2.0-1/bin/../lib/gcc/riscv-none-elf/15.2.0\libgcc.a(_moddi3.o)
                              CMakeFiles/secure_iot.dir/C_/Users/panda/.pico-sdk/sdk/2.2.0/src/common/pico_util/datetime.c.obj (__moddi3)
C:/riscv/xpack-riscv-none-elf-gcc-15.2.0-1/bin/../lib/gcc/riscv-none-elf/15.2.0\libgcc.a(_udivdi3.o)
                              CMakeFiles/secure_iot.dir/C_/Users/panda/.pico-sdk/sdk/2.2.0/src/rp2_common/hardware_clocks/clocks.c.obj (__udivdi3)
C:/riscv/xpack-riscv-none-elf-gcc-15.2.0-1/bin/../lib/gcc/riscv-none-elf/15.2.0\libgcc.a(_umoddi3.o)
                              CMakeFiles/secure_iot.dir/C_/Users/panda/.pico-sdk/sdk/2.2.0/src/rp2_common/pico_divider/divider_compiler.c.obj (__umoddi3)
C:/riscv/xpack-riscv-none-elf-gcc-15.2.0-1/bin/../lib/gcc/riscv-none-elf/15.2.0\libgcc.a(adddf3.o)
                              CMakeFiles/secure_iot.dir/C_/Users/panda/.pico-sdk/sdk/2.2.0/src/rp2_common/pico_printf/printf.c.obj (__adddf3)
C:/riscv/xpack-riscv-none-elf-gcc-15.2.0-1/bin/../lib/gcc/riscv-none-elf/15.2.0\libgcc.a(divdf3.o)
                              CMakeFiles/secure_iot.dir/C_/Users/panda/.pico-sdk/sdk/2.2.0/src/rp2_common/pico_printf/printf.c.obj (__divdf3)
C:/riscv/xpack-riscv-none-elf-gcc-15.2.0-1/bin/../lib/gcc/riscv-none-elf/15.2.0\libgcc.a(gedf2.o)
                              CMakeFiles/secure_iot.dir/C_/Users/panda/.pico-sdk/sdk/2.2.0/src/rp2_common/pico_printf/printf.c.obj (__gedf2)
C:/riscv/xpack-riscv-none-elf-gcc-15.2.0-1/bin/../lib/gcc/riscv-none-elf/15.2.0\libgcc.a(ledf2.o)
                              CMakeFiles/secure_iot.dir/C_/Users/panda/.pico-sdk/sdk/2.2.0/src/rp2_common/pico_printf/printf.c.obj (__ledf2)
C:/riscv/xpack-riscv-none-elf-gcc-15.2.0-1/bin/../lib/gcc/riscv-none-elf/15.2.0\libgcc.a(muldf3.o)
                              CMakeFiles/secure_iot.dir/C_/Users/panda/.pico-sdk/sdk/2.2.0/src/rp2_common/pico_printf/printf.c.obj (__muldf3)
C:/riscv/xpack-riscv-none-elf-gcc-15.2.0-1/bin/../lib/gcc/riscv-none-elf/15.2.0\libgcc.a(subdf3.o)
                              CMakeFiles/secure_iot.dir/C_/Users/panda/.pico-sdk/sdk/2.2.0/src/rp2_common/pico_printf/printf.c.obj (__subdf3)
C:/riscv/xpack-riscv-none-elf-gcc-15.2.0-1/bin/../lib/gcc/riscv-none-elf/15.2.0\libgcc.a(unorddf2.o)
                              CMakeFiles/secure_iot.dir/C_/Users/panda/.pico-sdk/sdk/2.2.0/src/rp2_common/pico_printf/printf.c.obj (__unorddf2)
C:/riscv/xpack-riscv-none-elf-gcc-15.2.0-1/bin/../lib/gcc/riscv-none-elf/15.2.0\libgcc.a(fixdfsi.o)
                              CMakeFiles/secure_iot.dir/C_/Users/panda/.pico-sdk/sdk/2.2.0/src/rp2_common/pico_printf/printf.c.obj (__fixdfsi)
C:/riscv/xpack-riscv-none-elf-gcc-15.2.0-1/bin/../lib/gcc/riscv-none-elf/15.2.0\libgcc.a(fixunsdfsi.o)
                              CMakeFiles/secure_iot.dir/C_/Users/panda/.pico-sdk/sdk/2.2.0/src/rp2_common/pico_printf/printf.c.obj (__fixunsdfsi)
C:/riscv/xpack-riscv-none-elf-gcc-15.2.0-1/bin/../lib/gcc/riscv-none-elf/15.2.0\libgcc.a(floatsidf.o)
                              CMakeFiles/secure_iot.dir/C_/Users/panda/.pico-sdk/sdk/2.2.0/src/rp2_common/pico_printf/printf.c.obj (__floatsidf)
C:/riscv/xpack-riscv-none-elf-gcc-15.2.0-1/bin/../lib/gcc/riscv-none-elf/15.2.0\libgcc.a(floatunsidf.o)
                              CMakeFiles/secure_iot.dir/C_/Users/panda/.pico-sdk/sdk/2.2.0/src/rp2_common/pico_printf/printf.c.obj (__floatunsidf)
C:/riscv/xpack-riscv-none-elf-gcc-15.2.0-1/bin/../lib/gcc/riscv-none-elf/15.2.0\libgcc.a(_clz.o)
                              C:/riscv/xpack-riscv-none-elf-gcc-15.2.0-1/bin/../lib/gcc/riscv-none-elf/15.2.0\libgcc.a(_divdi3.o) (__clz_tab)
C:/riscv/xpack-riscv-none-elf-gcc-15.2.0-1/bin/../lib/gcc/riscv-none-elf/15.2.0\libgcc.a(_clzsi2.o)
                              C:/riscv/xpack-riscv-none-elf-gcc-15.2.0-1/bin/../lib/gcc/riscv-none-elf/15.2.0\libgcc.a(adddf3.o) (__clzsi2)
C:/riscv/xpack-riscv-none-elf-gcc-15.2.0-1/bin/../lib/gcc/riscv-none-elf/15.2.0/../../../../riscv-none-elf/lib\libc.a(libc_a-atexit.o)
                              C:/riscv/xpack-riscv-none-elf-gcc-15.2.0-1/bin/../lib/gcc/riscv-none-elf/15.2.0/../../../../riscv-none-elf/lib/crt0.o (atexit)
C:/riscv/xpack-riscv-none-elf-gcc-15.2.0-1/bin/../lib/gcc/riscv-none-elf/15.2.0/../../../../riscv-none-elf/lib\libc.a(libc_a-calloc.o)
                              CMakeFiles/secure_iot.dir/C_/Users/panda/.pico-sdk/sdk/2.2.0/src/rp2_common/pico_malloc/malloc.c.obj (calloc)
C:/riscv/xpack-riscv-none-elf-gcc-15.2.0-1/bin/../lib/gcc/riscv-none-elf/15.2.0/../../../../riscv-none-elf/lib\libc.a(libc_a-callocr.o)
[...]
Memory Configuration

Name             Origin             Length             Attributes
FLASH            0x10000000         0x00400000         xr
RAM              0x20000000         0x00080000         xrw
SCRATCH_X        0x20080000         0x00001000         xrw
SCRATCH_Y        0x20081000         0x00001000         xrw
*default*        0x00000000         0xffffffff

Linker script and memory map

LOAD C:/riscv/xpack-riscv-none-elf-gcc-15.2.0-1/bin/../lib/gcc/riscv-none-elf/15.2.0/../../../../riscv-none-elf/lib/crt0.o
LOAD C:/riscv/xpack-riscv-none-elf-gcc-15.2.0-1/bin/../lib/gcc/riscv-none-elf/15.2.0/crtbegin.o

.flash_begin    0x10000000        0x0
                0x10000000                        __flash_binary_start = .

.text           0x10000000     0x77a0
                0x10000000                        __logical_binary_start = .
 *(.vectors)
 *(.binary_info_header)
 .binary_info_header
                0x10000000       0x14 CMakeFiles/secure_iot.dir/C_/Users/panda/.pico-sdk/sdk/2.2.0/src/rp2_common/pico_crt0/crt0_riscv.S.obj
                0x10000014                        __binary_info_header_end = .
 *(.embedded_block)
 .embedded_block
                0x10000014       0x20 CMakeFiles/secure_iot.dir/C_/Users/panda/.pico-sdk/sdk/2.2.0/src/rp2_common/pico_crt0/crt0_riscv.S.obj
                0x10000034                        __embedded_block_end = .
 *(.reset)
 .reset         0x10000034       0xa6 CMakeFiles/secure_iot.dir/C_/Users/panda/.pico-sdk/sdk/2.2.0/src/rp2_common/pico_crt0/crt0_riscv.S.obj
                0x10000034                _entry_point
 *(.init)
 *libgcc.a:cmse_nonsecure_call.o()
 *(EXCLUDE_FILE(*libm.a: *libc.a:*lib_a-mem*.o *libgcc.a:) .text*)
 .text.frame_dummy
                0x100000da       0x20 C:/riscv/xpack-riscv-none-elf-gcc-15.2.0-1/bin/../lib/gcc/riscv-none-elf/15.2.0/crtbegin.o
 .text.kernel_crypto_engine
                0x100000fa       0x38 CMakeFiles/secure_iot.dir/main.c.obj
                0x100000fa                kernel_crypto_engine
 .text.machine_exception_handler
                0x10000132       0xe8 CMakeFiles/secure_iot.dir/main.c.obj
                0x10000132                machine_exception_handler
 .text.switch_to_user_mode
                0x1000021a       0x2e CMakeFiles/secure_iot.dir/main.c.obj
                0x1000021a                switch_to_user_mode
 .text.main     0x10000248       0x4e CMakeFiles/secure_iot.dir/main.c.obj
                0x10000248                main
 .text.syscall_encrypt_data
                0x10000296        0xa CMakeFiles/secure_iot.dir/main.c.obj
                0x10000296                syscall_encrypt_data
 .text.sandbox_main
                0x100002a0      0x116 CMakeFiles/secure_iot.dir/main.c.obj
                0x100002a0                sandbox_main
 .text.KeyExpansion
                0x100003b6      0x180 CMakeFiles/secure_iot.dir/crypto/aes.c.obj
 .text.AddRoundKey
                0x10000536       0x42 CMakeFiles/secure_iot.dir/crypto/aes.c.obj
 .text.SubBytes
                0x10000578       0x3e CMakeFiles/secure_iot.dir/crypto/aes.c.obj
 .text.ShiftRows
                0x100005b6       0x62 CMakeFiles/secure_iot.dir/crypto/aes.c.obj
 .text.xtime    0x10000618       0x18 CMakeFiles/secure_iot.dir/crypto/aes.c.obj
 .text.MixColumns
                0x10000630       0x9c CMakeFiles/secure_iot.dir/crypto/aes.c.obj
 .text.Cipher   0x100006cc       0x4e CMakeFiles/secure_iot.dir/crypto/aes.c.obj
 .text.AES_init_ctx
                0x1000071a        0xc CMakeFiles/secure_iot.dir/crypto/aes.c.obj
                0x1000071a                AES_init_ctx
 .text.AES_ECB_encrypt
                0x10000726       0x12 CMakeFiles/secure_iot.dir/crypto/aes.c.obj
                0x10000726                AES_ECB_encrypt
 .text.panic    0x10000738       0x40 CMakeFiles/secure_iot.dir/C_/Users/panda/.pico-sdk/sdk/2.2.0/src/rp2_common/pico_platform_panic/panic.c.obj
                0x10000738                panic
 .text.hw_claim_lock
                0x10000778       0x24 CMakeFiles/secure_iot.dir/C_/Users/panda/.pico-sdk/sdk/2.2.0/src/common/hardware_claim/claim.c.obj
                0x10000778                hw_claim_lock
 .text.hw_claim_unlock
                0x1000079c       0x18 CMakeFiles/secure_iot.dir/C_/Users/panda/.pico-sdk/sdk/2.2.0/src/common/hardware_claim/claim.c.obj
                0x1000079c                hw_claim_unlock
 .text.hw_claim_or_assert
                0x100007b4       0x4a CMakeFiles/secure_iot.dir/C_/Users/panda/.pico-sdk/sdk/2.2.0/src/common/hardware_claim/claim.c.obj
                0x100007b4                hw_claim_or_assert
 .text.hw_claim_unused_from_range
                0x100007fe       0x6e CMakeFiles/secure_iot.dir/C_/Users/panda/.pico-sdk/sdk/2.2.0/src/common/hardware_claim/claim.c.obj
                0x100007fe                hw_claim_unused_from_range
 .text.next_striped_spin_lock_num
                0x1000086c       0x26 CMakeFiles/secure_iot.dir/C_/Users/panda/.pico-sdk/sdk/2.2.0/src/rp2_common/hardware_sync/sync.c.obj
                0x1000086c                next_striped_spin_lock_num
 .text.spin_lock_claim_unused
                0x10000892       0x22 CMakeFiles/secure_iot.dir/C_/Users/panda/.pico-sdk/sdk/2.2.0/src/rp2_common/hardware_sync/sync.c.obj
                0x10000892                spin_lock_claim_unused
 .text.spin_locks_reset
                0x100008b4       0x20 CMakeFiles/secure_iot.dir/C_/Users/panda/.pico-sdk/sdk/2.2.0/src/rp2_common/hardware_sync_spin_lock/sync_spin_lock.c.obj
                0x100008b4                spin_locks_reset
 .text.riscv_encode_imm_j
                0x100008d4       0x2c CMakeFiles/secure_iot.dir/C_/Users/panda/.pico-sdk/sdk/2.2.0/src/rp2_common/hardware_irq/irq.c.obj
 .text.riscv_encode_imm_cj
                0x10000900       0x5e CMakeFiles/secure_iot.dir/C_/Users/panda/.pico-sdk/sdk/2.2.0/src/rp2_common/hardware_irq/irq.c.obj
 .text.resolve_j_16
                0x1000095e       0x4c CMakeFiles/secure_iot.dir/C_/Users/panda/.pico-sdk/sdk/2.2.0/src/rp2_common/hardware_irq/irq.c.obj
 .text.irq_set_mask_n_enabled_internal
                0x100009aa       0x3e CMakeFiles/secure_iot.dir/C_/Users/panda/.pico-sdk/sdk/2.2.0/src/rp2_common/hardware_irq/irq.c.obj
 .text.set_raw_irq_handler_and_unlock
                0x100009e8       0x2c CMakeFiles/secure_iot.dir/C_/Users/panda/.pico-sdk/sdk/2.2.0/src/rp2_common/hardware_irq/irq.c.obj
 .text.make_jal_16
                0x10000a14       0x50 CMakeFiles/secure_iot.dir/C_/Users/panda/.pico-sdk/sdk/2.2.0/src/rp2_common/hardware_irq/irq.c.obj
 .text.make_j_16
                0x10000a64       0x14 CMakeFiles/secure_iot.dir/C_/Users/panda/.pico-sdk/sdk/2.2.0/src/rp2_common/hardware_irq/irq.c.obj
 .text.irq_is_enabled
                0x10000a78       0x18 CMakeFiles/secure_iot.dir/C_/Users/panda/.pico-sdk/sdk/2.2.0/src/rp2_common/hardware_irq/irq.c.obj
                0x10000a78                irq_is_enabled
 .text.irq_set_mask_n_enabled
                0x10000a90        0xc CMakeFiles/secure_iot.dir/C_/Users/panda/.pico-sdk/sdk/2.2.0/src/rp2_common/hardware_irq/irq.c.obj
                0x10000a90                irq_set_mask_n_enabled
 .text.irq_set_enabled
                0x10000a9c       0x14 CMakeFiles/secure_iot.dir/C_/Users/panda/.pico-sdk/sdk/2.2.0/src/rp2_common/hardware_irq/irq.c.obj
                0x10000a9c                irq_set_enabled
 .text.irq_set_pending
                0x10000ab0       0x14 CMakeFiles/secure_iot.dir/C_/Users/panda/.pico-sdk/sdk/2.2.0/src/rp2_common/hardware_irq/irq.c.obj
                0x10000ab0                irq_set_pending
 .text.irq_get_vtable_handler
                0x10000ac4       0x12 CMakeFiles/secure_iot.dir/C_/Users/panda/.pico-sdk/sdk/2.2.0/src/rp2_common/hardware_irq/irq.c.obj
                0x10000ac4                irq_get_vtable_handler
 .text.irq_has_shared_handler
                0x10000ad6       0x1a CMakeFiles/secure_iot.dir/C_/Users/panda/.pico-sdk/sdk/2.2.0/src/rp2_common/hardware_irq/irq.c.obj
                0x10000ad6                irq_has_shared_handler
 .text.irq_set_exclusive_handler
                0x10000af0       0x78 CMakeFiles/secure_iot.dir/C_/Users/panda/.pico-sdk/sdk/2.2.0/src/rp2_common/hardware_irq/irq.c.obj
                0x10000af0                irq_set_exclusive_handler
 .text.irq_add_shared_handler
                0x10000b68      0x2ec CMakeFiles/secure_iot.dir/C_/Users/panda/.pico-sdk/sdk/2.2.0/src/rp2_common/hardware_irq/irq.c.obj
                0x10000b68                irq_add_shared_handler
 .text.irq_set_priority
                0x10000e54       0x2c CMakeFiles/secure_iot.dir/C_/Users/panda/.pico-sdk/sdk/2.2.0/src/rp2_common/hardware_irq/irq.c.obj
                0x10000e54                irq_set_priority
 .text.runtime_init_per_core_irq_priorities
                0x10000e80       0x28 CMakeFiles/secure_iot.dir/C_/Users/panda/.pico-sdk/sdk/2.2.0/src/rp2_common/hardware_irq/irq.c.obj
                0x10000e80                runtime_init_per_core_irq_priorities
 .text.irq_add_tail_to_free_list
                0x10000ea8      0x160 CMakeFiles/secure_iot.dir/C_/Users/panda/.pico-sdk/sdk/2.2.0/src/rp2_common/hardware_irq/irq.c.obj
                0x10000ea8                irq_add_tail_to_free_list
 .text.user_irq_claim_unused
                0x10001008       0x30 CMakeFiles/secure_iot.dir/C_/Users/panda/.pico-sdk/sdk/2.2.0/src/rp2_common/hardware_irq/irq.c.obj
                0x10001008                user_irq_claim_unused
 .text.lock_init
                0x10001038        0xe CMakeFiles/secure_iot.dir/C_/Users/panda/.pico-sdk/sdk/2.2.0/src/common/pico_sync/lock_core.c.obj
                0x10001038                lock_init
 .text.mutex_init
                0x10001046       0x24 CMakeFiles/secure_iot.dir/C_/Users/panda/.pico-sdk/sdk/2.2.0/src/common/pico_sync/mutex.c.obj
                0x10001046                mutex_init
 .text.recursive_mutex_init
                0x1000106a       0x28 CMakeFiles/secure_iot.dir/C_/Users/panda/.pico-sdk/sdk/2.2.0/src/common/pico_sync/mutex.c.obj
                0x1000106a                recursive_mutex_init
 .text.runtime_init_mutex
                0x10001092       0x5a CMakeFiles/secure_iot.dir/C_/Users/panda/.pico-sdk/sdk/2.2.0/src/common/pico_sync/mutex.c.obj
                0x10001092                runtime_init_mutex
 .text.critical_section_init_with_lock_num
                0x100010ec       0x12 CMakeFiles/secure_iot.dir/C_/Users/panda/.pico-sdk/sdk/2.2.0/src/common/pico_sync/critical_section.c.obj
                0x100010ec                critical_section_init_with_lock_num
 .text.critical_section_init
                0x100010fe       0x1c CMakeFiles/secure_iot.dir/C_/Users/panda/.pico-sdk/sdk/2.2.0/src/common/pico_sync/critical_section.c.obj
                0x100010fe                critical_section_init
 .text.ta_from_current_irq
                0x1000111a       0x36 CMakeFiles/secure_iot.dir/C_/Users/panda/.pico-sdk/sdk/2.2.0/src/common/pico_time/time.c.obj
 .text.ta_set_timeout
                0x10001150       0x2a CMakeFiles/secure_iot.dir/C_/Users/panda/.pico-sdk/sdk/2.2.0/src/common/pico_time/time.c.obj
 .text.make_alarm_id
                0x1000117a        0x6 CMakeFiles/secure_iot.dir/C_/Users/panda/.pico-sdk/sdk/2.2.0/src/common/pico_time/time.c.obj
 .text.sleep_until_callback
                0x10001180       0x40 CMakeFiles/secure_iot.dir/C_/Users/panda/.pico-sdk/sdk/2.2.0/src/common/pico_time/time.c.obj
 .text.alarm_pool_irq_handler
                0x100011c0      0x338 CMakeFiles/secure_iot.dir/C_/Users/panda/.pico-sdk/sdk/2.2.0/src/common/pico_time/time.c.obj
 .text.ta_enable_irq_handler
                0x100014f8       0x4a CMakeFiles/secure_iot.dir/C_/Users/panda/.pico-sdk/sdk/2.2.0/src/common/pico_time/time.c.obj
 .text.alarm_pool_post_alloc_init
                0x10001542       0xa4 CMakeFiles/secure_iot.dir/C_/Users/panda/.pico-sdk/sdk/2.2.0/src/common/pico_time/time.c.obj
 .text.alarm_pool_get_default
                0x100015e6       0x3a CMakeFiles/secure_iot.dir/C_/Users/panda/.pico-sdk/sdk/2.2.0/src/common/pico_time/time.c.obj
                0x100015e6                alarm_pool_get_default
 .text.alarm_pool_add_alarm_at_force_in_context
                0x10001620       0xde CMakeFiles/secure_iot.dir/C_/Users/panda/.pico-sdk/sdk/2.2.0/src/common/pico_time/time.c.obj
                0x10001620                alarm_pool_add_alarm_at_force_in_context
 .text.alarm_pool_add_alarm_at
                0x100016fe       0x4e CMakeFiles/secure_iot.dir/C_/Users/panda/.pico-sdk/sdk/2.2.0/src/common/pico_time/time.c.obj
                0x100016fe                alarm_pool_add_alarm_at
 .text.add_alarm_at
                0x1000174c       0x36 CMakeFiles/secure_iot.dir/C_/Users/panda/.pico-sdk/sdk/2.2.0/src/common/pico_time/time.c.obj
 .text.alarm_pool_cancel_alarm
                0x10001782       0x8a CMakeFiles/secure_iot.dir/C_/Users/panda/.pico-sdk/sdk/2.2.0/src/common/pico_time/time.c.obj
                0x10001782                alarm_pool_cancel_alarm
 .text.cancel_alarm
                0x1000180c       0x16 CMakeFiles/secure_iot.dir/C_/Users/panda/.pico-sdk/sdk/2.2.0/src/common/pico_time/time.c.obj
 .text.alarm_pool_core_num
                0x10001822        0x6 CMakeFiles/secure_iot.dir/C_/Users/panda/.pico-sdk/sdk/2.2.0/src/common/pico_time/time.c.obj
                0x10001822                alarm_pool_core_num
 .text.sleep_until
                0x10001828       0xde CMakeFiles/secure_iot.dir/C_/Users/panda/.pico-sdk/sdk/2.2.0/src/common/pico_time/time.c.obj
                0x10001828                sleep_until
 .text.sleep_us
                0x10001906       0x32 CMakeFiles/secure_iot.dir/C_/Users/panda/.pico-sdk/sdk/2.2.0/src/common/pico_time/time.c.obj
                0x10001906                sleep_us
 .text.sleep_ms
                0x10001938       0x18 CMakeFiles/secure_iot.dir/C_/Users/panda/.pico-sdk/sdk/2.2.0/src/common/pico_time/time.c.obj
                0x10001938                sleep_ms
 .text.best_effort_wfe_or_timeout
                0x10001950      0x168 CMakeFiles/secure_iot.dir/C_/Users/panda/.pico-sdk/sdk/2.2.0/src/common/pico_time/time.c.obj
                0x10001950                best_effort_wfe_or_timeout
 .text.alarm_pool_get_default_timer
                0x10001ab8        0x6 CMakeFiles/secure_iot.dir/C_/Users/panda/.pico-sdk/sdk/2.2.0/src/common/pico_time/time.c.obj
                0x10001ab8                alarm_pool_get_default_timer
 .text.runtime_init_default_alarm_pool
                0x10001abe       0x44 CMakeFiles/secure_iot.dir/C_/Users/panda/.pico-sdk/sdk/2.2.0/src/common/pico_time/time.c.obj
                0x10001abe                runtime_init_default_alarm_pool
 .text.timer_hardware_alarm_claim
                0x10001b02       0x26 CMakeFiles/secure_iot.dir/C_/Users/panda/.pico-sdk/sdk/2.2.0/src/rp2_common/hardware_timer/timer.c.obj
                0x10001b02                timer_hardware_alarm_claim
 .text.timer_time_us_64
                0x10001b28       0x10 CMakeFiles/secure_iot.dir/C_/Users/panda/.pico-sdk/sdk/2.2.0/src/rp2_common/hardware_timer/timer.c.obj
                0x10001b28                timer_time_us_64
 .text.timer_busy_wait_until
                0x10001b38       0x1a CMakeFiles/secure_iot.dir/C_/Users/panda/.pico-sdk/sdk/2.2.0/src/rp2_common/hardware_timer/timer.c.obj
                0x10001b38                timer_busy_wait_until
 .text.time_us_64
                0x10001b52       0x10 CMakeFiles/secure_iot.dir/C_/Users/panda/.pico-sdk/sdk/2.2.0/src/rp2_common/hardware_timer/timer.c.obj
                0x10001b52                time_us_64
 .text.busy_wait_until
                0x10001b62       0x14 CMakeFiles/secure_iot.dir/C_/Users/panda/.pico-sdk/sdk/2.2.0/src/rp2_common/hardware_timer/timer.c.obj
                0x10001b62                busy_wait_until
 *fill*         0x10001b76        0x2 
 .text.clock_configure_internal
                0x10001b78       0xc8 CMakeFiles/secure_iot.dir/C_/Users/panda/.pico-sdk/sdk/2.2.0/src/rp2_common/hardware_clocks/clocks.c.obj
 .text.clock_configure_undivided
                0x10001c40        0xe CMakeFiles/secure_iot.dir/C_/Users/panda/.pico-sdk/sdk/2.2.0/src/rp2_common/hardware_clocks/clocks.c.obj
                0x10001c40                clock_configure_undivided
 .text.clock_get_hz
                0x10001c4e       0x10 CMakeFiles/secure_iot.dir/C_/Users/panda/.pico-sdk/sdk/2.2.0/src/rp2_common/hardware_clocks/clocks.c.obj
                0x10001c4e                clock_get_hz
 .text.pll_init
                0x10001c5e      0x148 CMakeFiles/secure_iot.dir/C_/Users/panda/.pico-sdk/sdk/2.2.0/src/rp2_common/hardware_pll/pll.c.obj
                0x10001c5e                pll_init
 .text.watchdog_update
                0x10001da6        0xc CMakeFiles/secure_iot.dir/C_/Users/panda/.pico-sdk/sdk/2.2.0/src/rp2_common/hardware_watchdog/watchdog.c.obj
                0x10001da6                watchdog_update
 .text._watchdog_enable
                0x10001db2       0x72 CMakeFiles/secure_iot.dir/C_/Users/panda/.pico-sdk/sdk/2.2.0/src/rp2_common/hardware_watchdog/watchdog.c.obj
                0x10001db2                _watchdog_enable
 .text.watchdog_reboot
                0x10001e24       0x46 CMakeFiles/secure_iot.dir/C_/Users/panda/.pico-sdk/sdk/2.2.0/src/rp2_common/hardware_watchdog/watchdog.c.obj
                0x10001e24                watchdog_reboot
 .text.tick_start
                0x10001e6a       0x16 CMakeFiles/secure_iot.dir/C_/Users/panda/.pico-sdk/sdk/2.2.0/src/rp2_common/hardware_ticks/ticks.c.obj
                0x10001e6a                tick_start
 .text.rom_reboot
                0x10001e80       0x3e CMakeFiles/secure_iot.dir/C_/Users/panda/.pico-sdk/sdk/2.2.0/src/rp2_common/pico_bootrom/bootrom.c.obj
 .text.rom_func_lookup
                0x10001ebe       0x14 CMakeFiles/secure_iot.dir/C_/Users/panda/.pico-sdk/sdk/2.2.0/src/rp2_common/pico_bootrom/bootrom.c.obj
                0x10001ebe                rom_func_lookup
 .text.rom_reset_usb_boot_extra
                0x10001ed2       0x22 CMakeFiles/secure_iot.dir/C_/Users/panda/.pico-sdk/sdk/2.2.0/src/rp2_common/pico_bootrom/bootrom.c.obj
                0x10001ed2                rom_reset_usb_boot_extra
 .text.runtime_init_bootrom_locking_enable
                0x10001ef4       0x10 CMakeFiles/secure_iot.dir/C_/Users/panda/.pico-sdk/sdk/2.2.0/src/rp2_common/pico_bootrom/bootrom_lock.c.obj
                0x10001ef4                runtime_init_bootrom_locking_enable
 .text.boot_locks_reset
                0x10001f04       0x22 CMakeFiles/secure_iot.dir/C_/Users/panda/.pico-sdk/sdk/2.2.0/src/rp2_common/hardware_boot_lock/boot_lock.c.obj
                0x10001f04                boot_locks_reset
 .text.runtime_init_boot_locks_reset
                0x10001f26        0xc CMakeFiles/secure_iot.dir/C_/Users/panda/.pico-sdk/sdk/2.2.0/src/rp2_common/hardware_boot_lock/boot_lock.c.obj
                0x10001f26                runtime_init_boot_locks_reset
 .text.xosc_init
                0x10001f32       0x28 CMakeFiles/secure_iot.dir/C_/Users/panda/.pico-sdk/sdk/2.2.0/src/rp2_common/hardware_xosc/xosc.c.obj
                0x10001f32                xosc_init
 .text.runtime_run_initializers_from
                0x10001f5a       0x24 CMakeFiles/secure_iot.dir/C_/Users/panda/.pico-sdk/sdk/2.2.0/src/rp2_common/pico_runtime/runtime.c.obj
 .text.first_per_core_initializer
                0x10001f7e        0x2 CMakeFiles/secure_iot.dir/C_/Users/panda/.pico-sdk/sdk/2.2.0/src/rp2_common/pico_runtime/runtime.c.obj
 .text.runtime_run_initializers
                0x10001f80       0x14 CMakeFiles/secure_iot.dir/C_/Users/panda/.pico-sdk/sdk/2.2.0/src/rp2_common/pico_runtime/runtime.c.obj
                0x10001f80                runtime_run_initializers
 .text.runtime_init_early_resets
                0x10001f94       0x2e CMakeFiles/secure_iot.dir/C_/Users/panda/.pico-sdk/sdk/2.2.0/src/rp2_common/pico_runtime_init/runtime_init.c.obj
                0x10001f94                runtime_init_early_resets
 .text.runtime_init_usb_power_down
                0x10001fc2       0x1a CMakeFiles/secure_iot.dir/C_/Users/panda/.pico-sdk/sdk/2.2.0/src/rp2_common/pico_runtime_init/runtime_init.c.obj
                0x10001fc2                runtime_init_usb_power_down
 .text.runtime_init_post_clock_resets
                0x10001fdc       0x20 CMakeFiles/secure_iot.dir/C_/Users/panda/.pico-sdk/sdk/2.2.0/src/rp2_common/pico_runtime_init/runtime_init.c.obj
                0x10001fdc                runtime_init_post_clock_resets
 .text.runtime_init_bootrom_reset
                0x10001ffc       0x18 CMakeFiles/secure_iot.dir/C_/Users/panda/.pico-sdk/sdk/2.2.0/src/rp2_common/pico_runtime_init/runtime_init.c.obj
                0x10001ffc                runtime_init_bootrom_reset
 .text.runtime_init_per_core_bootrom_reset
                0x10002014       0x18 CMakeFiles/secure_iot.dir/C_/Users/panda/.pico-sdk/sdk/2.2.0/src/rp2_common/pico_runtime_init/runtime_init.c.obj
                0x10002014                runtime_init_per_core_bootrom_reset
 .text.runtime_init_spin_locks_reset
                0x1000202c        0xe CMakeFiles/secure_iot.dir/C_/Users/panda/.pico-sdk/sdk/2.2.0/src/rp2_common/pico_runtime_init/runtime_init.c.obj
                0x1000202c                runtime_init_spin_locks_reset
 .text.start_all_ticks
                0x1000203a       0x36 CMakeFiles/secure_iot.dir/C_/Users/panda/.pico-sdk/sdk/2.2.0/src/rp2_common/pico_runtime_init/runtime_init_clocks.c.obj
 .text.runtime_init_clocks
                0x10002070       0xc6 CMakeFiles/secure_iot.dir/C_/Users/panda/.pico-sdk/sdk/2.2.0/src/rp2_common/pico_runtime_init/runtime_init_clocks.c.obj
                0x10002070                runtime_init_clocks
 .text._out_buffer
                0x10002136        0xc CMakeFiles/secure_iot.dir/C_/Users/panda/.pico-sdk/sdk/2.2.0/src/rp2_common/pico_printf/printf.c.obj
 .text._out_null
                0x10002142        0x2 CMakeFiles/secure_iot.dir/C_/Users/panda/.pico-sdk/sdk/2.2.0/src/rp2_common/pico_printf/printf.c.obj
 .text._out_fct
                0x10002144       0x14 CMakeFiles/secure_iot.dir/C_/Users/panda/.pico-sdk/sdk/2.2.0/src/rp2_common/pico_printf/printf.c.obj
 .text._atoi    0x10002158       0x32 CMakeFiles/secure_iot.dir/C_/Users/panda/.pico-sdk/sdk/2.2.0/src/rp2_common/pico_printf/printf.c.obj
 .text._out_rev
                0x1000218a       0xa4 CMakeFiles/secure_iot.dir/C_/Users/panda/.pico-sdk/sdk/2.2.0/src/rp2_common/pico_printf/printf.c.obj
 .text._ntoa_format
                0x1000222e      0x17e CMakeFiles/secure_iot.dir/C_/Users/panda/.pico-sdk/sdk/2.2.0/src/rp2_common/pico_printf/printf.c.obj
 .text._ntoa_long
                0x100023ac       0x8e CMakeFiles/secure_iot.dir/C_/Users/panda/.pico-sdk/sdk/2.2.0/src/rp2_common/pico_printf/printf.c.obj
 .text._ntoa_long_long
                0x1000243a      0x10a CMakeFiles/secure_iot.dir/C_/Users/panda/.pico-sdk/sdk/2.2.0/src/rp2_common/pico_printf/printf.c.obj
 .text._etoa    0x10002544      0x4cc CMakeFiles/secure_iot.dir/C_/Users/panda/.pico-sdk/sdk/2.2.0/src/rp2_common/pico_printf/printf.c.obj
 .text._ftoa    0x10002a10      0x454 CMakeFiles/secure_iot.dir/C_/Users/panda/.pico-sdk/sdk/2.2.0/src/rp2_common/pico_printf/printf.c.obj
 .text._vsnprintf
                0x10002e64      0x6f8 CMakeFiles/secure_iot.dir/C_/Users/panda/.pico-sdk/sdk/2.2.0/src/rp2_common/pico_printf/printf.c.obj
 .text.__wrap_sprintf
                0x1000355c       0x2c CMakeFiles/secure_iot.dir/C_/Users/panda/.pico-sdk/sdk/2.2.0/src/rp2_common/pico_printf/printf.c.obj
                0x1000355c                __wrap_sprintf
 .text.vfctprintf
                0x10003588       0x22 CMakeFiles/secure_iot.dir/C_/Users/panda/.pico-sdk/sdk/2.2.0/src/rp2_common/pico_printf/printf.c.obj
                0x10003588                vfctprintf
 .text          0x100035aa       0x20 CMakeFiles/secure_iot.dir/C_/Users/panda/.pico-sdk/sdk/2.2.0/src/rp2_common/pico_crt0/crt0_riscv.S.obj
                0x100035aa                runtime_init_per_core_h3_irq_registers
 .text._exit    0x100035ca        0x4 CMakeFiles/secure_iot.dir/C_/Users/panda/.pico-sdk/sdk/2.2.0/src/rp2_common/pico_clib_interface/newlib_interface.c.obj
                0x100035ca                _exit
 .text.exit     0x100035ce        0x6 CMakeFiles/secure_iot.dir/C_/Users/panda/.pico-sdk/sdk/2.2.0/src/rp2_common/pico_clib_interface/newlib_interface.c.obj
                0x100035ce                exit
 .text.__assert_func
                0x100035d4       0x32 CMakeFiles/secure_iot.dir/C_/Users/panda/.pico-sdk/sdk/2.2.0/src/rp2_common/pico_clib_interface/newlib_interface.c.obj
                0x100035d4                __assert_func
 .text.runtime_init
                0x10003606       0x3c CMakeFiles/secure_iot.dir/C_/Users/panda/.pico-sdk/sdk/2.2.0/src/rp2_common/pico_clib_interface/newlib_interface.c.obj
                0x10003606                runtime_init
 .text.stdio_out_chars_no_crlf
                0x10003642       0x14 CMakeFiles/secure_iot.dir/C_/Users/panda/.pico-sdk/sdk/2.2.0/src/rp2_common/pico_stdio/stdio.c.obj
 .text.stdio_out_chars_crlf
                0x10003656       0xb6 CMakeFiles/secure_iot.dir/C_/Users/panda/.pico-sdk/sdk/2.2.0/src/rp2_common/pico_stdio/stdio.c.obj
 .text.stdio_stack_buffer_flush
                0x1000370c       0x42 CMakeFiles/secure_iot.dir/C_/Users/panda/.pico-sdk/sdk/2.2.0/src/rp2_common/pico_stdio/stdio.c.obj
 .text.stdio_buffered_printer
                0x1000374e       0x34 CMakeFiles/secure_iot.dir/C_/Users/panda/.pico-sdk/sdk/2.2.0/src/rp2_common/pico_stdio/stdio.c.obj
 .text.stdout_serialize_begin
                0x10003782       0x3e CMakeFiles/secure_iot.dir/C_/Users/panda/.pico-sdk/sdk/2.2.0/src/rp2_common/pico_stdio/stdio.c.obj
                0x10003782                stdout_serialize_begin
 .text.stdout_serialize_end
                0x100037c0       0x1a CMakeFiles/secure_iot.dir/C_/Users/panda/.pico-sdk/sdk/2.2.0/src/rp2_common/pico_stdio/stdio.c.obj
                0x100037c0                stdout_serialize_end
 .text.stdio_put_string
                0x100037da       0x92 CMakeFiles/secure_iot.dir/C_/Users/panda/.pico-sdk/sdk/2.2.0/src/rp2_common/pico_stdio/stdio.c.obj
                0x100037da                stdio_put_string
 .text.stdio_set_driver_enabled
                0x1000386c       0x2a CMakeFiles/secure_iot.dir/C_/Users/panda/.pico-sdk/sdk/2.2.0/src/rp2_common/pico_stdio/stdio.c.obj
                0x1000386c                stdio_set_driver_enabled
 .text.stdio_flush
                0x10003896       0x20 CMakeFiles/secure_iot.dir/C_/Users/panda/.pico-sdk/sdk/2.2.0/src/rp2_common/pico_stdio/stdio.c.obj
                0x10003896                stdio_flush
 .text.stdio_init_all
                0x100038b6        0xc CMakeFiles/secure_iot.dir/C_/Users/panda/.pico-sdk/sdk/2.2.0/src/rp2_common/pico_stdio/stdio.c.obj
                0x100038b6                stdio_init_all
 .text.__wrap_putchar
                0x100038c2       0x22 CMakeFiles/secure_iot.dir/C_/Users/panda/.pico-sdk/sdk/2.2.0/src/rp2_common/pico_stdio/stdio.c.obj
                0x100038c2                __wrap_putchar
                0x100038c2                stdio_putchar
 .text.__wrap_puts
                0x100038e4       0x28 CMakeFiles/secure_iot.dir/C_/Users/panda/.pico-sdk/sdk/2.2.0/src/rp2_common/pico_stdio/stdio.c.obj
                0x100038e4                stdio_puts
                0x100038e4                __wrap_puts
 .text.__wrap_vprintf
                0x1000390c       0x46 CMakeFiles/secure_iot.dir/C_/Users/panda/.pico-sdk/sdk/2.2.0/src/rp2_common/pico_stdio/stdio.c.obj
                0x1000390c                stdio_vprintf
                0x1000390c                __wrap_vprintf
 .text.__wrap_printf
                0x10003952       0x1e CMakeFiles/secure_iot.dir/C_/Users/panda/.pico-sdk/sdk/2.2.0/src/rp2_common/pico_stdio/stdio.c.obj
                0x10003952                __wrap_printf
                0x10003952                stdio_printf
 .text.resetd_init
                0x10003970        0x2 CMakeFiles/secure_iot.dir/C_/Users/panda/.pico-sdk/sdk/2.2.0/src/rp2_common/pico_stdio_usb/reset_interface.c.obj
 .text.resetd_reset
                0x10003972        0x6 CMakeFiles/secure_iot.dir/C_/Users/panda/.pico-sdk/sdk/2.2.0/src/rp2_common/pico_stdio_usb/reset_interface.c.obj
 .text.resetd_open
                0x10003978       0x3e CMakeFiles/secure_iot.dir/C_/Users/panda/.pico-sdk/sdk/2.2.0/src/rp2_common/pico_stdio_usb/reset_interface.c.obj
 .text.resetd_xfer_cb
                0x100039b6        0x4 CMakeFiles/secure_iot.dir/C_/Users/panda/.pico-sdk/sdk/2.2.0/src/rp2_common/pico_stdio_usb/reset_interface.c.obj
 .text.resetd_control_xfer_cb
                0x100039ba       0x72 CMakeFiles/secure_iot.dir/C_/Users/panda/.pico-sdk/sdk/2.2.0/src/rp2_common/pico_stdio_usb/reset_interface.c.obj
 .text.tud_descriptor_bos_cb
                0x10003a2c        0xa CMakeFiles/secure_iot.dir/C_/Users/panda/.pico-sdk/sdk/2.2.0/src/rp2_common/pico_stdio_usb/reset_interface.c.obj
                0x10003a2c                tud_descriptor_bos_cb
 .text.tud_vendor_control_xfer_cb
                0x10003a36       0x4a CMakeFiles/secure_iot.dir/C_/Users/panda/.pico-sdk/sdk/2.2.0/src/rp2_common/pico_stdio_usb/reset_interface.c.obj
                0x10003a36                tud_vendor_control_xfer_cb
 .text.usbd_app_driver_get_cb
                0x10003a80       0x10 CMakeFiles/secure_iot.dir/C_/Users/panda/.pico-sdk/sdk/2.2.0/src/rp2_common/pico_stdio_usb/reset_interface.c.obj
                0x10003a80                usbd_app_driver_get_cb
 .text.tud_cdc_line_coding_cb
                0x10003a90       0x34 CMakeFiles/secure_iot.dir/C_/Users/panda/.pico-sdk/sdk/2.2.0/src/rp2_common/pico_stdio_usb/reset_interface.c.obj
                0x10003a90                tud_cdc_line_coding_cb
 .text.stdio_usb_set_chars_available_callback
                0x10003ac4        0xa CMakeFiles/secure_iot.dir/C_/Users/panda/.pico-sdk/sdk/2.2.0/src/rp2_common/pico_stdio_usb/stdio_usb.c.obj
                0x10003ac4                stdio_usb_set_chars_available_callback
 .text.stdio_usb_out_flush
                0x10003ace       0x58 CMakeFiles/secure_iot.dir/C_/Users/panda/.pico-sdk/sdk/2.2.0/src/rp2_common/pico_stdio_usb/stdio_usb.c.obj
 .text.usb_irq  0x10003b26       0x12 CMakeFiles/secure_iot.dir/C_/Users/panda/.pico-sdk/sdk/2.2.0/src/rp2_common/pico_stdio_usb/stdio_usb.c.obj
 .text.timer_task
                0x10003b38       0x74 CMakeFiles/secure_iot.dir/C_/Users/panda/.pico-sdk/sdk/2.2.0/src/rp2_common/pico_stdio_usb/stdio_usb.c.obj
 .text.alarm_pool_add_alarm_in_us
                0x10003bac       0x5e CMakeFiles/secure_iot.dir/C_/Users/panda/.pico-sdk/sdk/2.2.0/src/rp2_common/pico_stdio_usb/stdio_usb.c.obj
 .text.add_alarm_in_us
                0x10003c0a       0x38 CMakeFiles/secure_iot.dir/C_/Users/panda/.pico-sdk/sdk/2.2.0/src/rp2_common/pico_stdio_usb/stdio_usb.c.obj
 .text.low_priority_worker_irq
                0x10003c42       0xac CMakeFiles/secure_iot.dir/C_/Users/panda/.pico-sdk/sdk/2.2.0/src/rp2_common/pico_stdio_usb/stdio_usb.c.obj
 .text.stdio_usb_init
                0x10003cee       0xec CMakeFiles/secure_iot.dir/C_/Users/panda/.pico-sdk/sdk/2.2.0/src/rp2_common/pico_stdio_usb/stdio_usb.c.obj
                0x10003cee                stdio_usb_init
 .text.stdio_usb_connected
                0x10003dda       0x10 CMakeFiles/secure_iot.dir/C_/Users/panda/.pico-sdk/sdk/2.2.0/src/rp2_common/pico_stdio_usb/stdio_usb.c.obj
                0x10003dda                stdio_usb_connected
 .text.stdio_usb_in_chars
                0x10003dea       0xa0 CMakeFiles/secure_iot.dir/C_/Users/panda/.pico-sdk/sdk/2.2.0/src/rp2_common/pico_stdio_usb/stdio_usb.c.obj
                0x10003dea                stdio_usb_in_chars
 .text.stdio_usb_out_chars
                0x10003e8a      0x10a CMakeFiles/secure_iot.dir/C_/Users/panda/.pico-sdk/sdk/2.2.0/src/rp2_common/pico_stdio_usb/stdio_usb.c.obj
 .text.tud_descriptor_device_cb
                0x10003f94        0xa CMakeFiles/secure_iot.dir/C_/Users/panda/.pico-sdk/sdk/2.2.0/src/rp2_common/pico_stdio_usb/stdio_usb_descriptors.c.obj
                0x10003f94                tud_descriptor_device_cb
 .text.tud_descriptor_configuration_cb
                0x10003f9e        0xa CMakeFiles/secure_iot.dir/C_/Users/panda/.pico-sdk/sdk/2.2.0/src/rp2_common/pico_stdio_usb/stdio_usb_descriptors.c.obj
                0x10003f9e                tud_descriptor_configuration_cb
 .text.tud_descriptor_string_cb
                0x10003fa8       0x96 CMakeFiles/secure_iot.dir/C_/Users/panda/.pico-sdk/sdk/2.2.0/src/rp2_common/pico_stdio_usb/stdio_usb_descriptors.c.obj
                0x10003fa8                tud_descriptor_string_cb
 .text._retrieve_unique_id_on_boot
                0x1000403e       0x68 CMakeFiles/secure_iot.dir/C_/Users/panda/.pico-sdk/sdk/2.2.0/src/rp2_common/pico_unique_id/unique_id.c.obj
 .text.pico_get_unique_board_id_string
                0x100040a6       0x76 CMakeFiles/secure_iot.dir/C_/Users/panda/.pico-sdk/sdk/2.2.0/src/rp2_common/pico_unique_id/unique_id.c.obj
                0x100040a6                pico_get_unique_board_id_string
 .text.hw_endpoint_init
                0x1000411c       0xf2 CMakeFiles/secure_iot.dir/C_/Users/panda/.pico-sdk/sdk/2.2.0/lib/tinyusb/src/portable/raspberrypi/rp2040/dcd_rp2040.c.obj
 .text.hw_endpoint_alloc
                0x1000420e       0x58 CMakeFiles/secure_iot.dir/C_/Users/panda/.pico-sdk/sdk/2.2.0/lib/tinyusb/src/portable/raspberrypi/rp2040/dcd_rp2040.c.obj
 .text.hw_endpoint_open
                0x10004266       0x5e CMakeFiles/secure_iot.dir/C_/Users/panda/.pico-sdk/sdk/2.2.0/lib/tinyusb/src/portable/raspberrypi/rp2040/dcd_rp2040.c.obj
 .text.hw_endpoint_xfer
                0x100042c4       0x22 CMakeFiles/secure_iot.dir/C_/Users/panda/.pico-sdk/sdk/2.2.0/lib/tinyusb/src/portable/raspberrypi/rp2040/dcd_rp2040.c.obj
 .text.dcd_int_enable
                0x100042e6       0x34 CMakeFiles/secure_iot.dir/C_/Users/panda/.pico-sdk/sdk/2.2.0/lib/tinyusb/src/portable/raspberrypi/rp2040/dcd_rp2040.c.obj
                0x100042e6                dcd_int_enable
 .text.dcd_set_address
                0x1000431a       0x36 CMakeFiles/secure_iot.dir/C_/Users/panda/.pico-sdk/sdk/2.2.0/lib/tinyusb/src/portable/raspberrypi/rp2040/dcd_rp2040.c.obj
                0x1000431a                dcd_set_address
 .text.dcd_connect
                0x10004350        0xa CMakeFiles/secure_iot.dir/C_/Users/panda/.pico-sdk/sdk/2.2.0/lib/tinyusb/src/portable/raspberrypi/rp2040/dcd_rp2040.c.obj
                0x10004350                dcd_connect
 .text.dcd_init
                0x1000435a       0x9a CMakeFiles/secure_iot.dir/C_/Users/panda/.pico-sdk/sdk/2.2.0/lib/tinyusb/src/portable/raspberrypi/rp2040/dcd_rp2040.c.obj
                0x1000435a                dcd_init
 .text.dcd_sof_enable
                0x100043f4       0x14 CMakeFiles/secure_iot.dir/C_/Users/panda/.pico-sdk/sdk/2.2.0/lib/tinyusb/src/portable/raspberrypi/rp2040/dcd_rp2040.c.obj
                0x100043f4                dcd_sof_enable
 .text.dcd_edpt0_status_complete
                0x10004408       0x28 CMakeFiles/secure_iot.dir/C_/Users/panda/.pico-sdk/sdk/2.2.0/lib/tinyusb/src/portable/raspberrypi/rp2040/dcd_rp2040.c.obj
                0x10004408                dcd_edpt0_status_complete
 .text.dcd_edpt_open
                0x10004430       0x34 CMakeFiles/secure_iot.dir/C_/Users/panda/.pico-sdk/sdk/2.2.0/lib/tinyusb/src/portable/raspberrypi/rp2040/dcd_rp2040.c.obj
                0x10004430                dcd_edpt_open
 .text.dcd_edpt_close_all
                0x10004464       0x12 CMakeFiles/secure_iot.dir/C_/Users/panda/.pico-sdk/sdk/2.2.0/lib/tinyusb/src/portable/raspberrypi/rp2040/dcd_rp2040.c.obj
                0x10004464                dcd_edpt_close_all
 .text.dcd_edpt_xfer
                0x10004476       0x36 CMakeFiles/secure_iot.dir/C_/Users/panda/.pico-sdk/sdk/2.2.0/lib/tinyusb/src/portable/raspberrypi/rp2040/dcd_rp2040.c.obj
                0x10004476                dcd_edpt_xfer
 .text.dcd_edpt_stall
                0x100044ac       0x42 CMakeFiles/secure_iot.dir/C_/Users/panda/.pico-sdk/sdk/2.2.0/lib/tinyusb/src/portable/raspberrypi/rp2040/dcd_rp2040.c.obj
                0x100044ac                dcd_edpt_stall
 .text.dcd_edpt_clear_stall
                0x100044ee       0x38 CMakeFiles/secure_iot.dir/C_/Users/panda/.pico-sdk/sdk/2.2.0/lib/tinyusb/src/portable/raspberrypi/rp2040/dcd_rp2040.c.obj
                0x100044ee                dcd_edpt_clear_stall
 .text.unaligned_memcpy
                0x10004526       0x18 CMakeFiles/secure_iot.dir/C_/Users/panda/.pico-sdk/sdk/2.2.0/lib/tinyusb/src/portable/raspberrypi/rp2040/rp2040_usb.c.obj
 .text.rp2040_usb_init
                0x1000453e       0x3e CMakeFiles/secure_iot.dir/C_/Users/panda/.pico-sdk/sdk/2.2.0/lib/tinyusb/src/portable/raspberrypi/rp2040/rp2040_usb.c.obj
                0x1000453e                rp2040_usb_init
 .text.hw_endpoint_xfer_start
                0x1000457c       0x84 CMakeFiles/secure_iot.dir/C_/Users/panda/.pico-sdk/sdk/2.2.0/lib/tinyusb/src/portable/raspberrypi/rp2040/rp2040_usb.c.obj
                0x1000457c                hw_endpoint_xfer_start
 .text.configuration_reset
                0x10004600       0xa8 CMakeFiles/secure_iot.dir/C_/Users/panda/.pico-sdk/sdk/2.2.0/lib/tinyusb/src/device/usbd.c.obj
 .text.usbd_reset
                0x100046a8       0x10 CMakeFiles/secure_iot.dir/C_/Users/panda/.pico-sdk/sdk/2.2.0/lib/tinyusb/src/device/usbd.c.obj
 .text.invoke_class_control
                0x100046b8       0x2c CMakeFiles/secure_iot.dir/C_/Users/panda/.pico-sdk/sdk/2.2.0/lib/tinyusb/src/device/usbd.c.obj
 .text.process_set_config
                0x100046e4      0x26e CMakeFiles/secure_iot.dir/C_/Users/panda/.pico-sdk/sdk/2.2.0/lib/tinyusb/src/device/usbd.c.obj
 .text.tud_event_hook_cb
                0x10004952        0x2 CMakeFiles/secure_iot.dir/C_/Users/panda/.pico-sdk/sdk/2.2.0/lib/tinyusb/src/device/usbd.c.obj
                0x10004952                tud_event_hook_cb
 .text.tud_sof_cb
                0x10004954        0x2 CMakeFiles/secure_iot.dir/C_/Users/panda/.pico-sdk/sdk/2.2.0/lib/tinyusb/src/device/usbd.c.obj
                0x10004954                tud_sof_cb
 .text.tud_descriptor_device_qualifier_cb
                0x10004956        0x4 CMakeFiles/secure_iot.dir/C_/Users/panda/.pico-sdk/sdk/2.2.0/lib/tinyusb/src/device/usbd.c.obj
                0x10004956                tud_descriptor_device_qualifier_cb
 .text.tud_descriptor_other_speed_configuration_cb
                0x1000495a        0x4 CMakeFiles/secure_iot.dir/C_/Users/panda/.pico-sdk/sdk/2.2.0/lib/tinyusb/src/device/usbd.c.obj
                0x1000495a                tud_descriptor_other_speed_configuration_cb
 .text.process_get_descriptor
                0x1000495e      0x12e CMakeFiles/secure_iot.dir/C_/Users/panda/.pico-sdk/sdk/2.2.0/lib/tinyusb/src/device/usbd.c.obj
 .text.tud_mount_cb
                0x10004a8c        0x2 CMakeFiles/secure_iot.dir/C_/Users/panda/.pico-sdk/sdk/2.2.0/lib/tinyusb/src/device/usbd.c.obj
                0x10004a8c                tud_mount_cb
 .text.tud_umount_cb
                0x10004a8e        0x2 CMakeFiles/secure_iot.dir/C_/Users/panda/.pico-sdk/sdk/2.2.0/lib/tinyusb/src/device/usbd.c.obj
                0x10004a8e                tud_umount_cb
 .text.tud_suspend_cb
                0x10004a90        0x2 CMakeFiles/secure_iot.dir/C_/Users/panda/.pico-sdk/sdk/2.2.0/lib/tinyusb/src/device/usbd.c.obj
                0x10004a90                tud_suspend_cb
 .text.tud_resume_cb
                0x10004a92        0x2 CMakeFiles/secure_iot.dir/C_/Users/panda/.pico-sdk/sdk/2.2.0/lib/tinyusb/src/device/usbd.c.obj
                0x10004a92                tud_resume_cb
 .text.tud_mounted
                0x10004a94       0x12 CMakeFiles/secure_iot.dir/C_/Users/panda/.pico-sdk/sdk/2.2.0/lib/tinyusb/src/device/usbd.c.obj
                0x10004a94                tud_mounted
 .text.tud_suspended
                0x10004aa6        0xe CMakeFiles/secure_iot.dir/C_/Users/panda/.pico-sdk/sdk/2.2.0/lib/tinyusb/src/device/usbd.c.obj
                0x10004aa6                tud_suspended
 .text.tud_inited
                0x10004ab4       0x12 CMakeFiles/secure_iot.dir/C_/Users/panda/.pico-sdk/sdk/2.2.0/lib/tinyusb/src/device/usbd.c.obj
                0x10004ab4                tud_inited
 .text.tud_rhport_init
                0x10004ac6      0x132 CMakeFiles/secure_iot.dir/C_/Users/panda/.pico-sdk/sdk/2.2.0/lib/tinyusb/src/device/usbd.c.obj
                0x10004ac6                tud_rhport_init
 .text.usbd_edpt_open
                0x10004bf8       0x8a CMakeFiles/secure_iot.dir/C_/Users/panda/.pico-sdk/sdk/2.2.0/lib/tinyusb/src/device/usbd.c.obj
                0x10004bf8                usbd_edpt_open
 .text.usbd_open_edpt_pair
                0x10004c82       0xb8 CMakeFiles/secure_iot.dir/C_/Users/panda/.pico-sdk/sdk/2.2.0/lib/tinyusb/src/device/usbd.c.obj
                0x10004c82                usbd_open_edpt_pair
 .text.usbd_edpt_claim
                0x10004d3a       0x2c CMakeFiles/secure_iot.dir/C_/Users/panda/.pico-sdk/sdk/2.2.0/lib/tinyusb/src/device/usbd.c.obj
                0x10004d3a                usbd_edpt_claim
 .text.usbd_edpt_release
                0x10004d66       0x2c CMakeFiles/secure_iot.dir/C_/Users/panda/.pico-sdk/sdk/2.2.0/lib/tinyusb/src/device/usbd.c.obj
                0x10004d66                usbd_edpt_release
 .text.usbd_edpt_xfer
                0x10004d92       0x9a CMakeFiles/secure_iot.dir/C_/Users/panda/.pico-sdk/sdk/2.2.0/lib/tinyusb/src/device/usbd.c.obj
                0x10004d92                usbd_edpt_xfer
 .text.usbd_edpt_stall
                0x10004e2c       0x4c CMakeFiles/secure_iot.dir/C_/Users/panda/.pico-sdk/sdk/2.2.0/lib/tinyusb/src/device/usbd.c.obj
                0x10004e2c                usbd_edpt_stall
 .text.usbd_edpt_clear_stall
                0x10004e78       0x48 CMakeFiles/secure_iot.dir/C_/Users/panda/.pico-sdk/sdk/2.2.0/lib/tinyusb/src/device/usbd.c.obj
                0x10004e78                usbd_edpt_clear_stall
 .text.usbd_edpt_stalled
                0x10004ec0       0x1e CMakeFiles/secure_iot.dir/C_/Users/panda/.pico-sdk/sdk/2.2.0/lib/tinyusb/src/device/usbd.c.obj
                0x10004ec0                usbd_edpt_stalled
 .text.process_control_request
                0x10004ede      0x4a0 CMakeFiles/secure_iot.dir/C_/Users/panda/.pico-sdk/sdk/2.2.0/lib/tinyusb/src/device/usbd.c.obj
 .text.tud_task_ext
                0x1000537e      0x256 CMakeFiles/secure_iot.dir/C_/Users/panda/.pico-sdk/sdk/2.2.0/lib/tinyusb/src/device/usbd.c.obj
                0x1000537e                tud_task_ext
 .text.status_stage_xact
                0x100055d4       0x22 CMakeFiles/secure_iot.dir/C_/Users/panda/.pico-sdk/sdk/2.2.0/lib/tinyusb/src/device/usbd_control.c.obj
 .text.data_stage_xact
                0x100055f6       0x8e CMakeFiles/secure_iot.dir/C_/Users/panda/.pico-sdk/sdk/2.2.0/lib/tinyusb/src/device/usbd_control.c.obj
 .text.tud_control_status
                0x10005684       0x62 CMakeFiles/secure_iot.dir/C_/Users/panda/.pico-sdk/sdk/2.2.0/lib/tinyusb/src/device/usbd_control.c.obj
                0x10005684                tud_control_status
 .text.tud_control_xfer
                0x100056e6       0xec CMakeFiles/secure_iot.dir/C_/Users/panda/.pico-sdk/sdk/2.2.0/lib/tinyusb/src/device/usbd_control.c.obj
                0x100056e6                tud_control_xfer
 .text.usbd_control_reset
                0x100057d2       0x1e CMakeFiles/secure_iot.dir/C_/Users/panda/.pico-sdk/sdk/2.2.0/lib/tinyusb/src/device/usbd_control.c.obj
                0x100057d2                usbd_control_reset
 .text.usbd_control_set_complete_callback
                0x100057f0        0xc CMakeFiles/secure_iot.dir/C_/Users/panda/.pico-sdk/sdk/2.2.0/lib/tinyusb/src/device/usbd_control.c.obj
                0x100057f0                usbd_control_set_complete_callback
 .text.usbd_control_set_request
                0x100057fc       0x56 CMakeFiles/secure_iot.dir/C_/Users/panda/.pico-sdk/sdk/2.2.0/lib/tinyusb/src/device/usbd_control.c.obj
                0x100057fc                usbd_control_set_request
 .text.usbd_control_xfer_cb
                0x10005852      0x150 CMakeFiles/secure_iot.dir/C_/Users/panda/.pico-sdk/sdk/2.2.0/lib/tinyusb/src/device/usbd_control.c.obj
                0x10005852                usbd_control_xfer_cb
 .text._prep_out_transaction
                0x100059a2       0xf8 CMakeFiles/secure_iot.dir/C_/Users/panda/.pico-sdk/sdk/2.2.0/lib/tinyusb/src/class/cdc/cdc_device.c.obj
 .text.tud_cdc_n_connected
                0x10005a9a       0x44 CMakeFiles/secure_iot.dir/C_/Users/panda/.pico-sdk/sdk/2.2.0/lib/tinyusb/src/class/cdc/cdc_device.c.obj
                0x10005a9a                tud_cdc_n_connected
 .text.tud_cdc_n_available
                0x10005ade       0x26 CMakeFiles/secure_iot.dir/C_/Users/panda/.pico-sdk/sdk/2.2.0/lib/tinyusb/src/class/cdc/cdc_device.c.obj
                0x10005ade                tud_cdc_n_available
 .text.tud_cdc_n_read
                0x10005b04       0x4c CMakeFiles/secure_iot.dir/C_/Users/panda/.pico-sdk/sdk/2.2.0/lib/tinyusb/src/class/cdc/cdc_device.c.obj
                0x10005b04                tud_cdc_n_read
 .text.tud_cdc_n_write_flush
                0x10005b50      0x106 CMakeFiles/secure_iot.dir/C_/Users/panda/.pico-sdk/sdk/2.2.0/lib/tinyusb/src/class/cdc/cdc_device.c.obj
                0x10005b50                tud_cdc_n_write_flush
 .text.tud_cdc_n_write
                0x10005c56       0x64 CMakeFiles/secure_iot.dir/C_/Users/panda/.pico-sdk/sdk/2.2.0/lib/tinyusb/src/class/cdc/cdc_device.c.obj
                0x10005c56                tud_cdc_n_write
 .text.tud_cdc_n_write_available
                0x10005cba       0x28 CMakeFiles/secure_iot.dir/C_/Users/panda/.pico-sdk/sdk/2.2.0/lib/tinyusb/src/class/cdc/cdc_device.c.obj
                0x10005cba                tud_cdc_n_write_available
 .text.cdcd_init
                0x10005ce2      0x102 CMakeFiles/secure_iot.dir/C_/Users/panda/.pico-sdk/sdk/2.2.0/lib/tinyusb/src/class/cdc/cdc_device.c.obj
                0x10005ce2                cdcd_init
 .text.cdcd_deinit
                0x10005de4       0x66 CMakeFiles/secure_iot.dir/C_/Users/panda/.pico-sdk/sdk/2.2.0/lib/tinyusb/src/class/cdc/cdc_device.c.obj
                0x10005de4                cdcd_deinit
 .text.cdcd_reset
                0x10005e4a       0xb2 CMakeFiles/secure_iot.dir/C_/Users/panda/.pico-sdk/sdk/2.2.0/lib/tinyusb/src/class/cdc/cdc_device.c.obj
                0x10005e4a                cdcd_reset
 .text.cdcd_open
                0x10005efc      0x174 CMakeFiles/secure_iot.dir/C_/Users/panda/.pico-sdk/sdk/2.2.0/lib/tinyusb/src/class/cdc/cdc_device.c.obj
                0x10005efc                cdcd_open
 .text.cdcd_control_xfer_cb
                0x10006070      0x186 CMakeFiles/secure_iot.dir/C_/Users/panda/.pico-sdk/sdk/2.2.0/lib/tinyusb/src/class/cdc/cdc_device.c.obj
                0x10006070                cdcd_control_xfer_cb
 .text.cdcd_xfer_cb
                0x100061f6      0x190 CMakeFiles/secure_iot.dir/C_/Users/panda/.pico-sdk/sdk/2.2.0/lib/tinyusb/src/class/cdc/cdc_device.c.obj
                0x100061f6                cdcd_xfer_cb
 .text.tud_vendor_n_mounted
                0x10006386       0x4e CMakeFiles/secure_iot.dir/C_/Users/panda/.pico-sdk/sdk/2.2.0/lib/tinyusb/src/class/vendor/vendor_device.c.obj
                0x10006386                tud_vendor_n_mounted
 .text.tud_vendor_n_write_flush
                0x100063d4       0x2e CMakeFiles/secure_iot.dir/C_/Users/panda/.pico-sdk/sdk/2.2.0/lib/tinyusb/src/class/vendor/vendor_device.c.obj
                0x100063d4                tud_vendor_n_write_flush
 .text.vendord_init
                0x10006402       0xba CMakeFiles/secure_iot.dir/C_/Users/panda/.pico-sdk/sdk/2.2.0/lib/tinyusb/src/class/vendor/vendor_device.c.obj
                0x10006402                vendord_init
 .text.vendord_deinit
                0x100064bc       0x54 CMakeFiles/secure_iot.dir/C_/Users/panda/.pico-sdk/sdk/2.2.0/lib/tinyusb/src/class/vendor/vendor_device.c.obj
                0x100064bc                vendord_deinit
 .text.vendord_reset
                0x10006510       0x64 CMakeFiles/secure_iot.dir/C_/Users/panda/.pico-sdk/sdk/2.2.0/lib/tinyusb/src/class/vendor/vendor_device.c.obj
                0x10006510                vendord_reset
 .text.vendord_open
                0x10006574      0x1a0 CMakeFiles/secure_iot.dir/C_/Users/panda/.pico-sdk/sdk/2.2.0/lib/tinyusb/src/class/vendor/vendor_device.c.obj
                0x10006574                vendord_open
 .text.vendord_xfer_cb
                0x10006714       0xea CMakeFiles/secure_iot.dir/C_/Users/panda/.pico-sdk/sdk/2.2.0/lib/tinyusb/src/class/vendor/vendor_device.c.obj
                0x10006714                vendord_xfer_cb
 .text.tusb_rhport_init
                0x100067fe       0xa8 CMakeFiles/secure_iot.dir/C_/Users/panda/.pico-sdk/sdk/2.2.0/lib/tinyusb/src/tusb.c.obj
                0x100067fe                tusb_rhport_init
 .text.tu_edpt_claim
                0x100068a6       0x7a CMakeFiles/secure_iot.dir/C_/Users/panda/.pico-sdk/sdk/2.2.0/lib/tinyusb/src/tusb.c.obj
                0x100068a6                tu_edpt_claim
 .text.tu_edpt_release
                0x10006920       0x54 CMakeFiles/secure_iot.dir/C_/Users/panda/.pico-sdk/sdk/2.2.0/lib/tinyusb/src/tusb.c.obj
                0x10006920                tu_edpt_release
 .text.tu_edpt_validate
                0x10006974       0xfa CMakeFiles/secure_iot.dir/C_/Users/panda/.pico-sdk/sdk/2.2.0/lib/tinyusb/src/tusb.c.obj
                0x10006974                tu_edpt_validate
 .text.tu_edpt_bind_driver
                0x10006a6e       0x30 CMakeFiles/secure_iot.dir/C_/Users/panda/.pico-sdk/sdk/2.2.0/lib/tinyusb/src/tusb.c.obj
                0x10006a6e                tu_edpt_bind_driver
 .text.tu_edpt_stream_init
                0x10006a9e       0x7a CMakeFiles/secure_iot.dir/C_/Users/panda/.pico-sdk/sdk/2.2.0/lib/tinyusb/src/tusb.c.obj
                0x10006a9e                tu_edpt_stream_init
 .text.tu_edpt_stream_deinit
                0x10006b18        0x4 CMakeFiles/secure_iot.dir/C_/Users/panda/.pico-sdk/sdk/2.2.0/lib/tinyusb/src/tusb.c.obj
                0x10006b18                tu_edpt_stream_deinit
 .text.tu_edpt_stream_write_zlp_if_needed
                0x10006b1c       0xa2 CMakeFiles/secure_iot.dir/C_/Users/panda/.pico-sdk/sdk/2.2.0/lib/tinyusb/src/tusb.c.obj
                0x10006b1c                tu_edpt_stream_write_zlp_if_needed
 .text.tu_edpt_stream_write_xfer
                0x10006bbe       0x9c CMakeFiles/secure_iot.dir/C_/Users/panda/.pico-sdk/sdk/2.2.0/lib/tinyusb/src/tusb.c.obj
                0x10006bbe                tu_edpt_stream_write_xfer
 .text.tu_edpt_stream_read_xfer
                0x10006c5a      0x142 CMakeFiles/secure_iot.dir/C_/Users/panda/.pico-sdk/sdk/2.2.0/lib/tinyusb/src/tusb.c.obj
                0x10006c5a                tu_edpt_stream_read_xfer
 .text.advance_index
                0x10006d9c       0x22 CMakeFiles/secure_iot.dir/C_/Users/panda/.pico-sdk/sdk/2.2.0/lib/tinyusb/src/common/tusb_fifo.c.obj
 .text._tu_fifo_peek
                0x10006dbe       0x74 CMakeFiles/secure_iot.dir/C_/Users/panda/.pico-sdk/sdk/2.2.0/lib/tinyusb/src/common/tusb_fifo.c.obj
 .text._ff_pull_n
                0x10006e32       0x7e CMakeFiles/secure_iot.dir/C_/Users/panda/.pico-sdk/sdk/2.2.0/lib/tinyusb/src/common/tusb_fifo.c.obj
 .text._tu_fifo_peek_n
                0x10006eb0       0x72 CMakeFiles/secure_iot.dir/C_/Users/panda/.pico-sdk/sdk/2.2.0/lib/tinyusb/src/common/tusb_fifo.c.obj
 .text._tu_fifo_read_n
                0x10006f22       0x66 CMakeFiles/secure_iot.dir/C_/Users/panda/.pico-sdk/sdk/2.2.0/lib/tinyusb/src/common/tusb_fifo.c.obj
 .text._ff_push_n
                0x10006f88       0x82 CMakeFiles/secure_iot.dir/C_/Users/panda/.pico-sdk/sdk/2.2.0/lib/tinyusb/src/common/tusb_fifo.c.obj
 .text._tu_fifo_write_n
                0x1000700a      0x142 CMakeFiles/secure_iot.dir/C_/Users/panda/.pico-sdk/sdk/2.2.0/lib/tinyusb/src/common/tusb_fifo.c.obj
 .text.tu_fifo_config
                0x1000714c       0xaa CMakeFiles/secure_iot.dir/C_/Users/panda/.pico-sdk/sdk/2.2.0/lib/tinyusb/src/common/tusb_fifo.c.obj
                0x1000714c                tu_fifo_config
 .text.tu_fifo_count
                0x100071f6       0x34 CMakeFiles/secure_iot.dir/C_/Users/panda/.pico-sdk/sdk/2.2.0/lib/tinyusb/src/common/tusb_fifo.c.obj
                0x100071f6                tu_fifo_count
 .text.tu_fifo_empty
                0x1000722a       0x12 CMakeFiles/secure_iot.dir/C_/Users/panda/.pico-sdk/sdk/2.2.0/lib/tinyusb/src/common/tusb_fifo.c.obj
                0x1000722a                tu_fifo_empty
 .text.tu_fifo_full
                0x1000723c       0x38 CMakeFiles/secure_iot.dir/C_/Users/panda/.pico-sdk/sdk/2.2.0/lib/tinyusb/src/common/tusb_fifo.c.obj
                0x1000723c                tu_fifo_full
 .text.tu_fifo_remaining
                0x10007274       0x40 CMakeFiles/secure_iot.dir/C_/Users/panda/.pico-sdk/sdk/2.2.0/lib/tinyusb/src/common/tusb_fifo.c.obj
                0x10007274                tu_fifo_remaining
 .text.tu_fifo_read
                0x100072b4       0x56 CMakeFiles/secure_iot.dir/C_/Users/panda/.pico-sdk/sdk/2.2.0/lib/tinyusb/src/common/tusb_fifo.c.obj
                0x100072b4                tu_fifo_read
 .text.tu_fifo_read_n
                0x1000730a       0x10 CMakeFiles/secure_iot.dir/C_/Users/panda/.pico-sdk/sdk/2.2.0/lib/tinyusb/src/common/tusb_fifo.c.obj
                0x1000730a                tu_fifo_read_n
 .text.tu_fifo_write
                0x1000731a       0x90 CMakeFiles/secure_iot.dir/C_/Users/panda/.pico-sdk/sdk/2.2.0/lib/tinyusb/src/common/tusb_fifo.c.obj
                0x1000731a                tu_fifo_write
 .text.tu_fifo_write_n
                0x100073aa       0x10 CMakeFiles/secure_iot.dir/C_/Users/panda/.pico-sdk/sdk/2.2.0/lib/tinyusb/src/common/tusb_fifo.c.obj
                0x100073aa                tu_fifo_write_n
 .text.tu_fifo_clear
                0x100073ba       0x4e CMakeFiles/secure_iot.dir/C_/Users/panda/.pico-sdk/sdk/2.2.0/lib/tinyusb/src/common/tusb_fifo.c.obj
                0x100073ba                tu_fifo_clear
 .text.tu_fifo_set_overwritable
                0x10007408       0x60 CMakeFiles/secure_iot.dir/C_/Users/panda/.pico-sdk/sdk/2.2.0/lib/tinyusb/src/common/tusb_fifo.c.obj
                0x10007408                tu_fifo_set_overwritable
 .text.atexit   0x10007468        0xa C:/riscv/xpack-riscv-none-elf-gcc-15.2.0-1/bin/../lib/gcc/riscv-none-elf/15.2.0/../../../../riscv-none-elf/lib\libc.a(libc_a-atexit.o)
                0x10007468                atexit
 .text.__libc_fini_array
                0x10007472       0x3e C:/riscv/xpack-riscv-none-elf-gcc-15.2.0-1/bin/../lib/gcc/riscv-none-elf/15.2.0/../../../../riscv-none-elf/lib\libc.a(libc_a-fini.o)
                0x10007472                __libc_fini_array
 .text.__retarget_lock_acquire_recursive
                0x100074b0        0x2 C:/riscv/xpack-riscv-none-elf-gcc-15.2.0-1/bin/../lib/gcc/riscv-none-elf/15.2.0/../../../../riscv-none-elf/lib\libc.a(libc_a-lock.o)
                0x100074b0                __retarget_lock_acquire_recursive
 .text.__retarget_lock_release_recursive
                0x100074b2        0x2 C:/riscv/xpack-riscv-none-elf-gcc-15.2.0-1/bin/../lib/gcc/riscv-none-elf/15.2.0/../../../../riscv-none-elf/lib\libc.a(libc_a-lock.o)
                0x100074b2                __retarget_lock_release_recursive
 .text          0x100074b4       0xa8 C:/riscv/xpack-riscv-none-elf-gcc-15.2.0-1/bin/../lib/gcc/riscv-none-elf/15.2.0/../../../../riscv-none-elf/lib\libc.a(libc_a-memset.o)
                0x100074b4                memset
 .text.memcpy   0x1000755c       0xe8 C:/riscv/xpack-riscv-none-elf-gcc-15.2.0-1/bin/../lib/gcc/riscv-none-elf/15.2.0/../../../../riscv-none-elf/lib\libc.a(libc_a-memcpy.o)
                0x1000755c                memcpy
 .text.strlen   0x10007644       0x64 C:/riscv/xpack-riscv-none-elf-gcc-15.2.0-1/bin/../lib/gcc/riscv-none-elf/15.2.0/../../../../riscv-none-elf/lib\libc.a(libc_a-strlen.o)
                0x10007644                strlen
 .text.__register_exitproc
                0x100076a8       0x9e C:/riscv/xpack-riscv-none-elf-gcc-15.2.0-1/bin/../lib/gcc/riscv-none-elf/15.2.0/../../../../riscv-none-elf/lib\libc.a(libc_a-__atexit.o)
                0x100076a8                __register_exitproc
 .text.startup.register_fini
                0x10007746       0x14 C:/riscv/xpack-riscv-none-elf-gcc-15.2.0-1/bin/../lib/gcc/riscv-none-elf/15.2.0/../../../../riscv-none-elf/lib\libc.a(libc_a-__call_atexit.o)
 *(.fini)
 *crtbegin.o(.ctors)
 *crtbegin?.o(.ctors)
 *(EXCLUDE_FILE(*crtend.o *crtend?.o) .ctors)
 *(SORT_BY_NAME(.ctors.*))
 *(.ctors)
 *crtbegin.o(.dtors)
 *crtbegin?.o(.dtors)
 *(EXCLUDE_FILE(*crtend.o *crtend?.o) .dtors)
 *(SORT_BY_NAME(.dtors.*))
 *(.dtors)
                0x1000775c                        . = ALIGN (0x4)
 *fill*         0x1000775a        0x2 
                0x1000775c                        PROVIDE (__preinit_array_start = .)
 *(SORT_BY_NAME(.preinit_array.*))
 .preinit_array.00050
                0x1000775c        0x4 CMakeFiles/secure_iot.dir/C_/Users/panda/.pico-sdk/sdk/2.2.0/src/rp2_common/pico_runtime_init/runtime_init.c.obj
                0x1000775c                __pre_init_runtime_init_bootrom_reset
 .preinit_array.00100
                0x10007760        0x4 CMakeFiles/secure_iot.dir/C_/Users/panda/.pico-sdk/sdk/2.2.0/src/rp2_common/pico_runtime_init/runtime_init.c.obj
                0x10007760                __pre_init_runtime_init_early_resets
 .preinit_array.00101
                0x10007764        0x4 CMakeFiles/secure_iot.dir/C_/Users/panda/.pico-sdk/sdk/2.2.0/src/rp2_common/pico_runtime_init/runtime_init.c.obj
                0x10007764                __pre_init_runtime_init_usb_power_down
 .preinit_array.00500
                0x10007768        0x4 CMakeFiles/secure_iot.dir/C_/Users/panda/.pico-sdk/sdk/2.2.0/src/rp2_common/pico_runtime_init/runtime_init.c.obj
                0x10007768                __pre_init_runtime_init_clocks
 .preinit_array.00600
                0x1000776c        0x4 CMakeFiles/secure_iot.dir/C_/Users/panda/.pico-sdk/sdk/2.2.0/src/rp2_common/pico_runtime_init/runtime_init.c.obj
                0x1000776c                __pre_init_runtime_init_post_clock_resets
 .preinit_array.01000
                0x10007770        0x4 CMakeFiles/secure_iot.dir/C_/Users/panda/.pico-sdk/sdk/2.2.0/src/rp2_common/hardware_boot_lock/boot_lock.c.obj
                0x10007770                __pre_init_runtime_init_boot_locks_reset
 .preinit_array.01000
                0x10007774        0x4 CMakeFiles/secure_iot.dir/C_/Users/panda/.pico-sdk/sdk/2.2.0/src/rp2_common/pico_runtime_init/runtime_init.c.obj
                0x10007774                __pre_init_runtime_init_spin_locks_reset
 .preinit_array.01010
                0x10007778        0x4 CMakeFiles/secure_iot.dir/C_/Users/panda/.pico-sdk/sdk/2.2.0/src/rp2_common/pico_bootrom/bootrom_lock.c.obj
                0x10007778                __pre_init_runtime_init_bootrom_locking_enable
 .preinit_array.01100
                0x1000777c        0x4 CMakeFiles/secure_iot.dir/C_/Users/panda/.pico-sdk/sdk/2.2.0/src/common/pico_sync/mutex.c.obj
                0x1000777c                __pre_init_runtime_init_mutex
 .preinit_array.11000
                0x10007780        0x4 CMakeFiles/secure_iot.dir/C_/Users/panda/.pico-sdk/sdk/2.2.0/src/common/pico_time/time.c.obj
                0x10007780                __pre_init_runtime_init_default_alarm_pool
 .preinit_array.YYYYY
                0x10007784        0x4 CMakeFiles/secure_iot.dir/C_/Users/panda/.pico-sdk/sdk/2.2.0/src/rp2_common/pico_runtime/runtime.c.obj
                0x10007784                __pre_init_first_per_core_initializer
 .preinit_array.ZZZZZ.00051
                0x10007788        0x4 CMakeFiles/secure_iot.dir/C_/Users/panda/.pico-sdk/sdk/2.2.0/src/rp2_common/pico_runtime_init/runtime_init.c.obj
                0x10007788                __pre_init_runtime_init_per_core_bootrom_reset
 .preinit_array.ZZZZZ.00060
                0x1000778c        0x4 CMakeFiles/secure_iot.dir/C_/Users/panda/.pico-sdk/sdk/2.2.0/src/rp2_common/pico_runtime_init/runtime_init.c.obj
                0x1000778c                __pre_init_runtime_init_per_core_h3_irq_registers
 .preinit_array.ZZZZZ.01200
                0x10007790        0x4 CMakeFiles/secure_iot.dir/C_/Users/panda/.pico-sdk/sdk/2.2.0/src/rp2_common/hardware_irq/irq.c.obj
                0x10007790                __pre_init_runtime_init_per_core_irq_priorities
 *(.preinit_array)
                0x10007794                        PROVIDE (__preinit_array_end = .)
                0x10007794                        . = ALIGN (0x4)
                0x10007794                        PROVIDE (__init_array_start = .)
 *(SORT_BY_NAME(.init_array.*))
 .init_array.00000
                0x10007794        0x4 C:/riscv/xpack-riscv-none-elf-gcc-15.2.0-1/bin/../lib/gcc/riscv-none-elf/15.2.0/../../../../riscv-none-elf/lib\libc.a(libc_a-__call_atexit.o)
 .init_array.01000
                0x10007798        0x4 CMakeFiles/secure_iot.dir/C_/Users/panda/.pico-sdk/sdk/2.2.0/src/rp2_common/pico_unique_id/unique_id.c.obj
 *(.init_array)
 .init_array    0x1000779c        0x4 C:/riscv/xpack-riscv-none-elf-gcc-15.2.0-1/bin/../lib/gcc/riscv-none-elf/15.2.0/crtbegin.o
                0x100077a0                        PROVIDE (__init_array_end = .)
                0x100077a0                        . = ALIGN (0x4)
                0x100077a0                        PROVIDE (__fini_array_start = .)
 *(SORT_BY_NAME(.fini_array.*))
 *(.fini_array)
                0x100077a0                        PROVIDE (__fini_array_end = .)
 *(.eh_frame*)
 .eh_frame      0x100077a0        0x0 C:/riscv/xpack-riscv-none-elf-gcc-15.2.0-1/bin/../lib/gcc/riscv-none-elf/15.2.0/crtbegin.o
                0x100077a0                        . = ALIGN (0x4)

.boot2          0x100077a0        0x0
                0x100077a0                        __boot2_start__ = .
 *(.boot2)
                0x100077a0                        __boot2_end__ = .
                0x00000001                        ASSERT (((__boot2_end__ - __boot2_start__) <= 0x100), ERROR: Pico second stage bootloader must be no more than 256 bytes in size)

.rodata         0x100077a0     0x12ec
 *(EXCLUDE_FILE(*libm.a: *libc.a:*lib_a-mem*.o *libgcc.a:) .rodata*)
 .rodata.machine_exception_handler.str1.4
                0x100077a0      0xbbf CMakeFiles/secure_iot.dir/main.c.obj
                                0x14a (size before relaxing)
 .rodata.switch_to_user_mode.str1.4
                0x1000835f        0x0 CMakeFiles/secure_iot.dir/main.c.obj
                                 0x33 (size before relaxing)
 .rodata.main.str1.4
                0x1000835f        0x0 CMakeFiles/secure_iot.dir/main.c.obj
                                 0x83 (size before relaxing)
 .rodata.sandbox_main.str1.4
                0x1000835f        0x0 CMakeFiles/secure_iot.dir/main.c.obj
                                0x159 (size before relaxing)
 *fill*         0x1000835f        0x1 
 .rodata.Rcon   0x10008360        0xb CMakeFiles/secure_iot.dir/crypto/aes.c.obj
 *fill*         0x1000836b        0x1 
 .rodata.sbox   0x1000836c      0x100 CMakeFiles/secure_iot.dir/crypto/aes.c.obj
 .rodata.panic.str1.4
                0x1000846c        0x0 CMakeFiles/secure_iot.dir/C_/Users/panda/.pico-sdk/sdk/2.2.0/src/rp2_common/pico_platform_panic/panic.c.obj
                                 0x12 (size before relaxing)
 .rodata.spin_lock_claim_unused.str1.4
                0x1000846c        0x0 CMakeFiles/secure_iot.dir/C_/Users/panda/.pico-sdk/sdk/2.2.0/src/rp2_common/hardware_sync/sync.c.obj
                                 0x1b (size before relaxing)
 .rodata.make_jal_16.str1.4
                0x1000846c        0x0 CMakeFiles/secure_iot.dir/C_/Users/panda/.pico-sdk/sdk/2.2.0/src/rp2_common/hardware_irq/irq.c.obj
                                 0x75 (size before relaxing)
 .rodata.irq_set_exclusive_handler.str1.4
                0x1000846c        0x0 CMakeFiles/secure_iot.dir/C_/Users/panda/.pico-sdk/sdk/2.2.0/src/rp2_common/hardware_irq/irq.c.obj
                                 0x36 (size before relaxing)
 .rodata.irq_add_shared_handler.str1.4
                0x1000846c        0x0 CMakeFiles/secure_iot.dir/C_/Users/panda/.pico-sdk/sdk/2.2.0/src/rp2_common/hardware_irq/irq.c.obj
                                 0xd2 (size before relaxing)
 .rodata.irq_add_tail_to_free_list.str1.4
                0x1000846c        0x0 CMakeFiles/secure_iot.dir/C_/Users/panda/.pico-sdk/sdk/2.2.0/src/rp2_common/hardware_irq/irq.c.obj
                                 0x3a (size before relaxing)
 .rodata.user_irq_claim_unused.str1.4
                0x1000846c        0x0 CMakeFiles/secure_iot.dir/C_/Users/panda/.pico-sdk/sdk/2.2.0/src/rp2_common/hardware_irq/irq.c.obj
                                 0x1b (size before relaxing)
 .rodata.__func__.0
                0x1000846c       0x1a CMakeFiles/secure_iot.dir/C_/Users/panda/.pico-sdk/sdk/2.2.0/src/rp2_common/hardware_irq/irq.c.obj
 *fill*         0x10008486        0x2 
 .rodata.__func__.2
                0x10008488        0xc CMakeFiles/secure_iot.dir/C_/Users/panda/.pico-sdk/sdk/2.2.0/src/rp2_common/hardware_irq/irq.c.obj
 .rodata.__func__.3
                0x10008494       0x17 CMakeFiles/secure_iot.dir/C_/Users/panda/.pico-sdk/sdk/2.2.0/src/rp2_common/hardware_irq/irq.c.obj
 *fill*         0x100084ab        0x1 
 .rodata.__func__.4
                0x100084ac       0x1a CMakeFiles/secure_iot.dir/C_/Users/panda/.pico-sdk/sdk/2.2.0/src/rp2_common/hardware_irq/irq.c.obj
 .rodata.runtime_init_mutex.str1.4
                0x100084c6        0x0 CMakeFiles/secure_iot.dir/C_/Users/panda/.pico-sdk/sdk/2.2.0/src/common/pico_sync/mutex.c.obj
                                 0x60 (size before relaxing)
 .rodata.str1.4
                0x100084c6        0x0 CMakeFiles/secure_iot.dir/C_/Users/panda/.pico-sdk/sdk/2.2.0/src/common/pico_sync/mutex.c.obj
                                 0x51 (size before relaxing)
 *fill*         0x100084c6        0x2 
 .rodata.__func__.1
                0x100084c8        0xb CMakeFiles/secure_iot.dir/C_/Users/panda/.pico-sdk/sdk/2.2.0/src/common/pico_sync/mutex.c.obj
 *fill*         0x100084d3        0x1 
 .rodata.__func__.3
                0x100084d4       0x18 CMakeFiles/secure_iot.dir/C_/Users/panda/.pico-sdk/sdk/2.2.0/src/common/pico_sync/mutex.c.obj
 .rodata.__func__.6
                0x100084ec       0x13 CMakeFiles/secure_iot.dir/C_/Users/panda/.pico-sdk/sdk/2.2.0/src/common/pico_sync/mutex.c.obj
 .rodata.alarm_pool_irq_handler.str1.4
                0x100084ff        0x0 CMakeFiles/secure_iot.dir/C_/Users/panda/.pico-sdk/sdk/2.2.0/src/common/pico_time/time.c.obj
                                 0x6b (size before relaxing)
 .rodata.alarm_pool_get_default.str1.4
                0x100084ff        0x0 CMakeFiles/secure_iot.dir/C_/Users/panda/.pico-sdk/sdk/2.2.0/src/common/pico_time/time.c.obj
                                 0x21 (size before relaxing)
 .rodata.sleep_until.str1.4
                0x100084ff        0x0 CMakeFiles/secure_iot.dir/C_/Users/panda/.pico-sdk/sdk/2.2.0/src/common/pico_time/time.c.obj
                                 0x4d (size before relaxing)
 *fill*         0x100084ff        0x1 
 .rodata.__func__.1
                0x10008500       0x17 CMakeFiles/secure_iot.dir/C_/Users/panda/.pico-sdk/sdk/2.2.0/src/common/pico_time/time.c.obj
 *fill*         0x10008517        0x1 
 .rodata.__func__.2
                0x10008518       0x17 CMakeFiles/secure_iot.dir/C_/Users/panda/.pico-sdk/sdk/2.2.0/src/common/pico_time/time.c.obj
 .rodata.timer_hardware_alarm_claim.str1.4
                0x1000852f        0x0 CMakeFiles/secure_iot.dir/C_/Users/panda/.pico-sdk/sdk/2.2.0/src/rp2_common/hardware_timer/timer.c.obj
                                 0x22 (size before relaxing)
 .rodata.pll_init.str1.4
                0x1000852f        0x0 CMakeFiles/secure_iot.dir/C_/Users/panda/.pico-sdk/sdk/2.2.0/src/rp2_common/hardware_pll/pll.c.obj
                                0x11c (size before relaxing)
 *fill*         0x1000852f        0x1 
 .rodata.__func__.0
                0x10008530        0x9 CMakeFiles/secure_iot.dir/C_/Users/panda/.pico-sdk/sdk/2.2.0/src/rp2_common/hardware_pll/pll.c.obj
 .rodata.str1.4
                0x10008539        0x0 CMakeFiles/secure_iot.dir/C_/Users/panda/.pico-sdk/sdk/2.2.0/src/rp2_common/pico_standard_binary_info/standard_binary_info.c.obj
                                 0x40 (size before relaxing)
 *fill*         0x10008539        0x3 
 .rodata.__bi_84
                0x1000853c        0xc CMakeFiles/secure_iot.dir/C_/Users/panda/.pico-sdk/sdk/2.2.0/src/rp2_common/pico_standard_binary_info/standard_binary_info.c.obj
 .rodata.__bi_78
                0x10008548        0xc CMakeFiles/secure_iot.dir/C_/Users/panda/.pico-sdk/sdk/2.2.0/src/rp2_common/pico_standard_binary_info/standard_binary_info.c.obj
 .rodata.__bi_54
                0x10008554        0xc CMakeFiles/secure_iot.dir/C_/Users/panda/.pico-sdk/sdk/2.2.0/src/rp2_common/pico_standard_binary_info/standard_binary_info.c.obj
 .rodata.__bi_48
                0x10008560        0xc CMakeFiles/secure_iot.dir/C_/Users/panda/.pico-sdk/sdk/2.2.0/src/rp2_common/pico_standard_binary_info/standard_binary_info.c.obj
 .rodata.__bi_42
                0x1000856c        0xc CMakeFiles/secure_iot.dir/C_/Users/panda/.pico-sdk/sdk/2.2.0/src/rp2_common/pico_standard_binary_info/standard_binary_info.c.obj
 .rodata.__bi_34
                0x10008578        0xc CMakeFiles/secure_iot.dir/C_/Users/panda/.pico-sdk/sdk/2.2.0/src/rp2_common/pico_standard_binary_info/standard_binary_info.c.obj
 .rodata.__bi_26
                0x10008584        0xc CMakeFiles/secure_iot.dir/C_/Users/panda/.pico-sdk/sdk/2.2.0/src/rp2_common/pico_standard_binary_info/standard_binary_info.c.obj
 .rodata._ftoa.str1.4
                0x10008590        0x0 CMakeFiles/secure_iot.dir/C_/Users/panda/.pico-sdk/sdk/2.2.0/src/rp2_common/pico_printf/printf.c.obj
                                 0x15 (size before relaxing)
 .rodata.pow10.0
                0x10008590       0x50 CMakeFiles/secure_iot.dir/C_/Users/panda/.pico-sdk/sdk/2.2.0/src/rp2_common/pico_printf/printf.c.obj
 .rodata.__assert_func.str1.4
                0x100085e0        0x0 CMakeFiles/secure_iot.dir/C_/Users/panda/.pico-sdk/sdk/2.2.0/src/rp2_common/pico_clib_interface/newlib_interface.c.obj
                                 0x43 (size before relaxing)
 .rodata._resetd_driver
                0x100085e0       0x20 CMakeFiles/secure_iot.dir/C_/Users/panda/.pico-sdk/sdk/2.2.0/src/rp2_common/pico_stdio_usb/reset_interface.c.obj
 .rodata.desc_ms_os_20
                0x10008600       0xa6 CMakeFiles/secure_iot.dir/C_/Users/panda/.pico-sdk/sdk/2.2.0/src/rp2_common/pico_stdio_usb/reset_interface.c.obj
 *fill*         0x100086a6        0x2 
 .rodata.desc_bos
                0x100086a8       0x21 CMakeFiles/secure_iot.dir/C_/Users/panda/.pico-sdk/sdk/2.2.0/src/rp2_common/pico_stdio_usb/reset_interface.c.obj
                0x100086a8                desc_bos
 .rodata.stdio_usb_init.str1.4
                0x100086c9        0x0 CMakeFiles/secure_iot.dir/C_/Users/panda/.pico-sdk/sdk/2.2.0/src/rp2_common/pico_stdio_usb/stdio_usb.c.obj
                                 0x55 (size before relaxing)
 .rodata.str1.4
                0x100086c9        0x0 CMakeFiles/secure_iot.dir/C_/Users/panda/.pico-sdk/sdk/2.2.0/src/rp2_common/pico_stdio_usb/stdio_usb.c.obj
                                 0x13 (size before relaxing)
 *fill*         0x100086c9        0x3 
 .rodata.__bi_202.1
                0x100086cc        0xc CMakeFiles/secure_iot.dir/C_/Users/panda/.pico-sdk/sdk/2.2.0/src/rp2_common/pico_stdio_usb/stdio_usb.c.obj
 .rodata.__func__.2
                0x100086d8        0xf CMakeFiles/secure_iot.dir/C_/Users/panda/.pico-sdk/sdk/2.2.0/src/rp2_common/pico_stdio_usb/stdio_usb.c.obj
 .rodata.str1.4
                0x100086e7        0x0 CMakeFiles/secure_iot.dir/C_/Users/panda/.pico-sdk/sdk/2.2.0/src/rp2_common/pico_stdio_usb/stdio_usb_descriptors.c.obj
                                 0x2a (size before relaxing)
 *fill*         0x100086e7        0x1 
 .rodata.usbd_desc_str
                0x100086e8       0x18 CMakeFiles/secure_iot.dir/C_/Users/panda/.pico-sdk/sdk/2.2.0/src/rp2_common/pico_stdio_usb/stdio_usb_descriptors.c.obj
 .rodata.usbd_desc_cfg
                0x10008700       0x54 CMakeFiles/secure_iot.dir/C_/Users/panda/.pico-sdk/sdk/2.2.0/src/rp2_common/pico_stdio_usb/stdio_usb_descriptors.c.obj
 .rodata.usbd_desc_device
                0x10008754       0x12 CMakeFiles/secure_iot.dir/C_/Users/panda/.pico-sdk/sdk/2.2.0/src/rp2_common/pico_stdio_usb/stdio_usb_descriptors.c.obj
 .rodata._retrieve_unique_id_on_boot.str1.4
                0x10008766        0x0 CMakeFiles/secure_iot.dir/C_/Users/panda/.pico-sdk/sdk/2.2.0/src/rp2_common/pico_unique_id/unique_id.c.obj
                                 0x55 (size before relaxing)
 .rodata.pico_get_unique_board_id_string.str1.4
                0x10008766        0x0 CMakeFiles/secure_iot.dir/C_/Users/panda/.pico-sdk/sdk/2.2.0/src/rp2_common/pico_unique_id/unique_id.c.obj
                                  0x8 (size before relaxing)
 *fill*         0x10008766        0x2 
 .rodata.__func__.0
                0x10008768       0x20 CMakeFiles/secure_iot.dir/C_/Users/panda/.pico-sdk/sdk/2.2.0/src/rp2_common/pico_unique_id/unique_id.c.obj
 .rodata.__func__.1
                0x10008788       0x1c CMakeFiles/secure_iot.dir/C_/Users/panda/.pico-sdk/sdk/2.2.0/src/rp2_common/pico_unique_id/unique_id.c.obj
 .rodata.hw_endpoint_alloc.str1.4
                0x100087a4        0x0 CMakeFiles/secure_iot.dir/C_/Users/panda/.pico-sdk/sdk/2.2.0/lib/tinyusb/src/portable/raspberrypi/rp2040/dcd_rp2040.c.obj
                                 0xa0 (size before relaxing)
 .rodata.str1.4
                0x100087a4        0x0 CMakeFiles/secure_iot.dir/C_/Users/panda/.pico-sdk/sdk/2.2.0/lib/tinyusb/src/portable/raspberrypi/rp2040/dcd_rp2040.c.obj
                                 0x14 (size before relaxing)
 .rodata.dcd_int_enable.str1.4
                0x100087a4        0x0 CMakeFiles/secure_iot.dir/C_/Users/panda/.pico-sdk/sdk/2.2.0/lib/tinyusb/src/portable/raspberrypi/rp2040/dcd_rp2040.c.obj
                                  0xc (size before relaxing)
 .rodata.__func__.0
                0x100087a4        0xe CMakeFiles/secure_iot.dir/C_/Users/panda/.pico-sdk/sdk/2.2.0/lib/tinyusb/src/portable/raspberrypi/rp2040/dcd_rp2040.c.obj
 *fill*         0x100087b2        0x2 
 .rodata.__func__.3
                0x100087b4       0x10 CMakeFiles/secure_iot.dir/C_/Users/panda/.pico-sdk/sdk/2.2.0/lib/tinyusb/src/portable/raspberrypi/rp2040/dcd_rp2040.c.obj
 .rodata.__func__.5
                0x100087c4        0xf CMakeFiles/secure_iot.dir/C_/Users/panda/.pico-sdk/sdk/2.2.0/lib/tinyusb/src/portable/raspberrypi/rp2040/dcd_rp2040.c.obj
 *fill*         0x100087d3        0x1 
 .rodata.__func__.6
                0x100087d4       0x12 CMakeFiles/secure_iot.dir/C_/Users/panda/.pico-sdk/sdk/2.2.0/lib/tinyusb/src/portable/raspberrypi/rp2040/dcd_rp2040.c.obj
 *fill*         0x100087e6        0x2 
 .rodata.__func__.7
                0x100087e8        0x9 CMakeFiles/secure_iot.dir/C_/Users/panda/.pico-sdk/sdk/2.2.0/lib/tinyusb/src/portable/raspberrypi/rp2040/dcd_rp2040.c.obj
 .rodata.str1.4
                0x100087f1        0x0 CMakeFiles/secure_iot.dir/C_/Users/panda/.pico-sdk/sdk/2.2.0/lib/tinyusb/src/portable/raspberrypi/rp2040/rp2040_usb.c.obj
                                 0xe4 (size before relaxing)
 .rodata.hw_endpoint_xfer_start.str1.4
                0x100087f1        0x0 CMakeFiles/secure_iot.dir/C_/Users/panda/.pico-sdk/sdk/2.2.0/lib/tinyusb/src/portable/raspberrypi/rp2040/rp2040_usb.c.obj
                                 0x38 (size before relaxing)
 *fill*         0x100087f1        0x3 
 .rodata.__func__.0
                0x100087f4        0xf CMakeFiles/secure_iot.dir/C_/Users/panda/.pico-sdk/sdk/2.2.0/lib/tinyusb/src/portable/raspberrypi/rp2040/rp2040_usb.c.obj
 .rodata.configuration_reset.str1.4
                0x10008803        0x0 CMakeFiles/secure_iot.dir/C_/Users/panda/.pico-sdk/sdk/2.2.0/lib/tinyusb/src/device/usbd.c.obj
                                 0x17 (size before relaxing)
 *fill*         0x10008803        0x1 
 .rodata.__func__.3
                0x10008804        0xf CMakeFiles/secure_iot.dir/C_/Users/panda/.pico-sdk/sdk/2.2.0/lib/tinyusb/src/device/usbd.c.obj
 *fill*         0x10008813        0x1 
 .rodata.__func__.4
                0x10008814        0xf CMakeFiles/secure_iot.dir/C_/Users/panda/.pico-sdk/sdk/2.2.0/lib/tinyusb/src/device/usbd.c.obj
 *fill*         0x10008823        0x1 
 .rodata.__func__.5
                0x10008824       0x14 CMakeFiles/secure_iot.dir/C_/Users/panda/.pico-sdk/sdk/2.2.0/lib/tinyusb/src/device/usbd.c.obj
 .rodata.__func__.6
                0x10008838        0xc CMakeFiles/secure_iot.dir/C_/Users/panda/.pico-sdk/sdk/2.2.0/lib/tinyusb/src/device/usbd.c.obj
 .rodata.__func__.7
                0x10008844       0x17 CMakeFiles/secure_iot.dir/C_/Users/panda/.pico-sdk/sdk/2.2.0/lib/tinyusb/src/device/usbd.c.obj
 *fill*         0x1000885b        0x1 
 .rodata.__func__.8
                0x1000885c       0x13 CMakeFiles/secure_iot.dir/C_/Users/panda/.pico-sdk/sdk/2.2.0/lib/tinyusb/src/device/usbd.c.obj
 *fill*         0x1000886f        0x1 
 .rodata.__func__.9
                0x10008870       0x18 CMakeFiles/secure_iot.dir/C_/Users/panda/.pico-sdk/sdk/2.2.0/lib/tinyusb/src/device/usbd.c.obj
 .rodata.__func__.10
                0x10008888       0x14 CMakeFiles/secure_iot.dir/C_/Users/panda/.pico-sdk/sdk/2.2.0/lib/tinyusb/src/device/usbd.c.obj
 .rodata.__func__.11
                0x1000889c        0xd CMakeFiles/secure_iot.dir/C_/Users/panda/.pico-sdk/sdk/2.2.0/lib/tinyusb/src/device/usbd.c.obj
 *fill*         0x100088a9        0x3 
 .rodata.__func__.12
                0x100088ac       0x10 CMakeFiles/secure_iot.dir/C_/Users/panda/.pico-sdk/sdk/2.2.0/lib/tinyusb/src/device/usbd.c.obj
 .rodata._usbd_driver
                0x100088bc       0x40 CMakeFiles/secure_iot.dir/C_/Users/panda/.pico-sdk/sdk/2.2.0/lib/tinyusb/src/device/usbd.c.obj
 .rodata.tud_control_xfer.str1.4
                0x100088fc        0x0 CMakeFiles/secure_iot.dir/C_/Users/panda/.pico-sdk/sdk/2.2.0/lib/tinyusb/src/device/usbd_control.c.obj
                                 0x17 (size before relaxing)
 .rodata.__func__.0
                0x100088fc       0x15 CMakeFiles/secure_iot.dir/C_/Users/panda/.pico-sdk/sdk/2.2.0/lib/tinyusb/src/device/usbd_control.c.obj
 *fill*         0x10008911        0x3 
 .rodata.__func__.1
                0x10008914       0x11 CMakeFiles/secure_iot.dir/C_/Users/panda/.pico-sdk/sdk/2.2.0/lib/tinyusb/src/device/usbd_control.c.obj
 .rodata.tud_cdc_n_write_flush.str1.4
                0x10008925        0x0 CMakeFiles/secure_iot.dir/C_/Users/panda/.pico-sdk/sdk/2.2.0/lib/tinyusb/src/class/cdc/cdc_device.c.obj
                                 0x17 (size before relaxing)
 *fill*         0x10008925        0x3 
 .rodata.__func__.0
                0x10008928        0xd CMakeFiles/secure_iot.dir/C_/Users/panda/.pico-sdk/sdk/2.2.0/lib/tinyusb/src/class/cdc/cdc_device.c.obj
 *fill*         0x10008935        0x3 
 .rodata.__func__.1
                0x10008938        0xa CMakeFiles/secure_iot.dir/C_/Users/panda/.pico-sdk/sdk/2.2.0/lib/tinyusb/src/class/cdc/cdc_device.c.obj
 *fill*         0x10008942        0x2 
 .rodata.__func__.3
                0x10008944       0x16 CMakeFiles/secure_iot.dir/C_/Users/panda/.pico-sdk/sdk/2.2.0/lib/tinyusb/src/class/cdc/cdc_device.c.obj
 .rodata.vendord_open.str1.4
                0x1000895a        0x0 CMakeFiles/secure_iot.dir/C_/Users/panda/.pico-sdk/sdk/2.2.0/lib/tinyusb/src/class/vendor/vendor_device.c.obj
                                 0x17 (size before relaxing)
 *fill*         0x1000895a        0x2 
 .rodata.__func__.0
                0x1000895c        0xd CMakeFiles/secure_iot.dir/C_/Users/panda/.pico-sdk/sdk/2.2.0/lib/tinyusb/src/class/vendor/vendor_device.c.obj
 .rodata.tusb_rhport_init.str1.4
                0x10008969        0x0 CMakeFiles/secure_iot.dir/C_/Users/panda/.pico-sdk/sdk/2.2.0/lib/tinyusb/src/tusb.c.obj
                                 0x17 (size before relaxing)
 *fill*         0x10008969        0x3 
 .rodata.__func__.0
                0x1000896c       0x19 CMakeFiles/secure_iot.dir/C_/Users/panda/.pico-sdk/sdk/2.2.0/lib/tinyusb/src/tusb.c.obj
 *fill*         0x10008985        0x3 
 .rodata.__func__.2
                0x10008988       0x1a CMakeFiles/secure_iot.dir/C_/Users/panda/.pico-sdk/sdk/2.2.0/lib/tinyusb/src/tusb.c.obj
 *fill*         0x100089a2        0x2 
 .rodata.__func__.3
                0x100089a4       0x23 CMakeFiles/secure_iot.dir/C_/Users/panda/.pico-sdk/sdk/2.2.0/lib/tinyusb/src/tusb.c.obj
 *fill*         0x100089c7        0x1 
 .rodata.__func__.4
                0x100089c8       0x11 CMakeFiles/secure_iot.dir/C_/Users/panda/.pico-sdk/sdk/2.2.0/lib/tinyusb/src/tusb.c.obj
 *fill*         0x100089d9        0x3 
 .rodata.__func__.5
                0x100089dc       0x11 CMakeFiles/secure_iot.dir/C_/Users/panda/.pico-sdk/sdk/2.2.0/lib/tinyusb/src/tusb.c.obj
 *(.srodata*)
 *fill*         0x100089ed        0x3 
 .srodata.cst8  0x100089f0       0x98 CMakeFiles/secure_iot.dir/C_/Users/panda/.pico-sdk/sdk/2.2.0/src/rp2_common/pico_printf/printf.c.obj
 .srodata.crlf_str.0
                0x10008a88        0x2 CMakeFiles/secure_iot.dir/C_/Users/panda/.pico-sdk/sdk/2.2.0/src/rp2_common/pico_stdio/stdio.c.obj
                0x10008a8c                        . = ALIGN (0x4)
 *fill*         0x10008a8a        0x2 
 *(SORT_BY_ALIGNMENT(SORT_BY_NAME(.flashdata*)))
                0x10008a8c                        . = ALIGN (0x4)

.ARM.extab
 *(.ARM.extab* .gnu.linkonce.armextab.*)
                0x10008a8c                        __exidx_start = .

.ARM.exidx
 *(.ARM.exidx* .gnu.linkonce.armexidx.*)
                0x10008a8c                        __exidx_end = .
                0x10008a8c                        . = ALIGN (0x4)
                0x10008a8c                        __binary_info_start = .

.binary_info    0x10008a8c       0x20
 *(.binary_info.keep.*)
 .binary_info.keep.__bi_ptr84
                0x10008a8c        0x4 CMakeFiles/secure_iot.dir/C_/Users/panda/.pico-sdk/sdk/2.2.0/src/rp2_common/pico_standard_binary_info/standard_binary_info.c.obj
 .binary_info.keep.__bi_ptr78
                0x10008a90        0x4 CMakeFiles/secure_iot.dir/C_/Users/panda/.pico-sdk/sdk/2.2.0/src/rp2_common/pico_standard_binary_info/standard_binary_info.c.obj
 .binary_info.keep.__bi_ptr54
                0x10008a94        0x4 CMakeFiles/secure_iot.dir/C_/Users/panda/.pico-sdk/sdk/2.2.0/src/rp2_common/pico_standard_binary_info/standard_binary_info.c.obj
 .binary_info.keep.__bi_ptr48
                0x10008a98        0x4 CMakeFiles/secure_iot.dir/C_/Users/panda/.pico-sdk/sdk/2.2.0/src/rp2_common/pico_standard_binary_info/standard_binary_info.c.obj
 .binary_info.keep.__bi_ptr42
                0x10008a9c        0x4 CMakeFiles/secure_iot.dir/C_/Users/panda/.pico-sdk/sdk/2.2.0/src/rp2_common/pico_standard_binary_info/standard_binary_info.c.obj
 .binary_info.keep.__bi_ptr34
                0x10008aa0        0x4 CMakeFiles/secure_iot.dir/C_/Users/panda/.pico-sdk/sdk/2.2.0/src/rp2_common/pico_standard_binary_info/standard_binary_info.c.obj
 .binary_info.keep.__bi_ptr26
                0x10008aa4        0x4 CMakeFiles/secure_iot.dir/C_/Users/panda/.pico-sdk/sdk/2.2.0/src/rp2_common/pico_standard_binary_info/standard_binary_info.c.obj
 *(.binary_info.*)
 .binary_info.__bi_ptr202
                0x10008aa8        0x4 CMakeFiles/secure_iot.dir/C_/Users/panda/.pico-sdk/sdk/2.2.0/src/rp2_common/pico_stdio_usb/stdio_usb.c.obj
                0x10008aac                        __binary_info_end = .
                0x10008aac                        . = ALIGN (0x4)

.ram_vector_table
 *(.ram_vector_table)

.uninitialized_data
                0x20000000        0x0
                0x20000000                        . = ALIGN (0x4)
 *(.uninitialized_data*)

.data           0x20000000     0x382c load address 0x10008aac
                0x20000000                        __data_start__ = .
 *(vtable)
 *(.time_critical*)
 .time_critical.mutex_try_enter
                0x20000000       0x54 CMakeFiles/secure_iot.dir/C_/Users/panda/.pico-sdk/sdk/2.2.0/src/common/pico_sync/mutex.c.obj
                0x20000000                mutex_try_enter
 .time_critical.mutex_enter_block_until
                0x20000054       0xae CMakeFiles/secure_iot.dir/C_/Users/panda/.pico-sdk/sdk/2.2.0/src/common/pico_sync/mutex.c.obj
                0x20000054                mutex_enter_block_until
 .time_critical.mutex_try_enter_block_until
                0x20000102       0x3c CMakeFiles/secure_iot.dir/C_/Users/panda/.pico-sdk/sdk/2.2.0/src/common/pico_sync/mutex.c.obj
                0x20000102                mutex_try_enter_block_until
 .time_critical.mutex_enter_timeout_ms
                0x2000013e       0x4a CMakeFiles/secure_iot.dir/C_/Users/panda/.pico-sdk/sdk/2.2.0/src/common/pico_sync/mutex.c.obj
                0x2000013e                mutex_enter_timeout_ms
 .time_critical.mutex_exit
                0x20000188       0x68 CMakeFiles/secure_iot.dir/C_/Users/panda/.pico-sdk/sdk/2.2.0/src/common/pico_sync/mutex.c.obj
                0x20000188                mutex_exit
 .time_critical.reset_non_control_endpoints
                0x200001f0       0x4c CMakeFiles/secure_iot.dir/C_/Users/panda/.pico-sdk/sdk/2.2.0/lib/tinyusb/src/portable/raspberrypi/rp2040/dcd_rp2040.c.obj
 .time_critical.hw_handle_buff_status
                0x2000023c       0xae CMakeFiles/secure_iot.dir/C_/Users/panda/.pico-sdk/sdk/2.2.0/lib/tinyusb/src/portable/raspberrypi/rp2040/dcd_rp2040.c.obj
 .time_critical.dcd_rp2040_irq
                0x200002ea      0x236 CMakeFiles/secure_iot.dir/C_/Users/panda/.pico-sdk/sdk/2.2.0/lib/tinyusb/src/portable/raspberrypi/rp2040/dcd_rp2040.c.obj
 .time_critical.prepare_ep_buffer
                0x20000520       0x84 CMakeFiles/secure_iot.dir/C_/Users/panda/.pico-sdk/sdk/2.2.0/lib/tinyusb/src/portable/raspberrypi/rp2040/rp2040_usb.c.obj
 .time_critical.e15_is_bulkin_ep
                0x200005a4       0x2c CMakeFiles/secure_iot.dir/C_/Users/panda/.pico-sdk/sdk/2.2.0/lib/tinyusb/src/portable/raspberrypi/rp2040/rp2040_usb.c.obj
 .time_critical.e15_is_critical_frame_period
                0x200005d0       0x2a CMakeFiles/secure_iot.dir/C_/Users/panda/.pico-sdk/sdk/2.2.0/lib/tinyusb/src/portable/raspberrypi/rp2040/rp2040_usb.c.obj
 .time_critical.sync_ep_buffer
                0x200005fa       0xba CMakeFiles/secure_iot.dir/C_/Users/panda/.pico-sdk/sdk/2.2.0/lib/tinyusb/src/portable/raspberrypi/rp2040/rp2040_usb.c.obj
 .time_critical._hw_endpoint_xfer_sync
                0x200006b4       0x34 CMakeFiles/secure_iot.dir/C_/Users/panda/.pico-sdk/sdk/2.2.0/lib/tinyusb/src/portable/raspberrypi/rp2040/rp2040_usb.c.obj
 .time_critical.hw_endpoint_reset_transfer
                0x200006e8       0x12 CMakeFiles/secure_iot.dir/C_/Users/panda/.pico-sdk/sdk/2.2.0/lib/tinyusb/src/portable/raspberrypi/rp2040/rp2040_usb.c.obj
                0x200006e8                hw_endpoint_reset_transfer
 *fill*         0x200006fa        0x2 
 .time_critical._hw_endpoint_buffer_control_update32
                0x200006fc       0x58 CMakeFiles/secure_iot.dir/C_/Users/panda/.pico-sdk/sdk/2.2.0/lib/tinyusb/src/portable/raspberrypi/rp2040/rp2040_usb.c.obj
                0x200006fc                _hw_endpoint_buffer_control_update32
 .time_critical.hw_endpoint_start_next_buffer
                0x20000754       0x84 CMakeFiles/secure_iot.dir/C_/Users/panda/.pico-sdk/sdk/2.2.0/lib/tinyusb/src/portable/raspberrypi/rp2040/rp2040_usb.c.obj
                0x20000754                hw_endpoint_start_next_buffer
 .time_critical.hw_endpoint_xfer_continue
                0x200007d8       0x50 CMakeFiles/secure_iot.dir/C_/Users/panda/.pico-sdk/sdk/2.2.0/lib/tinyusb/src/portable/raspberrypi/rp2040/rp2040_usb.c.obj
                0x200007d8                hw_endpoint_xfer_continue
 .time_critical.tinyusb
                0x20000828      0x2c8 CMakeFiles/secure_iot.dir/C_/Users/panda/.pico-sdk/sdk/2.2.0/lib/tinyusb/src/device/usbd.c.obj
                0x20000828                dcd_event_handler
 *(.text*)
 .text.__udivdi3
                0x20000af0      0x36e C:/riscv/xpack-riscv-none-elf-gcc-15.2.0-1/bin/../lib/gcc/riscv-none-elf/15.2.0\libgcc.a(_udivdi3.o)
                0x20000af0                __udivdi3
 .text.__umoddi3
                0x20000e5e      0x3ba C:/riscv/xpack-riscv-none-elf-gcc-15.2.0-1/bin/../lib/gcc/riscv-none-elf/15.2.0\libgcc.a(_umoddi3.o)
                0x20000e5e                __umoddi3
 .text.__adddf3
                0x20001218      0x900 C:/riscv/xpack-riscv-none-elf-gcc-15.2.0-1/bin/../lib/gcc/riscv-none-elf/15.2.0\libgcc.a(adddf3.o)
                0x20001218                __adddf3
 .text.__divdf3
                0x20001b18      0x692 C:/riscv/xpack-riscv-none-elf-gcc-15.2.0-1/bin/../lib/gcc/riscv-none-elf/15.2.0\libgcc.a(divdf3.o)
                0x20001b18                __divdf3
 .text.__gedf2  0x200021aa       0xd8 C:/riscv/xpack-riscv-none-elf-gcc-15.2.0-1/bin/../lib/gcc/riscv-none-elf/15.2.0\libgcc.a(gedf2.o)
                0x200021aa                __gedf2
                0x200021aa                __gtdf2
 .text.__ledf2  0x20002282       0xde C:/riscv/xpack-riscv-none-elf-gcc-15.2.0-1/bin/../lib/gcc/riscv-none-elf/15.2.0\libgcc.a(ledf2.o)
                0x20002282                __ledf2
                0x20002282                __ltdf2
 .text.__muldf3
                0x20002360      0x5a4 C:/riscv/xpack-riscv-none-elf-gcc-15.2.0-1/bin/../lib/gcc/riscv-none-elf/15.2.0\libgcc.a(muldf3.o)
                0x20002360                __muldf3
 .text.__subdf3
                0x20002904      0x92a C:/riscv/xpack-riscv-none-elf-gcc-15.2.0-1/bin/../lib/gcc/riscv-none-elf/15.2.0\libgcc.a(subdf3.o)
                0x20002904                __subdf3
 .text.__unorddf2
                0x2000322e       0x3c C:/riscv/xpack-riscv-none-elf-gcc-15.2.0-1/bin/../lib/gcc/riscv-none-elf/15.2.0\libgcc.a(unorddf2.o)
                0x2000322e                __unorddf2
 .text.__fixdfsi
                0x2000326a       0x62 C:/riscv/xpack-riscv-none-elf-gcc-15.2.0-1/bin/../lib/gcc/riscv-none-elf/15.2.0\libgcc.a(fixdfsi.o)
                0x2000326a                __fixdfsi
 .text.__fixunsdfsi
                0x200032cc       0x56 C:/riscv/xpack-riscv-none-elf-gcc-15.2.0-1/bin/../lib/gcc/riscv-none-elf/15.2.0\libgcc.a(fixunsdfsi.o)
                0x200032cc                __fixunsdfsi
 .text.__floatsidf
                0x20003322       0x88 C:/riscv/xpack-riscv-none-elf-gcc-15.2.0-1/bin/../lib/gcc/riscv-none-elf/15.2.0\libgcc.a(floatsidf.o)
                0x20003322                __floatsidf
 .text.__floatunsidf
                0x200033aa       0x64 C:/riscv/xpack-riscv-none-elf-gcc-15.2.0-1/bin/../lib/gcc/riscv-none-elf/15.2.0\libgcc.a(floatunsidf.o)
                0x200033aa                __floatunsidf
 .text.__clzsi2
                0x2000340e       0x6e C:/riscv/xpack-riscv-none-elf-gcc-15.2.0-1/bin/../lib/gcc/riscv-none-elf/15.2.0\libgcc.a(_clzsi2.o)
                0x2000340e                __clzsi2
                0x2000347c                        . = ALIGN (0x4)
 *fill*         0x2000347c        0x0 
 *(.rodata*)
 .rodata.__divdf3
                0x2000347c       0x40 C:/riscv/xpack-riscv-none-elf-gcc-15.2.0-1/bin/../lib/gcc/riscv-none-elf/15.2.0\libgcc.a(divdf3.o)
 .rodata.__clz_tab
                0x200034bc      0x100 C:/riscv/xpack-riscv-none-elf-gcc-15.2.0-1/bin/../lib/gcc/riscv-none-elf/15.2.0\libgcc.a(_clz.o)
                0x200034bc                __clz_tab
                0x200035bc                        . = ALIGN (0x4)
 *(.data*)
 .data.SECRET_KEY
                0x200035bc       0x10 CMakeFiles/secure_iot.dir/main.c.obj
                0x200035bc                SECRET_KEY
 .data          0x200035cc       0x4a CMakeFiles/secure_iot.dir/C_/Users/panda/.pico-sdk/sdk/2.2.0/src/rp2_common/hardware_irq/irq_handler_chain.S.obj
                0x200035cc                irq_handler_chain_slots
                0x200035fc                irq_handler_chain_first_slot
                0x20003608                irq_handler_chain_remove_tail
 *fill*         0x20003616        0x2 
 .data.default_alarm_pool
                0x20003618       0x18 CMakeFiles/secure_iot.dir/C_/Users/panda/.pico-sdk/sdk/2.2.0/src/common/pico_time/time.c.obj
 *fill*         0x20003630       0x10 
 .data          0x20003640      0x1a8 CMakeFiles/secure_iot.dir/C_/Users/panda/.pico-sdk/sdk/2.2.0/src/rp2_common/pico_crt0/crt0_riscv.S.obj
                0x20003640                __VECTOR_TABLE
                0x20003640                __vectors
                0x2000366c                isr_riscv_machine_external_irq
                0x20003710                __soft_vector_table
                0x200037e0                isr_riscv_machine_timer
                0x200037e0                __default_isrs_start
                0x200037e0                isr_riscv_machine_exception
                0x200037e2                isr_riscv_machine_soft_irq
                0x200037e4                isr_irqIRQN
                0x200037e4                __unhandled_user_irq
                0x200037e4                unhandled_user_irq_num_in_a0
                0x200037e8                __default_isrs_end
 .data.stdio_usb
                0x200037e8       0x18 CMakeFiles/secure_iot.dir/C_/Users/panda/.pico-sdk/sdk/2.2.0/src/rp2_common/pico_stdio_usb/stdio_usb.c.obj
                0x200037e8                stdio_usb
 .data._usbd_qdef
                0x20003800       0x1c CMakeFiles/secure_iot.dir/C_/Users/panda/.pico-sdk/sdk/2.2.0/lib/tinyusb/src/device/usbd.c.obj
                0x20003800                _usbd_qdef
 *(.sdata*)
 .sdata.striped_spin_lock_num
                0x2000381c        0x1 CMakeFiles/secure_iot.dir/C_/Users/panda/.pico-sdk/sdk/2.2.0/src/rp2_common/hardware_sync/sync.c.obj
 .sdata._usbd_rhport
                0x2000381d        0x1 CMakeFiles/secure_iot.dir/C_/Users/panda/.pico-sdk/sdk/2.2.0/lib/tinyusb/src/device/usbd.c.obj
 *fill*         0x2000381e        0x2 
 .sdata.__atexit_recursive_mutex